# tracer: function
#
# entries-in-buffer/entries-written: 1554/1554   #P:4
#
#                                _-----=> irqs-off/BH-disabled
#                               / _----=> need-resched
#                              | / _---=> hardirq/softirq
#                              || / _--=> preempt-depth
#                              ||| / _-=> migrate-disable
#                              |||| /     delay
#           TASK-PID     CPU#  |||||  TIMESTAMP  FUNCTION
#              | |         |   |||||     |         |
          <idle>-0       [001] dNh2.  3712.515317: sched_wakeup: comm=kworker/u16:2 pid=43 prio=120 target_cpu=001
          <idle>-0       [001] d..2.  3712.515411: sched_switch: prev_comm=swapper/1 prev_pid=0 prev_prio=120 prev_state=R ==> next_comm=kworker/u16:2 next_pid=43 next_prio=120
   kworker/u16:2-43      [001] d..2.  3712.515570: sched_switch: prev_comm=kworker/u16:2 prev_pid=43 prev_prio=120 prev_state=I ==> next_comm=swapper/1 next_pid=0 next_prio=120
          <idle>-0       [002] dNh2.  3712.515755: sched_wakeup: comm=sshd-session pid=547 prio=120 target_cpu=002
          <idle>-0       [002] d..2.  3712.515809: sched_switch: prev_comm=swapper/2 prev_pid=0 prev_prio=120 prev_state=R ==> next_comm=sshd-session next_pid=547 next_prio=120
    sshd-session-547     [002] d..2.  3712.516475: sched_switch: prev_comm=sshd-session prev_pid=547 prev_prio=120 prev_state=S ==> next_comm=swapper/2 next_pid=0 next_prio=120
             exe-566     [003] .....  3712.516488: do_exit+0x4/0xb20 <-do_group_exit+0x30/0x80
             exe-566     [003] .....  3712.516581: <stack trace>
 => [FTRACE TRAMPOLINE]
 => do_exit+0x9/0xb20
 => do_group_exit+0x30/0x80
 => __x64_sys_exit_group+0x18/0x20
 => x64_sys_call+0xf6f/0x18a0
 => do_syscall_64+0xb2/0x1d0
 => entry_SYSCALL_64_after_hwframe+0x77/0x7f
          <idle>-0       [002] dNh2.  3712.518086: sched_wakeup: comm=rcu_preempt pid=17 prio=120 target_cpu=002
          <idle>-0       [002] d..2.  3712.518126: sched_switch: prev_comm=swapper/2 prev_pid=0 prev_prio=120 prev_state=R ==> next_comm=rcu_preempt next_pid=17 next_prio=120
             exe-566     [003] .....  3712.518138: sched_process_exit: comm=exe pid=566 prio=120
     rcu_preempt-17      [002] d..2.  3712.518163: sched_switch: prev_comm=rcu_preempt prev_pid=17 prev_prio=120 prev_state=I ==> next_comm=swapper/2 next_pid=0 next_prio=120
          <idle>-0       [001] dNh2.  3712.518287: sched_wakeup: comm=exe pid=552 prio=120 target_cpu=001
             exe-566     [003] d..2.  3712.518312: sched_switch: prev_comm=exe prev_pid=566 prev_prio=120 prev_state=Z ==> next_comm=swapper/3 next_pid=0 next_prio=120
          <idle>-0       [001] d..2.  3712.518323: sched_switch: prev_comm=swapper/1 prev_pid=0 prev_prio=120 prev_state=R ==> next_comm=exe next_pid=552 next_prio=120
             exe-552     [001] .....  3712.519129: do_exit+0x4/0xb20 <-do_group_exit+0x30/0x80
             exe-552     [001] .....  3712.519169: <stack trace>
 => [FTRACE TRAMPOLINE]
 => do_exit+0x9/0xb20
 => do_group_exit+0x30/0x80
 => __x64_sys_exit_group+0x18/0x20
 => x64_sys_call+0xf6f/0x18a0
 => do_syscall_64+0xb2/0x1d0
 => entry_SYSCALL_64_after_hwframe+0x77/0x7f
             exe-552     [001] .....  3712.519606: sched_process_exit: comm=exe pid=552 prio=120
          <idle>-0       [000] dNh2.  3712.519758: sched_wakeup: comm=sh pid=548 prio=120 target_cpu=000
             exe-552     [001] d..2.  3712.519775: sched_switch: prev_comm=exe prev_pid=552 prev_prio=120 prev_state=Z ==> next_comm=swapper/1 next_pid=0 next_prio=120
          <idle>-0       [000] d..2.  3712.519794: sched_switch: prev_comm=swapper/0 prev_pid=0 prev_prio=120 prev_state=R ==> next_comm=sh next_pid=548 next_prio=120
          <idle>-0       [001] dNh2.  3712.520483: sched_wakeup: comm=kworker/u16:2 pid=43 prio=120 target_cpu=001
          <idle>-0       [001] d..2.  3712.520500: sched_switch: prev_comm=swapper/1 prev_pid=0 prev_prio=120 prev_state=R ==> next_comm=kworker/u16:2 next_pid=43 next_prio=120
              sh-548     [000] d..2.  3712.520536: sched_switch: prev_comm=sh prev_pid=548 prev_prio=120 prev_state=S ==> next_comm=swapper/0 next_pid=0 next_prio=120
   kworker/u16:2-43      [001] d..2.  3712.520584: sched_switch: prev_comm=kworker/u16:2 prev_pid=43 prev_prio=120 prev_state=I ==> next_comm=swapper/1 next_pid=0 next_prio=120
          <idle>-0       [002] dNh2.  3712.520650: sched_wakeup: comm=sshd-session pid=547 prio=120 target_cpu=002
          <idle>-0       [002] d..2.  3712.520699: sched_switch: prev_comm=swapper/2 prev_pid=0 prev_prio=120 prev_state=R ==> next_comm=sshd-session next_pid=547 next_prio=120
    sshd-session-547     [002] d..2.  3712.521470: sched_switch: prev_comm=sshd-session prev_pid=547 prev_prio=120 prev_state=S ==> next_comm=swapper/2 next_pid=0 next_prio=120
          <idle>-0       [002] dNs4.  3712.523022: sched_wakeup: comm=rcu_preempt pid=17 prio=120 target_cpu=002
          <idle>-0       [002] d..2.  3712.523040: sched_switch: prev_comm=swapper/2 prev_pid=0 prev_prio=120 prev_state=R ==> next_comm=rcu_preempt next_pid=17 next_prio=120
     rcu_preempt-17      [002] d..2.  3712.523080: sched_switch: prev_comm=rcu_preempt prev_pid=17 prev_prio=120 prev_state=I ==> next_comm=swapper/2 next_pid=0 next_prio=120
          <idle>-0       [002] dNh2.  3712.526897: sched_wakeup: comm=rcu_preempt pid=17 prio=120 target_cpu=002
          <idle>-0       [002] d..2.  3712.526944: sched_switch: prev_comm=swapper/2 prev_pid=0 prev_prio=120 prev_state=R ==> next_comm=rcu_preempt next_pid=17 next_prio=120
     rcu_preempt-17      [002] d..2.  3712.526971: sched_switch: prev_comm=rcu_preempt prev_pid=17 prev_prio=120 prev_state=I ==> next_comm=swapper/2 next_pid=0 next_prio=120
          <idle>-0       [002] dNh2.  3712.530993: sched_wakeup: comm=rcu_preempt pid=17 prio=120 target_cpu=002
          <idle>-0       [002] d..2.  3712.531043: sched_switch: prev_comm=swapper/2 prev_pid=0 prev_prio=120 prev_state=R ==> next_comm=rcu_preempt next_pid=17 next_prio=120
     rcu_preempt-17      [002] d..2.  3712.531103: sched_switch: prev_comm=rcu_preempt prev_pid=17 prev_prio=120 prev_state=I ==> next_comm=swapper/2 next_pid=0 next_prio=120
          <idle>-0       [002] dNh2.  3712.532960: sched_wakeup: comm=rcu_preempt pid=17 prio=120 target_cpu=002
          <idle>-0       [002] d..2.  3712.532999: sched_switch: prev_comm=swapper/2 prev_pid=0 prev_prio=120 prev_state=R ==> next_comm=rcu_preempt next_pid=17 next_prio=120
     rcu_preempt-17      [002] d..2.  3712.533031: sched_switch: prev_comm=rcu_preempt prev_pid=17 prev_prio=120 prev_state=I ==> next_comm=swapper/2 next_pid=0 next_prio=120
          <idle>-0       [002] dNh2.  3712.537153: sched_wakeup: comm=rcu_preempt pid=17 prio=120 target_cpu=002
          <idle>-0       [002] d..2.  3712.537215: sched_switch: prev_comm=swapper/2 prev_pid=0 prev_prio=120 prev_state=R ==> next_comm=rcu_preempt next_pid=17 next_prio=120
     rcu_preempt-17      [002] d..2.  3712.537258: sched_switch: prev_comm=rcu_preempt prev_pid=17 prev_prio=120 prev_state=I ==> next_comm=swapper/2 next_pid=0 next_prio=120
          <idle>-0       [002] dNh2.  3712.541086: sched_wakeup: comm=rcu_preempt pid=17 prio=120 target_cpu=002
          <idle>-0       [002] d..2.  3712.541145: sched_switch: prev_comm=swapper/2 prev_pid=0 prev_prio=120 prev_state=R ==> next_comm=rcu_preempt next_pid=17 next_prio=120
     rcu_preempt-17      [002] d..2.  3712.541200: sched_switch: prev_comm=rcu_preempt prev_pid=17 prev_prio=120 prev_state=I ==> next_comm=swapper/2 next_pid=0 next_prio=120
          <idle>-0       [000] dNs4.  3712.656316: sched_wakeup: comm=kcompactd0 pid=44 prio=120 target_cpu=000
          <idle>-0       [000] dNs5.  3712.656378: sched_wakeup: comm=kworker/0:1 pid=9 prio=120 target_cpu=000
          <idle>-0       [000] d..2.  3712.656542: sched_switch: prev_comm=swapper/0 prev_pid=0 prev_prio=120 prev_state=R ==> next_comm=kcompactd0 next_pid=44 next_prio=120
      kcompactd0-44      [000] d..2.  3712.656610: sched_switch: prev_comm=kcompactd0 prev_pid=44 prev_prio=120 prev_state=S ==> next_comm=kworker/0:1 next_pid=9 next_prio=120
     kworker/0:1-9       [000] d..2.  3712.656762: sched_switch: prev_comm=kworker/0:1 prev_pid=9 prev_prio=120 prev_state=I ==> next_comm=swapper/0 next_pid=0 next_prio=120
          <idle>-0       [001] dNh2.  3712.656806: sched_wakeup: comm=kworker/1:1 pid=404 prio=120 target_cpu=001
          <idle>-0       [001] d..2.  3712.656859: sched_switch: prev_comm=swapper/1 prev_pid=0 prev_prio=120 prev_state=R ==> next_comm=kworker/1:1 next_pid=404 next_prio=120
     kworker/1:1-404     [001] d..2.  3712.656956: sched_switch: prev_comm=kworker/1:1 prev_pid=404 prev_prio=120 prev_state=I ==> next_comm=swapper/1 next_pid=0 next_prio=120
          <idle>-0       [003] dNs5.  3712.968883: sched_wakeup: comm=kworker/3:2 pid=401 prio=120 target_cpu=003
          <idle>-0       [003] d..2.  3712.969304: sched_switch: prev_comm=swapper/3 prev_pid=0 prev_prio=120 prev_state=R ==> next_comm=kworker/3:2 next_pid=401 next_prio=120
     kworker/3:2-401     [003] d..2.  3712.970069: sched_switch: prev_comm=kworker/3:2 prev_pid=401 prev_prio=120 prev_state=I ==> next_comm=swapper/3 next_pid=0 next_prio=120
          <idle>-0       [002] dNh2.  3713.038769: sched_wakeup: comm=sshd-session pid=547 prio=120 target_cpu=002
          <idle>-0       [002] d..2.  3713.038833: sched_switch: prev_comm=swapper/2 prev_pid=0 prev_prio=120 prev_state=R ==> next_comm=sshd-session next_pid=547 next_prio=120
          <idle>-0       [001] dNh2.  3713.039163: sched_wakeup: comm=kworker/u16:2 pid=43 prio=120 target_cpu=001
    sshd-session-547     [002] d..2.  3713.039205: sched_switch: prev_comm=sshd-session prev_pid=547 prev_prio=120 prev_state=S ==> next_comm=swapper/2 next_pid=0 next_prio=120
          <idle>-0       [001] d..2.  3713.039216: sched_switch: prev_comm=swapper/1 prev_pid=0 prev_prio=120 prev_state=R ==> next_comm=kworker/u16:2 next_pid=43 next_prio=120
          <idle>-0       [000] dNh2.  3713.039346: sched_wakeup: comm=sh pid=548 prio=120 target_cpu=000
   kworker/u16:2-43      [001] d..2.  3713.039486: sched_switch: prev_comm=kworker/u16:2 prev_pid=43 prev_prio=120 prev_state=I ==> next_comm=swapper/1 next_pid=0 next_prio=120
          <idle>-0       [000] d..2.  3713.039519: sched_switch: prev_comm=swapper/0 prev_pid=0 prev_prio=120 prev_state=R ==> next_comm=sh next_pid=548 next_prio=120
          <idle>-0       [001] dNh2.  3713.039635: sched_wakeup: comm=kworker/u16:2 pid=43 prio=120 target_cpu=001
          <idle>-0       [001] d..2.  3713.039659: sched_switch: prev_comm=swapper/1 prev_pid=0 prev_prio=120 prev_state=R ==> next_comm=kworker/u16:2 next_pid=43 next_prio=120
   kworker/u16:2-43      [001] d..2.  3713.039697: sched_switch: prev_comm=kworker/u16:2 prev_pid=43 prev_prio=120 prev_state=I ==> next_comm=swapper/1 next_pid=0 next_prio=120
          <idle>-0       [002] dNh2.  3713.039709: sched_wakeup: comm=sshd-session pid=547 prio=120 target_cpu=002
          <idle>-0       [002] d..2.  3713.039743: sched_switch: prev_comm=swapper/2 prev_pid=0 prev_prio=120 prev_state=R ==> next_comm=sshd-session next_pid=547 next_prio=120
          <idle>-0       [001] dNh2.  3713.039805: sched_wakeup: comm=kworker/u16:2 pid=43 prio=120 target_cpu=001
          <idle>-0       [001] d..2.  3713.039837: sched_switch: prev_comm=swapper/1 prev_pid=0 prev_prio=120 prev_state=R ==> next_comm=kworker/u16:2 next_pid=43 next_prio=120
   kworker/u16:2-43      [001] d..2.  3713.039855: sched_switch: prev_comm=kworker/u16:2 prev_pid=43 prev_prio=120 prev_state=I ==> next_comm=swapper/1 next_pid=0 next_prio=120
    sshd-session-547     [002] d.s4.  3713.040008: sched_wakeup: comm=kworker/2:2 pid=260 prio=120 target_cpu=002
              sh-548     [000] d..2.  3713.040075: sched_switch: prev_comm=sh prev_pid=548 prev_prio=120 prev_state=S ==> next_comm=swapper/0 next_pid=0 next_prio=120
    sshd-session-547     [002] d..2.  3713.040388: sched_switch: prev_comm=sshd-session prev_pid=547 prev_prio=120 prev_state=S ==> next_comm=kworker/2:2 next_pid=260 next_prio=120
     kworker/2:2-260     [002] d..2.  3713.040442: sched_switch: prev_comm=kworker/2:2 prev_pid=260 prev_prio=120 prev_state=I ==> next_comm=swapper/2 next_pid=0 next_prio=120
          <idle>-0       [000] dNh2.  3713.161269: sched_wakeup: comm=kcompactd0 pid=44 prio=120 target_cpu=000
          <idle>-0       [000] d..2.  3713.161492: sched_switch: prev_comm=swapper/0 prev_pid=0 prev_prio=120 prev_state=R ==> next_comm=kcompactd0 next_pid=44 next_prio=120
      kcompactd0-44      [000] d..2.  3713.161740: sched_switch: prev_comm=kcompactd0 prev_pid=44 prev_prio=120 prev_state=S ==> next_comm=swapper/0 next_pid=0 next_prio=120
          <idle>-0       [002] dNh2.  3713.228558: sched_wakeup: comm=sshd-session pid=547 prio=120 target_cpu=002
          <idle>-0       [002] d..2.  3713.228620: sched_switch: prev_comm=swapper/2 prev_pid=0 prev_prio=120 prev_state=R ==> next_comm=sshd-session next_pid=547 next_prio=120
    sshd-session-547     [002] d..2.  3713.229028: sched_switch: prev_comm=sshd-session prev_pid=547 prev_prio=120 prev_state=S ==> next_comm=swapper/2 next_pid=0 next_prio=120
          <idle>-0       [001] dNh2.  3713.229095: sched_wakeup: comm=kworker/u16:2 pid=43 prio=120 target_cpu=001
          <idle>-0       [001] d..2.  3713.229115: sched_switch: prev_comm=swapper/1 prev_pid=0 prev_prio=120 prev_state=R ==> next_comm=kworker/u16:2 next_pid=43 next_prio=120
          <idle>-0       [000] dNh2.  3713.229172: sched_wakeup: comm=sh pid=548 prio=120 target_cpu=000
   kworker/u16:2-43      [001] d..2.  3713.229184: sched_switch: prev_comm=kworker/u16:2 prev_pid=43 prev_prio=120 prev_state=I ==> next_comm=swapper/1 next_pid=0 next_prio=120
          <idle>-0       [000] d..2.  3713.229195: sched_switch: prev_comm=swapper/0 prev_pid=0 prev_prio=120 prev_state=R ==> next_comm=sh next_pid=548 next_prio=120
          <idle>-0       [001] dNh2.  3713.229291: sched_wakeup: comm=kworker/u16:2 pid=43 prio=120 target_cpu=001
          <idle>-0       [001] d..2.  3713.229300: sched_switch: prev_comm=swapper/1 prev_pid=0 prev_prio=120 prev_state=R ==> next_comm=kworker/u16:2 next_pid=43 next_prio=120
   kworker/u16:2-43      [001] d..2.  3713.229331: sched_switch: prev_comm=kworker/u16:2 prev_pid=43 prev_prio=120 prev_state=I ==> next_comm=swapper/1 next_pid=0 next_prio=120
          <idle>-0       [002] dNh2.  3713.229403: sched_wakeup: comm=sshd-session pid=547 prio=120 target_cpu=002
          <idle>-0       [002] d..2.  3713.229447: sched_switch: prev_comm=swapper/2 prev_pid=0 prev_prio=120 prev_state=R ==> next_comm=sshd-session next_pid=547 next_prio=120
          <idle>-0       [001] dNh2.  3713.229491: sched_wakeup: comm=kworker/u16:2 pid=43 prio=120 target_cpu=001
          <idle>-0       [001] d..2.  3713.229500: sched_switch: prev_comm=swapper/1 prev_pid=0 prev_prio=120 prev_state=R ==> next_comm=kworker/u16:2 next_pid=43 next_prio=120
   kworker/u16:2-43      [001] d..2.  3713.229515: sched_switch: prev_comm=kworker/u16:2 prev_pid=43 prev_prio=120 prev_state=I ==> next_comm=swapper/1 next_pid=0 next_prio=120
              sh-548     [000] d..2.  3713.229668: sched_switch: prev_comm=sh prev_pid=548 prev_prio=120 prev_state=S ==> next_comm=swapper/0 next_pid=0 next_prio=120
    sshd-session-547     [002] d..2.  3713.229883: sched_switch: prev_comm=sshd-session prev_pid=547 prev_prio=120 prev_state=S ==> next_comm=swapper/2 next_pid=0 next_prio=120
          <idle>-0       [002] dNh2.  3713.388248: sched_wakeup: comm=sshd-session pid=547 prio=120 target_cpu=002
          <idle>-0       [002] d..2.  3713.388321: sched_switch: prev_comm=swapper/2 prev_pid=0 prev_prio=120 prev_state=R ==> next_comm=sshd-session next_pid=547 next_prio=120
    sshd-session-547     [002] d..2.  3713.388646: sched_switch: prev_comm=sshd-session prev_pid=547 prev_prio=120 prev_state=S ==> next_comm=swapper/2 next_pid=0 next_prio=120
          <idle>-0       [001] dNh2.  3713.388678: sched_wakeup: comm=kworker/u16:2 pid=43 prio=120 target_cpu=001
          <idle>-0       [001] d..2.  3713.388701: sched_switch: prev_comm=swapper/1 prev_pid=0 prev_prio=120 prev_state=R ==> next_comm=kworker/u16:2 next_pid=43 next_prio=120
          <idle>-0       [000] dNh2.  3713.388802: sched_wakeup: comm=sh pid=548 prio=120 target_cpu=000
          <idle>-0       [000] d..2.  3713.388849: sched_switch: prev_comm=swapper/0 prev_pid=0 prev_prio=120 prev_state=R ==> next_comm=sh next_pid=548 next_prio=120
   kworker/u16:2-43      [001] d..2.  3713.388944: sched_switch: prev_comm=kworker/u16:2 prev_pid=43 prev_prio=120 prev_state=I ==> next_comm=swapper/1 next_pid=0 next_prio=120
          <idle>-0       [001] dNH2.  3713.389022: sched_wakeup: comm=kworker/u16:2 pid=43 prio=120 target_cpu=001
          <idle>-0       [001] d..2.  3713.389050: sched_switch: prev_comm=swapper/1 prev_pid=0 prev_prio=120 prev_state=R ==> next_comm=kworker/u16:2 next_pid=43 next_prio=120
   kworker/u16:2-43      [001] d..2.  3713.389090: sched_switch: prev_comm=kworker/u16:2 prev_pid=43 prev_prio=120 prev_state=I ==> next_comm=swapper/1 next_pid=0 next_prio=120
          <idle>-0       [002] dNh2.  3713.389095: sched_wakeup: comm=sshd-session pid=547 prio=120 target_cpu=002
          <idle>-0       [001] dN.2.  3713.389106: sched_wakeup: comm=kworker/u16:2 pid=43 prio=120 target_cpu=001
          <idle>-0       [001] d..2.  3713.389111: sched_switch: prev_comm=swapper/1 prev_pid=0 prev_prio=120 prev_state=R ==> next_comm=kworker/u16:2 next_pid=43 next_prio=120
          <idle>-0       [002] d..2.  3713.389115: sched_switch: prev_comm=swapper/2 prev_pid=0 prev_prio=120 prev_state=R ==> next_comm=sshd-session next_pid=547 next_prio=120
   kworker/u16:2-43      [001] d..2.  3713.389125: sched_switch: prev_comm=kworker/u16:2 prev_pid=43 prev_prio=120 prev_state=I ==> next_comm=swapper/1 next_pid=0 next_prio=120
              sh-548     [000] d..2.  3713.389155: sched_switch: prev_comm=sh prev_pid=548 prev_prio=120 prev_state=S ==> next_comm=swapper/0 next_pid=0 next_prio=120
    sshd-session-547     [002] d..2.  3713.389449: sched_switch: prev_comm=sshd-session prev_pid=547 prev_prio=120 prev_state=S ==> next_comm=swapper/2 next_pid=0 next_prio=120
          <idle>-0       [000] dNs4.  3713.665723: sched_wakeup: comm=kcompactd0 pid=44 prio=120 target_cpu=000
          <idle>-0       [000] d..2.  3713.666070: sched_switch: prev_comm=swapper/0 prev_pid=0 prev_prio=120 prev_state=R ==> next_comm=kcompactd0 next_pid=44 next_prio=120
      kcompactd0-44      [000] d..2.  3713.666385: sched_switch: prev_comm=kcompactd0 prev_pid=44 prev_prio=120 prev_state=S ==> next_comm=swapper/0 next_pid=0 next_prio=120
          <idle>-0       [001] dNs5.  3713.953879: sched_wakeup: comm=kworker/1:1 pid=404 prio=120 target_cpu=001
          <idle>-0       [001] d..2.  3713.954970: sched_switch: prev_comm=swapper/1 prev_pid=0 prev_prio=120 prev_state=R ==> next_comm=kworker/1:1 next_pid=404 next_prio=120
     kworker/1:1-404     [001] d..2.  3713.955231: sched_switch: prev_comm=kworker/1:1 prev_pid=404 prev_prio=120 prev_state=I ==> next_comm=swapper/1 next_pid=0 next_prio=120
          <idle>-0       [000] dNs4.  3714.168265: sched_wakeup: comm=kcompactd0 pid=44 prio=120 target_cpu=000
          <idle>-0       [000] dNs5.  3714.168299: sched_wakeup: comm=kworker/0:1 pid=9 prio=120 target_cpu=000
          <idle>-0       [000] d..2.  3714.168402: sched_switch: prev_comm=swapper/0 prev_pid=0 prev_prio=120 prev_state=R ==> next_comm=kworker/0:1 next_pid=9 next_prio=120
     kworker/0:1-9       [000] d..2.  3714.168465: sched_switch: prev_comm=kworker/0:1 prev_pid=9 prev_prio=120 prev_state=I ==> next_comm=kcompactd0 next_pid=44 next_prio=120
      kcompactd0-44      [000] d..2.  3714.168513: sched_switch: prev_comm=kcompactd0 prev_pid=44 prev_prio=120 prev_state=S ==> next_comm=swapper/0 next_pid=0 next_prio=120
          <idle>-0       [001] dNh2.  3714.411308: sched_wakeup: comm=kworker/u16:2 pid=43 prio=120 target_cpu=001
          <idle>-0       [001] d..2.  3714.411373: sched_switch: prev_comm=swapper/1 prev_pid=0 prev_prio=120 prev_state=R ==> next_comm=kworker/u16:2 next_pid=43 next_prio=120
   kworker/u16:2-43      [001] d..6.  3714.411431: sched_wakeup: comm=kworker/1:1 pid=404 prio=120 target_cpu=001
   kworker/u16:2-43      [001] d..2.  3714.411509: sched_switch: prev_comm=kworker/u16:2 prev_pid=43 prev_prio=120 prev_state=I ==> next_comm=kworker/1:1 next_pid=404 next_prio=120
          <idle>-0       [000] dNh2.  3714.411536: sched_wakeup: comm=sh pid=148 prio=120 target_cpu=000
          <idle>-0       [000] d..2.  3714.411586: sched_switch: prev_comm=swapper/0 prev_pid=0 prev_prio=120 prev_state=R ==> next_comm=sh next_pid=148 next_prio=120
     kworker/1:1-404     [001] d..2.  3714.411608: sched_switch: prev_comm=kworker/1:1 prev_pid=404 prev_prio=120 prev_state=I ==> next_comm=swapper/1 next_pid=0 next_prio=120
          <idle>-0       [003] dNs5.  3714.411942: sched_wakeup: comm=kworker/3:2 pid=401 prio=120 target_cpu=003
          <idle>-0       [003] d..2.  3714.412095: sched_switch: prev_comm=swapper/3 prev_pid=0 prev_prio=120 prev_state=R ==> next_comm=kworker/3:2 next_pid=401 next_prio=120
     kworker/3:2-401     [003] d..2.  3714.412157: sched_switch: prev_comm=kworker/3:2 prev_pid=401 prev_prio=120 prev_state=I ==> next_comm=swapper/3 next_pid=0 next_prio=120
              sh-148     [000] d..2.  3714.412472: sched_switch: prev_comm=sh prev_pid=148 prev_prio=120 prev_state=S ==> next_comm=swapper/0 next_pid=0 next_prio=120
          <idle>-0       [002] dNs5.  3714.448743: sched_wakeup: comm=kworker/2:2 pid=260 prio=120 target_cpu=002
          <idle>-0       [002] d..2.  3714.448927: sched_switch: prev_comm=swapper/2 prev_pid=0 prev_prio=120 prev_state=R ==> next_comm=kworker/2:2 next_pid=260 next_prio=120
     kworker/2:2-260     [002] d..2.  3714.449126: sched_switch: prev_comm=kworker/2:2 prev_pid=260 prev_prio=120 prev_state=I ==> next_comm=swapper/2 next_pid=0 next_prio=120
          <idle>-0       [001] dNh2.  3714.586288: sched_wakeup: comm=kworker/u16:2 pid=43 prio=120 target_cpu=001
          <idle>-0       [001] d..2.  3714.586356: sched_switch: prev_comm=swapper/1 prev_pid=0 prev_prio=120 prev_state=R ==> next_comm=kworker/u16:2 next_pid=43 next_prio=120
   kworker/u16:2-43      [001] d..2.  3714.586552: sched_switch: prev_comm=kworker/u16:2 prev_pid=43 prev_prio=120 prev_state=I ==> next_comm=swapper/1 next_pid=0 next_prio=120
          <idle>-0       [000] dNh2.  3714.586578: sched_wakeup: comm=sh pid=148 prio=120 target_cpu=000
          <idle>-0       [000] d..2.  3714.586648: sched_switch: prev_comm=swapper/0 prev_pid=0 prev_prio=120 prev_state=R ==> next_comm=sh next_pid=148 next_prio=120
              sh-148     [000] d..2.  3714.587038: sched_switch: prev_comm=sh prev_pid=148 prev_prio=120 prev_state=S ==> next_comm=swapper/0 next_pid=0 next_prio=120
          <idle>-0       [000] dNs4.  3714.673127: sched_wakeup: comm=kcompactd0 pid=44 prio=120 target_cpu=000
          <idle>-0       [000] d..2.  3714.673908: sched_switch: prev_comm=swapper/0 prev_pid=0 prev_prio=120 prev_state=R ==> next_comm=kcompactd0 next_pid=44 next_prio=120
      kcompactd0-44      [000] d..2.  3714.674061: sched_switch: prev_comm=kcompactd0 prev_pid=44 prev_prio=120 prev_state=S ==> next_comm=swapper/0 next_pid=0 next_prio=120
          <idle>-0       [001] dNh2.  3714.740968: sched_wakeup: comm=kworker/u16:2 pid=43 prio=120 target_cpu=001
          <idle>-0       [001] d..2.  3714.741025: sched_switch: prev_comm=swapper/1 prev_pid=0 prev_prio=120 prev_state=R ==> next_comm=kworker/u16:2 next_pid=43 next_prio=120
          <idle>-0       [000] dNh2.  3714.741112: sched_wakeup: comm=sh pid=148 prio=120 target_cpu=000
   kworker/u16:2-43      [001] d..2.  3714.741113: sched_switch: prev_comm=kworker/u16:2 prev_pid=43 prev_prio=120 prev_state=I ==> next_comm=swapper/1 next_pid=0 next_prio=120
          <idle>-0       [000] d..2.  3714.741158: sched_switch: prev_comm=swapper/0 prev_pid=0 prev_prio=120 prev_state=R ==> next_comm=sh next_pid=148 next_prio=120
              sh-148     [000] d..2.  3714.741312: sched_switch: prev_comm=sh prev_pid=148 prev_prio=120 prev_state=S ==> next_comm=swapper/0 next_pid=0 next_prio=120
          <idle>-0       [001] dNh2.  3714.892104: sched_wakeup: comm=kworker/u16:2 pid=43 prio=120 target_cpu=001
          <idle>-0       [001] d..2.  3714.892154: sched_switch: prev_comm=swapper/1 prev_pid=0 prev_prio=120 prev_state=R ==> next_comm=kworker/u16:2 next_pid=43 next_prio=120
   kworker/u16:2-43      [001] d..2.  3714.892246: sched_switch: prev_comm=kworker/u16:2 prev_pid=43 prev_prio=120 prev_state=I ==> next_comm=swapper/1 next_pid=0 next_prio=120
          <idle>-0       [000] dNh2.  3714.892261: sched_wakeup: comm=sh pid=148 prio=120 target_cpu=000
          <idle>-0       [000] d..2.  3714.892310: sched_switch: prev_comm=swapper/0 prev_pid=0 prev_prio=120 prev_state=R ==> next_comm=sh next_pid=148 next_prio=120
              sh-148     [000] d..2.  3714.892461: sched_switch: prev_comm=sh prev_pid=148 prev_prio=120 prev_state=S ==> next_comm=swapper/0 next_pid=0 next_prio=120
          <idle>-0       [000] dns5.  3714.953148: sched_wakeup: comm=kworker/0:1 pid=9 prio=120 target_cpu=000
          <idle>-0       [000] d..2.  3714.953391: sched_switch: prev_comm=swapper/0 prev_pid=0 prev_prio=120 prev_state=R ==> next_comm=kworker/0:1 next_pid=9 next_prio=120
     kworker/0:1-9       [000] d..2.  3714.953450: sched_switch: prev_comm=kworker/0:1 prev_pid=9 prev_prio=120 prev_state=I ==> next_comm=swapper/0 next_pid=0 next_prio=120
          <idle>-0       [001] dNh2.  3714.991636: sched_wakeup: comm=kworker/u16:2 pid=43 prio=120 target_cpu=001
          <idle>-0       [001] d..2.  3714.991715: sched_switch: prev_comm=swapper/1 prev_pid=0 prev_prio=120 prev_state=R ==> next_comm=kworker/u16:2 next_pid=43 next_prio=120
   kworker/u16:2-43      [001] d..2.  3714.991866: sched_switch: prev_comm=kworker/u16:2 prev_pid=43 prev_prio=120 prev_state=I ==> next_comm=swapper/1 next_pid=0 next_prio=120
          <idle>-0       [000] dNh2.  3714.991873: sched_wakeup: comm=sh pid=148 prio=120 target_cpu=000
          <idle>-0       [000] d..2.  3714.992035: sched_switch: prev_comm=swapper/0 prev_pid=0 prev_prio=120 prev_state=R ==> next_comm=sh next_pid=148 next_prio=120
              sh-148     [000] d..2.  3714.992356: sched_switch: prev_comm=sh prev_pid=148 prev_prio=120 prev_state=S ==> next_comm=swapper/0 next_pid=0 next_prio=120
          <idle>-0       [003] dNs5.  3715.016331: sched_wakeup: comm=kworker/3:2 pid=401 prio=120 target_cpu=003
          <idle>-0       [003] d..2.  3715.016449: sched_switch: prev_comm=swapper/3 prev_pid=0 prev_prio=120 prev_state=R ==> next_comm=kworker/3:2 next_pid=401 next_prio=120
     kworker/3:2-401     [003] d..2.  3715.016857: sched_switch: prev_comm=kworker/3:2 prev_pid=401 prev_prio=120 prev_state=I ==> next_comm=swapper/3 next_pid=0 next_prio=120
          <idle>-0       [001] dNh2.  3715.104737: sched_wakeup: comm=kworker/u16:2 pid=43 prio=120 target_cpu=001
          <idle>-0       [001] d..2.  3715.104914: sched_switch: prev_comm=swapper/1 prev_pid=0 prev_prio=120 prev_state=R ==> next_comm=kworker/u16:2 next_pid=43 next_prio=120
   kworker/u16:2-43      [001] d..2.  3715.105289: sched_switch: prev_comm=kworker/u16:2 prev_pid=43 prev_prio=120 prev_state=I ==> next_comm=swapper/1 next_pid=0 next_prio=120
          <idle>-0       [000] dNh2.  3715.105361: sched_wakeup: comm=sh pid=148 prio=120 target_cpu=000
          <idle>-0       [000] d..2.  3715.105544: sched_switch: prev_comm=swapper/0 prev_pid=0 prev_prio=120 prev_state=R ==> next_comm=sh next_pid=148 next_prio=120
              sh-148     [000] d..2.  3715.107264: sched_switch: prev_comm=sh prev_pid=148 prev_prio=120 prev_state=S ==> next_comm=swapper/0 next_pid=0 next_prio=120
          <idle>-0       [000] dNH2.  3715.176423: sched_wakeup: comm=kcompactd0 pid=44 prio=120 target_cpu=000
          <idle>-0       [000] d..2.  3715.176659: sched_switch: prev_comm=swapper/0 prev_pid=0 prev_prio=120 prev_state=R ==> next_comm=kcompactd0 next_pid=44 next_prio=120
      kcompactd0-44      [000] d..2.  3715.176965: sched_switch: prev_comm=kcompactd0 prev_pid=44 prev_prio=120 prev_state=S ==> next_comm=swapper/0 next_pid=0 next_prio=120
          <idle>-0       [001] dNH2.  3715.464660: sched_wakeup: comm=kworker/u16:2 pid=43 prio=120 target_cpu=001
          <idle>-0       [001] d..2.  3715.464929: sched_switch: prev_comm=swapper/1 prev_pid=0 prev_prio=120 prev_state=R ==> next_comm=kworker/u16:2 next_pid=43 next_prio=120
   kworker/u16:2-43      [001] d..2.  3715.465786: sched_switch: prev_comm=kworker/u16:2 prev_pid=43 prev_prio=120 prev_state=I ==> next_comm=swapper/1 next_pid=0 next_prio=120
          <idle>-0       [001] dNh2.  3715.468813: sched_wakeup: comm=kworker/u16:2 pid=43 prio=120 target_cpu=001
          <idle>-0       [001] d..2.  3715.469373: sched_switch: prev_comm=swapper/1 prev_pid=0 prev_prio=120 prev_state=R ==> next_comm=kworker/u16:2 next_pid=43 next_prio=120
   kworker/u16:2-43      [001] d..2.  3715.469776: sched_switch: prev_comm=kworker/u16:2 prev_pid=43 prev_prio=120 prev_state=I ==> next_comm=swapper/1 next_pid=0 next_prio=120
          <idle>-0       [000] dNh2.  3715.469812: sched_wakeup: comm=sh pid=148 prio=120 target_cpu=000
          <idle>-0       [000] d..2.  3715.470480: sched_switch: prev_comm=swapper/0 prev_pid=0 prev_prio=120 prev_state=R ==> next_comm=sh next_pid=148 next_prio=120
              sh-148     [000] d..2.  3715.472460: sched_switch: prev_comm=sh prev_pid=148 prev_prio=120 prev_state=S ==> next_comm=swapper/0 next_pid=0 next_prio=120
          <idle>-0       [001] dNh2.  3715.629838: sched_wakeup: comm=kworker/u16:2 pid=43 prio=120 target_cpu=001
          <idle>-0       [001] d..2.  3715.630078: sched_switch: prev_comm=swapper/1 prev_pid=0 prev_prio=120 prev_state=R ==> next_comm=kworker/u16:2 next_pid=43 next_prio=120
   kworker/u16:2-43      [001] d..2.  3715.630430: sched_switch: prev_comm=kworker/u16:2 prev_pid=43 prev_prio=120 prev_state=I ==> next_comm=swapper/1 next_pid=0 next_prio=120
          <idle>-0       [000] dNh2.  3715.630543: sched_wakeup: comm=sh pid=148 prio=120 target_cpu=000
          <idle>-0       [000] d..2.  3715.631092: sched_switch: prev_comm=swapper/0 prev_pid=0 prev_prio=120 prev_state=R ==> next_comm=sh next_pid=148 next_prio=120
              sh-148     [000] d..2.  3715.632374: sched_switch: prev_comm=sh prev_pid=148 prev_prio=120 prev_state=S ==> next_comm=swapper/0 next_pid=0 next_prio=120
          <idle>-0       [000] dNH2.  3715.682545: sched_wakeup: comm=kcompactd0 pid=44 prio=120 target_cpu=000
          <idle>-0       [000] dNs5.  3715.682688: sched_wakeup: comm=kworker/0:1 pid=9 prio=120 target_cpu=000
          <idle>-0       [000] d..2.  3715.683088: sched_switch: prev_comm=swapper/0 prev_pid=0 prev_prio=120 prev_state=R ==> next_comm=kcompactd0 next_pid=44 next_prio=120
      kcompactd0-44      [000] d..2.  3715.683300: sched_switch: prev_comm=kcompactd0 prev_pid=44 prev_prio=120 prev_state=S ==> next_comm=kworker/0:1 next_pid=9 next_prio=120
     kworker/0:1-9       [000] d..2.  3715.683580: sched_switch: prev_comm=kworker/0:1 prev_pid=9 prev_prio=120 prev_state=I ==> next_comm=swapper/0 next_pid=0 next_prio=120
          <idle>-0       [001] dNh2.  3715.780259: sched_wakeup: comm=kworker/u16:2 pid=43 prio=120 target_cpu=001
          <idle>-0       [001] d..2.  3715.780344: sched_switch: prev_comm=swapper/1 prev_pid=0 prev_prio=120 prev_state=R ==> next_comm=kworker/u16:2 next_pid=43 next_prio=120
   kworker/u16:2-43      [001] d..2.  3715.780489: sched_switch: prev_comm=kworker/u16:2 prev_pid=43 prev_prio=120 prev_state=I ==> next_comm=swapper/1 next_pid=0 next_prio=120
          <idle>-0       [000] dNh2.  3715.780504: sched_wakeup: comm=sh pid=148 prio=120 target_cpu=000
          <idle>-0       [000] d..2.  3715.780767: sched_switch: prev_comm=swapper/0 prev_pid=0 prev_prio=120 prev_state=R ==> next_comm=sh next_pid=148 next_prio=120
              sh-148     [000] d..2.  3715.781262: sched_switch: prev_comm=sh prev_pid=148 prev_prio=120 prev_state=S ==> next_comm=swapper/0 next_pid=0 next_prio=120
          <idle>-0       [001] dNh2.  3715.938090: sched_wakeup: comm=kworker/u16:2 pid=43 prio=120 target_cpu=001
          <idle>-0       [001] d..2.  3715.938315: sched_switch: prev_comm=swapper/1 prev_pid=0 prev_prio=120 prev_state=R ==> next_comm=kworker/u16:2 next_pid=43 next_prio=120
   kworker/u16:2-43      [001] d..2.  3715.938739: sched_switch: prev_comm=kworker/u16:2 prev_pid=43 prev_prio=120 prev_state=I ==> next_comm=swapper/1 next_pid=0 next_prio=120
          <idle>-0       [000] dNh2.  3715.938785: sched_wakeup: comm=sh pid=148 prio=120 target_cpu=000
          <idle>-0       [000] d..2.  3715.939140: sched_switch: prev_comm=swapper/0 prev_pid=0 prev_prio=120 prev_state=R ==> next_comm=sh next_pid=148 next_prio=120
              sh-148     [000] d..2.  3715.942287: sched_switch: prev_comm=sh prev_pid=148 prev_prio=120 prev_state=S ==> next_comm=swapper/0 next_pid=0 next_prio=120
          <idle>-0       [000] dNH2.  3716.185253: sched_wakeup: comm=kcompactd0 pid=44 prio=120 target_cpu=000
          <idle>-0       [000] d..2.  3716.185622: sched_switch: prev_comm=swapper/0 prev_pid=0 prev_prio=120 prev_state=R ==> next_comm=kcompactd0 next_pid=44 next_prio=120
      kcompactd0-44      [000] d..2.  3716.185869: sched_switch: prev_comm=kcompactd0 prev_pid=44 prev_prio=120 prev_state=S ==> next_comm=swapper/0 next_pid=0 next_prio=120
          <idle>-0       [001] dNh2.  3716.511375: sched_wakeup: comm=kworker/u16:2 pid=43 prio=120 target_cpu=001
          <idle>-0       [001] d..2.  3716.511426: sched_switch: prev_comm=swapper/1 prev_pid=0 prev_prio=120 prev_state=R ==> next_comm=kworker/u16:2 next_pid=43 next_prio=120
   kworker/u16:2-43      [001] d..2.  3716.511513: sched_switch: prev_comm=kworker/u16:2 prev_pid=43 prev_prio=120 prev_state=I ==> next_comm=swapper/1 next_pid=0 next_prio=120
          <idle>-0       [000] dNh2.  3716.511513: sched_wakeup: comm=sh pid=148 prio=120 target_cpu=000
          <idle>-0       [000] d..2.  3716.511560: sched_switch: prev_comm=swapper/0 prev_pid=0 prev_prio=120 prev_state=R ==> next_comm=sh next_pid=148 next_prio=120
              sh-148     [000] .....  3716.512003: __x64_sys_clone+0x4/0x30 <-do_syscall_64+0xb2/0x1d0
              sh-148     [000] .....  3716.512044: <stack trace>
 => [FTRACE TRAMPOLINE]
 => __x64_sys_clone+0x9/0x30
 => do_syscall_64+0xb2/0x1d0
 => entry_SYSCALL_64_after_hwframe+0x77/0x7f
              sh-148     [000] .....  3716.512051: copy_process+0x4/0x1a60 <-kernel_clone+0x9e/0x3b0
              sh-148     [000] .....  3716.512057: <stack trace>
 => [FTRACE TRAMPOLINE]
 => copy_process+0x9/0x1a60
 => kernel_clone+0x9e/0x3b0
 => __do_sys_clone+0x66/0x90
 => do_syscall_64+0xb2/0x1d0
 => entry_SYSCALL_64_after_hwframe+0x77/0x7f
              sh-148     [000] .....  3716.512488: sched_process_fork: comm=sh pid=148 child_comm=sh child_pid=568
          <idle>-0       [001] d..2.  3716.512589: sched_switch: prev_comm=swapper/1 prev_pid=0 prev_prio=120 prev_state=R ==> next_comm=sh next_pid=568 next_prio=120
              sh-148     [000] d..2.  3716.512788: sched_switch: prev_comm=sh prev_pid=148 prev_prio=120 prev_state=S ==> next_comm=swapper/0 next_pid=0 next_prio=120
          <idle>-0       [002] dNh2.  3716.513963: sched_wakeup: comm=rcu_preempt pid=17 prio=120 target_cpu=002
          <idle>-0       [002] d..2.  3716.513998: sched_switch: prev_comm=swapper/2 prev_pid=0 prev_prio=120 prev_state=R ==> next_comm=rcu_preempt next_pid=17 next_prio=120
     rcu_preempt-17      [002] d..2.  3716.514032: sched_switch: prev_comm=rcu_preempt prev_pid=17 prev_prio=120 prev_state=I ==> next_comm=swapper/2 next_pid=0 next_prio=120
          <idle>-0       [002] dNh2.  3716.517855: sched_wakeup: comm=rcu_preempt pid=17 prio=120 target_cpu=002
          <idle>-0       [002] d..2.  3716.517878: sched_switch: prev_comm=swapper/2 prev_pid=0 prev_prio=120 prev_state=R ==> next_comm=rcu_preempt next_pid=17 next_prio=120
     rcu_preempt-17      [002] d..2.  3716.517902: sched_switch: prev_comm=rcu_preempt prev_pid=17 prev_prio=120 prev_state=I ==> next_comm=swapper/2 next_pid=0 next_prio=120
          <idle>-0       [002] dNh2.  3716.521886: sched_wakeup: comm=rcu_preempt pid=17 prio=120 target_cpu=002
          <idle>-0       [002] d..2.  3716.521920: sched_switch: prev_comm=swapper/2 prev_pid=0 prev_prio=120 prev_state=R ==> next_comm=rcu_preempt next_pid=17 next_prio=120
     rcu_preempt-17      [002] d..2.  3716.521964: sched_switch: prev_comm=rcu_preempt prev_pid=17 prev_prio=120 prev_state=I ==> next_comm=swapper/2 next_pid=0 next_prio=120
          <idle>-0       [002] dNh2.  3716.525859: sched_wakeup: comm=rcu_preempt pid=17 prio=120 target_cpu=002
          <idle>-0       [002] d..2.  3716.525890: sched_switch: prev_comm=swapper/2 prev_pid=0 prev_prio=120 prev_state=R ==> next_comm=rcu_preempt next_pid=17 next_prio=120
     rcu_preempt-17      [002] d..2.  3716.525910: sched_switch: prev_comm=rcu_preempt prev_pid=17 prev_prio=120 prev_state=I ==> next_comm=swapper/2 next_pid=0 next_prio=120
           a.out-568     [001] d..2.  3716.526739: sched_switch: prev_comm=a.out prev_pid=568 prev_prio=120 prev_state=S ==> next_comm=swapper/1 next_pid=0 next_prio=120
          <idle>-0       [002] dNh2.  3716.529884: sched_wakeup: comm=rcu_preempt pid=17 prio=120 target_cpu=002
          <idle>-0       [002] d..2.  3716.529898: sched_switch: prev_comm=swapper/2 prev_pid=0 prev_prio=120 prev_state=R ==> next_comm=rcu_preempt next_pid=17 next_prio=120
     rcu_preempt-17      [002] d..2.  3716.529925: sched_switch: prev_comm=rcu_preempt prev_pid=17 prev_prio=120 prev_state=I ==> next_comm=swapper/2 next_pid=0 next_prio=120
          <idle>-0       [002] dNh2.  3716.533843: sched_wakeup: comm=rcu_preempt pid=17 prio=120 target_cpu=002
          <idle>-0       [002] d..2.  3716.533872: sched_switch: prev_comm=swapper/2 prev_pid=0 prev_prio=120 prev_state=R ==> next_comm=rcu_preempt next_pid=17 next_prio=120
     rcu_preempt-17      [002] d..2.  3716.533894: sched_switch: prev_comm=rcu_preempt prev_pid=17 prev_prio=120 prev_state=I ==> next_comm=swapper/2 next_pid=0 next_prio=120
          <idle>-0       [002] dNh2.  3716.538160: sched_wakeup: comm=rcu_preempt pid=17 prio=120 target_cpu=002
          <idle>-0       [002] d..2.  3716.538227: sched_switch: prev_comm=swapper/2 prev_pid=0 prev_prio=120 prev_state=R ==> next_comm=rcu_preempt next_pid=17 next_prio=120
     rcu_preempt-17      [002] d..2.  3716.538315: sched_switch: prev_comm=rcu_preempt prev_pid=17 prev_prio=120 prev_state=I ==> next_comm=swapper/2 next_pid=0 next_prio=120
          <idle>-0       [002] dNh2.  3716.541842: sched_wakeup: comm=rcu_preempt pid=17 prio=120 target_cpu=002
          <idle>-0       [002] d..2.  3716.541872: sched_switch: prev_comm=swapper/2 prev_pid=0 prev_prio=120 prev_state=R ==> next_comm=rcu_preempt next_pid=17 next_prio=120
     rcu_preempt-17      [002] d..2.  3716.541892: sched_switch: prev_comm=rcu_preempt prev_pid=17 prev_prio=120 prev_state=I ==> next_comm=swapper/2 next_pid=0 next_prio=120
          <idle>-0       [002] dNh2.  3716.545844: sched_wakeup: comm=rcu_preempt pid=17 prio=120 target_cpu=002
          <idle>-0       [002] d..2.  3716.545864: sched_switch: prev_comm=swapper/2 prev_pid=0 prev_prio=120 prev_state=R ==> next_comm=rcu_preempt next_pid=17 next_prio=120
     rcu_preempt-17      [002] d..2.  3716.545884: sched_switch: prev_comm=rcu_preempt prev_pid=17 prev_prio=120 prev_state=I ==> next_comm=swapper/2 next_pid=0 next_prio=120
          <idle>-0       [000] dNh2.  3716.690259: sched_wakeup: comm=kcompactd0 pid=44 prio=120 target_cpu=000
          <idle>-0       [000] d..2.  3716.690651: sched_switch: prev_comm=swapper/0 prev_pid=0 prev_prio=120 prev_state=R ==> next_comm=kcompactd0 next_pid=44 next_prio=120
      kcompactd0-44      [000] d..2.  3716.691304: sched_switch: prev_comm=kcompactd0 prev_pid=44 prev_prio=120 prev_state=S ==> next_comm=swapper/0 next_pid=0 next_prio=120
          <idle>-0       [000] dNs5.  3716.691852: sched_wakeup: comm=kworker/0:1 pid=9 prio=120 target_cpu=000
          <idle>-0       [000] dNs4.  3716.693204: sched_wakeup: comm=ksoftirqd/0 pid=16 prio=120 target_cpu=000
          <idle>-0       [000] d..2.  3716.693271: sched_switch: prev_comm=swapper/0 prev_pid=0 prev_prio=120 prev_state=R ==> next_comm=ksoftirqd/0 next_pid=16 next_prio=120
     ksoftirqd/0-16      [000] d..2.  3716.693425: sched_switch: prev_comm=ksoftirqd/0 prev_pid=16 prev_prio=120 prev_state=S ==> next_comm=kworker/0:1 next_pid=9 next_prio=120
          <idle>-0       [001] dNh2.  3716.693903: sched_wakeup: comm=kworker/1:1 pid=404 prio=120 target_cpu=001
     kworker/0:1-9       [000] d..2.  3716.693924: sched_switch: prev_comm=kworker/0:1 prev_pid=9 prev_prio=120 prev_state=I ==> next_comm=swapper/0 next_pid=0 next_prio=120
          <idle>-0       [001] d..2.  3716.694092: sched_switch: prev_comm=swapper/1 prev_pid=0 prev_prio=120 prev_state=R ==> next_comm=kworker/1:1 next_pid=404 next_prio=120
     kworker/1:1-404     [001] d..2.  3716.694655: sched_switch: prev_comm=kworker/1:1 prev_pid=404 prev_prio=120 prev_state=I ==> next_comm=swapper/1 next_pid=0 next_prio=120
          <idle>-0       [003] dNs5.  3717.065031: sched_wakeup: comm=kworker/3:2 pid=401 prio=120 target_cpu=003
          <idle>-0       [003] d..2.  3717.065460: sched_switch: prev_comm=swapper/3 prev_pid=0 prev_prio=120 prev_state=R ==> next_comm=kworker/3:2 next_pid=401 next_prio=120
     kworker/3:2-401     [003] d..2.  3717.066253: sched_switch: prev_comm=kworker/3:2 prev_pid=401 prev_prio=120 prev_state=I ==> next_comm=swapper/3 next_pid=0 next_prio=120
          <idle>-0       [001] dNh6.  3717.152650: sched_wakeup: comm=kworker/1:1 pid=404 prio=120 target_cpu=001
          <idle>-0       [001] d..2.  3717.153373: sched_switch: prev_comm=swapper/1 prev_pid=0 prev_prio=120 prev_state=R ==> next_comm=kworker/1:1 next_pid=404 next_prio=120
     kworker/1:1-404     [001] d..2.  3717.153739: sched_switch: prev_comm=kworker/1:1 prev_pid=404 prev_prio=120 prev_state=I ==> next_comm=swapper/1 next_pid=0 next_prio=120
          <idle>-0       [000] dNh2.  3717.194390: sched_wakeup: comm=kcompactd0 pid=44 prio=120 target_cpu=000
          <idle>-0       [000] d..2.  3717.194537: sched_switch: prev_comm=swapper/0 prev_pid=0 prev_prio=120 prev_state=R ==> next_comm=kcompactd0 next_pid=44 next_prio=120
      kcompactd0-44      [000] d..2.  3717.194926: sched_switch: prev_comm=kcompactd0 prev_pid=44 prev_prio=120 prev_state=S ==> next_comm=swapper/0 next_pid=0 next_prio=120
          <idle>-0       [001] dNs5.  3717.697525: sched_wakeup: comm=kworker/1:1 pid=404 prio=120 target_cpu=001
          <idle>-0       [000] dNs4.  3717.697540: sched_wakeup: comm=kcompactd0 pid=44 prio=120 target_cpu=000
          <idle>-0       [001] d..2.  3717.698169: sched_switch: prev_comm=swapper/1 prev_pid=0 prev_prio=120 prev_state=R ==> next_comm=kworker/1:1 next_pid=404 next_prio=120
          <idle>-0       [000] d..2.  3717.698182: sched_switch: prev_comm=swapper/0 prev_pid=0 prev_prio=120 prev_state=R ==> next_comm=kcompactd0 next_pid=44 next_prio=120
     kworker/1:1-404     [001] d..2.  3717.698668: sched_switch: prev_comm=kworker/1:1 prev_pid=404 prev_prio=120 prev_state=I ==> next_comm=swapper/1 next_pid=0 next_prio=120
      kcompactd0-44      [000] d..2.  3717.698996: sched_switch: prev_comm=kcompactd0 prev_pid=44 prev_prio=120 prev_state=S ==> next_comm=swapper/0 next_pid=0 next_prio=120
          <idle>-0       [000] dNh2.  3718.202391: sched_wakeup: comm=kcompactd0 pid=44 prio=120 target_cpu=000
          <idle>-0       [000] d..2.  3718.202744: sched_switch: prev_comm=swapper/0 prev_pid=0 prev_prio=120 prev_state=R ==> next_comm=kcompactd0 next_pid=44 next_prio=120
      kcompactd0-44      [000] d..2.  3718.203112: sched_switch: prev_comm=kcompactd0 prev_pid=44 prev_prio=120 prev_state=S ==> next_comm=swapper/0 next_pid=0 next_prio=120
          <idle>-0       [000] dNs5.  3718.203524: sched_wakeup: comm=kworker/0:1 pid=9 prio=120 target_cpu=000
          <idle>-0       [000] d..2.  3718.203746: sched_switch: prev_comm=swapper/0 prev_pid=0 prev_prio=120 prev_state=R ==> next_comm=kworker/0:1 next_pid=9 next_prio=120
     kworker/0:1-9       [000] d..2.  3718.204965: sched_switch: prev_comm=kworker/0:1 prev_pid=9 prev_prio=120 prev_state=I ==> next_comm=swapper/0 next_pid=0 next_prio=120
          <idle>-0       [000] dNs4.  3718.705985: sched_wakeup: comm=kcompactd0 pid=44 prio=120 target_cpu=000
          <idle>-0       [000] d..2.  3718.706363: sched_switch: prev_comm=swapper/0 prev_pid=0 prev_prio=120 prev_state=R ==> next_comm=kcompactd0 next_pid=44 next_prio=120
      kcompactd0-44      [000] d..2.  3718.706730: sched_switch: prev_comm=kcompactd0 prev_pid=44 prev_prio=120 prev_state=S ==> next_comm=swapper/0 next_pid=0 next_prio=120
          <idle>-0       [003] dNs5.  3719.113242: sched_wakeup: comm=kworker/3:2 pid=401 prio=120 target_cpu=003
          <idle>-0       [000] dNs5.  3719.113436: sched_wakeup: comm=kworker/0:1 pid=9 prio=120 target_cpu=000
          <idle>-0       [000] d..2.  3719.113772: sched_switch: prev_comm=swapper/0 prev_pid=0 prev_prio=120 prev_state=R ==> next_comm=kworker/0:1 next_pid=9 next_prio=120
          <idle>-0       [003] d..2.  3719.113779: sched_switch: prev_comm=swapper/3 prev_pid=0 prev_prio=120 prev_state=R ==> next_comm=kworker/3:2 next_pid=401 next_prio=120
     kworker/0:1-9       [000] d..2.  3719.115276: sched_switch: prev_comm=kworker/0:1 prev_pid=9 prev_prio=120 prev_state=I ==> next_comm=swapper/0 next_pid=0 next_prio=120
     kworker/3:2-401     [003] d..2.  3719.115442: sched_switch: prev_comm=kworker/3:2 prev_pid=401 prev_prio=120 prev_state=I ==> next_comm=swapper/3 next_pid=0 next_prio=120
          <idle>-0       [000] dNs4.  3719.208116: sched_wakeup: comm=kcompactd0 pid=44 prio=120 target_cpu=000
          <idle>-0       [000] d..2.  3719.208218: sched_switch: prev_comm=swapper/0 prev_pid=0 prev_prio=120 prev_state=R ==> next_comm=kcompactd0 next_pid=44 next_prio=120
      kcompactd0-44      [000] d..2.  3719.208279: sched_switch: prev_comm=kcompactd0 prev_pid=44 prev_prio=120 prev_state=S ==> next_comm=swapper/0 next_pid=0 next_prio=120
          <idle>-0       [002] dNh2.  3719.408859: sched_wakeup: comm=sshd-session pid=547 prio=120 target_cpu=002
          <idle>-0       [002] d..2.  3719.409195: sched_switch: prev_comm=swapper/2 prev_pid=0 prev_prio=120 prev_state=R ==> next_comm=sshd-session next_pid=547 next_prio=120
          <idle>-0       [001] dNh2.  3719.411306: sched_wakeup: comm=kworker/u16:2 pid=43 prio=120 target_cpu=001
          <idle>-0       [001] d..2.  3719.411387: sched_switch: prev_comm=swapper/1 prev_pid=0 prev_prio=120 prev_state=R ==> next_comm=kworker/u16:2 next_pid=43 next_prio=120
    sshd-session-547     [002] d..2.  3719.411404: sched_switch: prev_comm=sshd-session prev_pid=547 prev_prio=120 prev_state=S ==> next_comm=swapper/2 next_pid=0 next_prio=120
          <idle>-0       [000] dNh2.  3719.411602: sched_wakeup: comm=sh pid=548 prio=120 target_cpu=000
   kworker/u16:2-43      [001] d..2.  3719.411621: sched_switch: prev_comm=kworker/u16:2 prev_pid=43 prev_prio=120 prev_state=I ==> next_comm=swapper/1 next_pid=0 next_prio=120
          <idle>-0       [000] d..2.  3719.411869: sched_switch: prev_comm=swapper/0 prev_pid=0 prev_prio=120 prev_state=R ==> next_comm=sh next_pid=548 next_prio=120
          <idle>-0       [001] dNh2.  3719.413017: sched_wakeup: comm=kworker/u16:2 pid=43 prio=120 target_cpu=001
          <idle>-0       [001] d..2.  3719.413068: sched_switch: prev_comm=swapper/1 prev_pid=0 prev_prio=120 prev_state=R ==> next_comm=kworker/u16:2 next_pid=43 next_prio=120
              sh-548     [000] d..2.  3719.413104: sched_switch: prev_comm=sh prev_pid=548 prev_prio=120 prev_state=S ==> next_comm=swapper/0 next_pid=0 next_prio=120
   kworker/u16:2-43      [001] d..2.  3719.413201: sched_switch: prev_comm=kworker/u16:2 prev_pid=43 prev_prio=120 prev_state=I ==> next_comm=swapper/1 next_pid=0 next_prio=120
          <idle>-0       [002] dNh2.  3719.413222: sched_wakeup: comm=sshd-session pid=547 prio=120 target_cpu=002
          <idle>-0       [002] d..2.  3719.413303: sched_switch: prev_comm=swapper/2 prev_pid=0 prev_prio=120 prev_state=R ==> next_comm=sshd-session next_pid=547 next_prio=120
    sshd-session-547     [002] d..2.  3719.414236: sched_switch: prev_comm=sshd-session prev_pid=547 prev_prio=120 prev_state=S ==> next_comm=swapper/2 next_pid=0 next_prio=120
          <idle>-0       [002] dNh2.  3719.474141: sched_wakeup: comm=sshd-session pid=547 prio=120 target_cpu=002
          <idle>-0       [002] d..2.  3719.474355: sched_switch: prev_comm=swapper/2 prev_pid=0 prev_prio=120 prev_state=R ==> next_comm=sshd-session next_pid=547 next_prio=120
          <idle>-0       [001] dNh2.  3719.475724: sched_wakeup: comm=kworker/u16:2 pid=43 prio=120 target_cpu=001
          <idle>-0       [001] d..2.  3719.475823: sched_switch: prev_comm=swapper/1 prev_pid=0 prev_prio=120 prev_state=R ==> next_comm=kworker/u16:2 next_pid=43 next_prio=120
    sshd-session-547     [002] d..2.  3719.475924: sched_switch: prev_comm=sshd-session prev_pid=547 prev_prio=120 prev_state=S ==> next_comm=swapper/2 next_pid=0 next_prio=120
