          <idle>-0       [000] d..2. 24792.458120: sched_switch: prev_comm=swapper/0 prev_pid=0 prev_prio=120 prev_state=R ==> next_comm=kcompactd0 next_pid=44 next_prio=120
      kcompactd0-44      [000] d..2. 24792.458441: sched_switch: prev_comm=kcompactd0 prev_pid=44 prev_prio=120 prev_state=S ==> next_comm=swapper/0 next_pid=0 next_prio=120
          <idle>-0       [000] dNs5. 24792.562925: sched_wakeup: comm=kworker/0:1 pid=683 prio=120 target_cpu=000
          <idle>-0       [000] d..2. 24792.563462: sched_switch: prev_comm=swapper/0 prev_pid=0 prev_prio=120 prev_state=R ==> next_comm=kworker/0:1 next_pid=683 next_prio=120
     kworker/0:1-683     [000] d..2. 24792.563813: sched_switch: prev_comm=kworker/0:1 prev_pid=683 prev_prio=120 prev_state=I ==> next_comm=swapper/0 next_pid=0 next_prio=120
          <idle>-0       [002] dNH2. 24792.566127: sched_wakeup: comm=kworker/u16:0 pid=11 prio=120 target_cpu=002
          <idle>-0       [002] dNs5. 24792.566280: sched_wakeup: comm=kworker/2:0 pid=632 prio=120 target_cpu=002
          <idle>-0       [002] d..2. 24792.566669: sched_switch: prev_comm=swapper/2 prev_pid=0 prev_prio=120 prev_state=R ==> next_comm=kworker/u16:0 next_pid=11 next_prio=120
   kworker/u16:0-11      [002] d..2. 24792.567323: sched_switch: prev_comm=kworker/u16:0 prev_pid=11 prev_prio=120 prev_state=R ==> next_comm=kworker/2:0 next_pid=632 next_prio=120
     kworker/2:0-632     [002] d..2. 24792.567582: sched_switch: prev_comm=kworker/2:0 prev_pid=632 prev_prio=120 prev_state=I ==> next_comm=kworker/u16:0 next_pid=11 next_prio=120
   kworker/u16:0-11      [002] d..2. 24792.568499: sched_switch: prev_comm=kworker/u16:0 prev_pid=11 prev_prio=120 prev_state=I ==> next_comm=swapper/2 next_pid=0 next_prio=120
          <idle>-0       [000] dNs5. 24792.962593: sched_wakeup: comm=kworker/0:1 pid=683 prio=120 target_cpu=000
          <idle>-0       [000] dNH2. 24792.962704: sched_wakeup: comm=kcompactd0 pid=44 prio=120 target_cpu=000
          <idle>-0       [000] d..2. 24792.963314: sched_switch: prev_comm=swapper/0 prev_pid=0 prev_prio=120 prev_state=R ==> next_comm=kworker/0:1 next_pid=683 next_prio=120
     kworker/0:1-683     [000] d..2. 24792.963512: sched_switch: prev_comm=kworker/0:1 prev_pid=683 prev_prio=120 prev_state=I ==> next_comm=kcompactd0 next_pid=44 next_prio=120
      kcompactd0-44      [000] d..2. 24792.964393: sched_switch: prev_comm=kcompactd0 prev_pid=44 prev_prio=120 prev_state=S ==> next_comm=swapper/0 next_pid=0 next_prio=120
          <idle>-0       [002] dNh2. 24793.000838: sched_wakeup: comm=kworker/u16:0 pid=11 prio=120 target_cpu=002
          <idle>-0       [002] d..2. 24793.000901: sched_switch: prev_comm=swapper/2 prev_pid=0 prev_prio=120 prev_state=R ==> next_comm=kworker/u16:0 next_pid=11 next_prio=120
   kworker/u16:0-11      [002] dN.6. 24793.000947: sched_wakeup: comm=kworker/2:0 pid=632 prio=120 target_cpu=002
   kworker/u16:0-11      [002] d..2. 24793.000991: sched_switch: prev_comm=kworker/u16:0 prev_pid=11 prev_prio=120 prev_state=R+ ==> next_comm=kworker/2:0 next_pid=632 next_prio=120
          <idle>-0       [003] dNh2. 24793.001015: sched_wakeup: comm=sh pid=148 prio=120 target_cpu=003
     kworker/2:0-632     [002] d..2. 24793.001037: sched_switch: prev_comm=kworker/2:0 prev_pid=632 prev_prio=120 prev_state=I ==> next_comm=kworker/u16:0 next_pid=11 next_prio=120
          <idle>-0       [003] d..2. 24793.001044: sched_switch: prev_comm=swapper/3 prev_pid=0 prev_prio=120 prev_state=R ==> next_comm=sh next_pid=148 next_prio=120
   kworker/u16:0-11      [002] d..2. 24793.001078: sched_switch: prev_comm=kworker/u16:0 prev_pid=11 prev_prio=120 prev_state=I ==> next_comm=swapper/2 next_pid=0 next_prio=120
              sh-148     [003] d..2. 24793.001403: sched_switch: prev_comm=sh prev_pid=148 prev_prio=120 prev_state=S ==> next_comm=swapper/3 next_pid=0 next_prio=120
          <idle>-0       [003] dNs5. 24793.001646: sched_wakeup: comm=kworker/3:2 pid=688 prio=120 target_cpu=003
          <idle>-0       [003] d..2. 24793.001682: sched_switch: prev_comm=swapper/3 prev_pid=0 prev_prio=120 prev_state=R ==> next_comm=kworker/3:2 next_pid=688 next_prio=120
     kworker/3:2-688     [003] d..2. 24793.001709: sched_switch: prev_comm=kworker/3:2 prev_pid=688 prev_prio=120 prev_state=I ==> next_comm=swapper/3 next_pid=0 next_prio=120
          <idle>-0       [000] dNs5. 24793.137403: sched_wakeup: comm=kworker/0:1 pid=683 prio=120 target_cpu=000
          <idle>-0       [000] d..2. 24793.138773: sched_switch: prev_comm=swapper/0 prev_pid=0 prev_prio=120 prev_state=R ==> next_comm=kworker/0:1 next_pid=683 next_prio=120
     kworker/0:1-683     [000] d..2. 24793.141017: sched_switch: prev_comm=kworker/0:1 prev_pid=683 prev_prio=120 prev_state=I ==> next_comm=swapper/0 next_pid=0 next_prio=120
          <idle>-0       [000] dNs4. 24793.473488: sched_wakeup: comm=kcompactd0 pid=44 prio=120 target_cpu=000
          <idle>-0       [000] d..2. 24793.474001: sched_switch: prev_comm=swapper/0 prev_pid=0 prev_prio=120 prev_state=R ==> next_comm=kcompactd0 next_pid=44 next_prio=120
      kcompactd0-44      [000] d..2. 24793.474695: sched_switch: prev_comm=kcompactd0 prev_pid=44 prev_prio=120 prev_state=S ==> next_comm=swapper/0 next_pid=0 next_prio=120
          <idle>-0       [002] dNh6. 24793.626905: sched_wakeup: comm=kworker/2:0 pid=632 prio=120 target_cpu=002
          <idle>-0       [002] d..2. 24793.626982: sched_switch: prev_comm=swapper/2 prev_pid=0 prev_prio=120 prev_state=R ==> next_comm=kworker/2:0 next_pid=632 next_prio=120
     kworker/2:0-632     [002] d..2. 24793.627102: sched_switch: prev_comm=kworker/2:0 prev_pid=632 prev_prio=120 prev_state=I ==> next_comm=swapper/2 next_pid=0 next_prio=120
          <idle>-0       [000] dNs4. 24793.978014: sched_wakeup: comm=kcompactd0 pid=44 prio=120 target_cpu=000
          <idle>-0       [000] dNs5. 24793.978221: sched_wakeup: comm=kworker/0:1 pid=683 prio=120 target_cpu=000
          <idle>-0       [000] d..2. 24793.978591: sched_switch: prev_comm=swapper/0 prev_pid=0 prev_prio=120 prev_state=R ==> next_comm=kcompactd0 next_pid=44 next_prio=120
      kcompactd0-44      [000] d..2. 24793.979176: sched_switch: prev_comm=kcompactd0 prev_pid=44 prev_prio=120 prev_state=S ==> next_comm=kworker/0:1 next_pid=683 next_prio=120
     kworker/0:1-683     [000] d..2. 24793.980438: sched_switch: prev_comm=kworker/0:1 prev_pid=683 prev_prio=120 prev_state=I ==> next_comm=swapper/0 next_pid=0 next_prio=120
          <idle>-0       [000] dNs4. 24794.480335: sched_wakeup: comm=kcompactd0 pid=44 prio=120 target_cpu=000
          <idle>-0       [000] d..2. 24794.480468: sched_switch: prev_comm=swapper/0 prev_pid=0 prev_prio=120 prev_state=R ==> next_comm=kcompactd0 next_pid=44 next_prio=120
      kcompactd0-44      [000] d..2. 24794.480605: sched_switch: prev_comm=kcompactd0 prev_pid=44 prev_prio=120 prev_state=S ==> next_comm=swapper/0 next_pid=0 next_prio=120
          <idle>-0       [000] dNs4. 24794.985013: sched_wakeup: comm=kcompactd0 pid=44 prio=120 target_cpu=000
          <idle>-0       [000] dNs5. 24794.985135: sched_wakeup: comm=kworker/0:1 pid=683 prio=120 target_cpu=000
          <idle>-0       [000] d..2. 24794.985548: sched_switch: prev_comm=swapper/0 prev_pid=0 prev_prio=120 prev_state=R ==> next_comm=kcompactd0 next_pid=44 next_prio=120
      kcompactd0-44      [000] d..2. 24794.985736: sched_switch: prev_comm=kcompactd0 prev_pid=44 prev_prio=120 prev_state=S ==> next_comm=kworker/0:1 next_pid=683 next_prio=120
     kworker/0:1-683     [000] d..2. 24794.986349: sched_switch: prev_comm=kworker/0:1 prev_pid=683 prev_prio=120 prev_state=I ==> next_comm=swapper/0 next_pid=0 next_prio=120
          <idle>-0       [003] dNs5. 24795.185986: sched_wakeup: comm=kworker/3:2 pid=688 prio=120 target_cpu=003
          <idle>-0       [003] d..2. 24795.186426: sched_switch: prev_comm=swapper/3 prev_pid=0 prev_prio=120 prev_state=R ==> next_comm=kworker/3:2 next_pid=688 next_prio=120
          <idle>-0       [002] dNs5. 24795.186819: sched_wakeup: comm=kworker/2:0 pid=632 prio=120 target_cpu=002
          <idle>-0       [002] d..2. 24795.187347: sched_switch: prev_comm=swapper/2 prev_pid=0 prev_prio=120 prev_state=R ==> next_comm=kworker/2:0 next_pid=632 next_prio=120
     kworker/2:0-632     [002] d..2. 24795.188534: sched_switch: prev_comm=kworker/2:0 prev_pid=632 prev_prio=120 prev_state=I ==> next_comm=swapper/2 next_pid=0 next_prio=120
     kworker/3:2-688     [003] d..2. 24795.190647: sched_switch: prev_comm=kworker/3:2 prev_pid=688 prev_prio=120 prev_state=I ==> next_comm=swapper/3 next_pid=0 next_prio=120
          <idle>-0       [000] dNs4. 24795.490486: sched_wakeup: comm=kcompactd0 pid=44 prio=120 target_cpu=000
          <idle>-0       [000] d..2. 24795.491768: sched_switch: prev_comm=swapper/0 prev_pid=0 prev_prio=120 prev_state=R ==> next_comm=kcompactd0 next_pid=44 next_prio=120
      kcompactd0-44      [000] d..2. 24795.492349: sched_switch: prev_comm=kcompactd0 prev_pid=44 prev_prio=120 prev_state=S ==> next_comm=swapper/0 next_pid=0 next_prio=120
          <idle>-0       [000] dNs4. 24795.992435: sched_wakeup: comm=kcompactd0 pid=44 prio=120 target_cpu=000
          <idle>-0       [000] dNs5. 24795.992551: sched_wakeup: comm=kworker/0:1 pid=683 prio=120 target_cpu=000
          <idle>-0       [000] d..2. 24795.992798: sched_switch: prev_comm=swapper/0 prev_pid=0 prev_prio=120 prev_state=R ==> next_comm=kcompactd0 next_pid=44 next_prio=120
      kcompactd0-44      [000] d..2. 24795.992903: sched_switch: prev_comm=kcompactd0 prev_pid=44 prev_prio=120 prev_state=S ==> next_comm=kworker/0:1 next_pid=683 next_prio=120
     kworker/0:1-683     [000] d..2. 24795.993067: sched_switch: prev_comm=kworker/0:1 prev_pid=683 prev_prio=120 prev_state=I ==> next_comm=swapper/0 next_pid=0 next_prio=120
          <idle>-0       [000] dNs4. 24796.497709: sched_wakeup: comm=kcompactd0 pid=44 prio=120 target_cpu=000
          <idle>-0       [000] dNs5. 24796.497876: sched_wakeup: comm=kworker/0:1 pid=683 prio=120 target_cpu=000
          <idle>-0       [000] d..2. 24796.498371: sched_switch: prev_comm=swapper/0 prev_pid=0 prev_prio=120 prev_state=R ==> next_comm=kworker/0:1 next_pid=683 next_prio=120
     kworker/0:1-683     [000] d..2. 24796.498811: sched_switch: prev_comm=kworker/0:1 prev_pid=683 prev_prio=120 prev_state=I ==> next_comm=kcompactd0 next_pid=44 next_prio=120
      kcompactd0-44      [000] d..2. 24796.499446: sched_switch: prev_comm=kcompactd0 prev_pid=44 prev_prio=120 prev_state=S ==> next_comm=swapper/0 next_pid=0 next_prio=120
          <idle>-0       [000] dNs4. 24797.000560: sched_wakeup: comm=kcompactd0 pid=44 prio=120 target_cpu=000
          <idle>-0       [000] dNs5. 24797.000642: sched_wakeup: comm=kworker/0:1 pid=683 prio=120 target_cpu=000
          <idle>-0       [000] d..2. 24797.000817: sched_switch: prev_comm=swapper/0 prev_pid=0 prev_prio=120 prev_state=R ==> next_comm=kcompactd0 next_pid=44 next_prio=120
      kcompactd0-44      [000] d..2. 24797.000887: sched_switch: prev_comm=kcompactd0 prev_pid=44 prev_prio=120 prev_state=S ==> next_comm=kworker/0:1 next_pid=683 next_prio=120
     kworker/0:1-683     [000] d..2. 24797.000972: sched_switch: prev_comm=kworker/0:1 prev_pid=683 prev_prio=120 prev_state=I ==> next_comm=swapper/0 next_pid=0 next_prio=120
          <idle>-0       [000] dNs5. 24797.233268: sched_wakeup: comm=kworker/0:1 pid=683 prio=120 target_cpu=000
          <idle>-0       [000] d..2. 24797.233458: sched_switch: prev_comm=swapper/0 prev_pid=0 prev_prio=120 prev_state=R ==> next_comm=kworker/0:1 next_pid=683 next_prio=120
     kworker/0:1-683     [000] d..2. 24797.234111: sched_switch: prev_comm=kworker/0:1 prev_pid=683 prev_prio=120 prev_state=I ==> next_comm=swapper/0 next_pid=0 next_prio=120
          <idle>-0       [000] dNs4. 24797.505125: sched_wakeup: comm=kcompactd0 pid=44 prio=120 target_cpu=000
          <idle>-0       [000] d..2. 24797.505675: sched_switch: prev_comm=swapper/0 prev_pid=0 prev_prio=120 prev_state=R ==> next_comm=kcompactd0 next_pid=44 next_prio=120
      kcompactd0-44      [000] d..2. 24797.506466: sched_switch: prev_comm=kcompactd0 prev_pid=44 prev_prio=120 prev_state=S ==> next_comm=swapper/0 next_pid=0 next_prio=120
          <idle>-0       [000] dNs5. 24797.680509: sched_wakeup: comm=kworker/0:1 pid=683 prio=120 target_cpu=000
          <idle>-0       [000] d..2. 24797.681096: sched_switch: prev_comm=swapper/0 prev_pid=0 prev_prio=120 prev_state=R ==> next_comm=kworker/0:1 next_pid=683 next_prio=120
          <idle>-0       [002] dNh2. 24797.681152: sched_wakeup: comm=kworker/u16:0 pid=11 prio=120 target_cpu=002
          <idle>-0       [002] d..2. 24797.681415: sched_switch: prev_comm=swapper/2 prev_pid=0 prev_prio=120 prev_state=R ==> next_comm=kworker/u16:0 next_pid=11 next_prio=120
   kworker/u16:0-11      [002] d..2. 24797.681771: sched_switch: prev_comm=kworker/u16:0 prev_pid=11 prev_prio=120 prev_state=I ==> next_comm=swapper/2 next_pid=0 next_prio=120
     kworker/0:1-683     [000] d..2. 24797.681814: sched_switch: prev_comm=kworker/0:1 prev_pid=683 prev_prio=120 prev_state=I ==> next_comm=swapper/0 next_pid=0 next_prio=120
          <idle>-0       [002] dNs5. 24797.682033: sched_wakeup: comm=kworker/2:0 pid=632 prio=120 target_cpu=002
          <idle>-0       [002] d..2. 24797.682135: sched_switch: prev_comm=swapper/2 prev_pid=0 prev_prio=120 prev_state=R ==> next_comm=kworker/2:0 next_pid=632 next_prio=120
     kworker/2:0-632     [002] d..2. 24797.682236: sched_switch: prev_comm=kworker/2:0 prev_pid=632 prev_prio=120 prev_state=I ==> next_comm=swapper/2 next_pid=0 next_prio=120
          <idle>-0       [000] dNs4. 24798.009849: sched_wakeup: comm=kcompactd0 pid=44 prio=120 target_cpu=000
          <idle>-0       [000] d..2. 24798.010275: sched_switch: prev_comm=swapper/0 prev_pid=0 prev_prio=120 prev_state=R ==> next_comm=kcompactd0 next_pid=44 next_prio=120
      kcompactd0-44      [000] d..2. 24798.010742: sched_switch: prev_comm=kcompactd0 prev_pid=44 prev_prio=120 prev_state=S ==> next_comm=swapper/0 next_pid=0 next_prio=120
          <idle>-0       [000] dNs4. 24798.512850: sched_wakeup: comm=kcompactd0 pid=44 prio=120 target_cpu=000
          <idle>-0       [000] d..2. 24798.513781: sched_switch: prev_comm=swapper/0 prev_pid=0 prev_prio=120 prev_state=R ==> next_comm=kcompactd0 next_pid=44 next_prio=120
      kcompactd0-44      [000] d..2. 24798.514683: sched_switch: prev_comm=kcompactd0 prev_pid=44 prev_prio=120 prev_state=S ==> next_comm=swapper/0 next_pid=0 next_prio=120
          <idle>-0       [000] dNs4. 24799.016784: sched_wakeup: comm=kcompactd0 pid=44 prio=120 target_cpu=000
          <idle>-0       [000] dNs5. 24799.016968: sched_wakeup: comm=kworker/0:1 pid=683 prio=120 target_cpu=000
          <idle>-0       [000] d..2. 24799.017505: sched_switch: prev_comm=swapper/0 prev_pid=0 prev_prio=120 prev_state=R ==> next_comm=kcompactd0 next_pid=44 next_prio=120
      kcompactd0-44      [000] d..2. 24799.017847: sched_switch: prev_comm=kcompactd0 prev_pid=44 prev_prio=120 prev_state=S ==> next_comm=kworker/0:1 next_pid=683 next_prio=120
     kworker/0:1-683     [000] d..2. 24799.018525: sched_switch: prev_comm=kworker/0:1 prev_pid=683 prev_prio=120 prev_state=I ==> next_comm=swapper/0 next_pid=0 next_prio=120
          <idle>-0       [000] dNs5. 24799.281235: sched_wakeup: comm=kworker/0:1 pid=683 prio=120 target_cpu=000
          <idle>-0       [000] d..2. 24799.282257: sched_switch: prev_comm=swapper/0 prev_pid=0 prev_prio=120 prev_state=R ==> next_comm=kworker/0:1 next_pid=683 next_prio=120
     kworker/0:1-683     [000] d..2. 24799.284613: sched_switch: prev_comm=kworker/0:1 prev_pid=683 prev_prio=120 prev_state=I ==> next_comm=swapper/0 next_pid=0 next_prio=120
          <idle>-0       [000] dNs4. 24799.521571: sched_wakeup: comm=kcompactd0 pid=44 prio=120 target_cpu=000
          <idle>-0       [000] d..2. 24799.522489: sched_switch: prev_comm=swapper/0 prev_pid=0 prev_prio=120 prev_state=R ==> next_comm=kcompactd0 next_pid=44 next_prio=120
      kcompactd0-44      [000] d..2. 24799.523286: sched_switch: prev_comm=kcompactd0 prev_pid=44 prev_prio=120 prev_state=S ==> next_comm=swapper/0 next_pid=0 next_prio=120
          <idle>-0       [000] dNs4. 24800.024437: sched_wakeup: comm=kcompactd0 pid=44 prio=120 target_cpu=000
          <idle>-0       [000] d..2. 24800.024762: sched_switch: prev_comm=swapper/0 prev_pid=0 prev_prio=120 prev_state=R ==> next_comm=kcompactd0 next_pid=44 next_prio=120
      kcompactd0-44      [000] d..2. 24800.024965: sched_switch: prev_comm=kcompactd0 prev_pid=44 prev_prio=120 prev_state=S ==> next_comm=swapper/0 next_pid=0 next_prio=120
          <idle>-0       [000] dNs4. 24800.529214: sched_wakeup: comm=kcompactd0 pid=44 prio=120 target_cpu=000
          <idle>-0       [000] d..2. 24800.530144: sched_switch: prev_comm=swapper/0 prev_pid=0 prev_prio=120 prev_state=R ==> next_comm=kcompactd0 next_pid=44 next_prio=120
      kcompactd0-44      [000] d..2. 24800.531066: sched_switch: prev_comm=kcompactd0 prev_pid=44 prev_prio=120 prev_state=S ==> next_comm=swapper/0 next_pid=0 next_prio=120
          <idle>-0       [000] dNs4. 24801.032907: sched_wakeup: comm=kcompactd0 pid=44 prio=120 target_cpu=000
          <idle>-0       [000] dNs5. 24801.033084: sched_wakeup: comm=kworker/0:1 pid=683 prio=120 target_cpu=000
          <idle>-0       [000] d..2. 24801.033531: sched_switch: prev_comm=swapper/0 prev_pid=0 prev_prio=120 prev_state=R ==> next_comm=kcompactd0 next_pid=44 next_prio=120
      kcompactd0-44      [000] d..2. 24801.033846: sched_switch: prev_comm=kcompactd0 prev_pid=44 prev_prio=120 prev_state=S ==> next_comm=kworker/0:1 next_pid=683 next_prio=120
     kworker/0:1-683     [000] d..2. 24801.034620: sched_switch: prev_comm=kworker/0:1 prev_pid=683 prev_prio=120 prev_state=I ==> next_comm=swapper/0 next_pid=0 next_prio=120
          <idle>-0       [000] dNs5. 24801.329193: sched_wakeup: comm=kworker/0:1 pid=683 prio=120 target_cpu=000
          <idle>-0       [000] d..2. 24801.329604: sched_switch: prev_comm=swapper/0 prev_pid=0 prev_prio=120 prev_state=R ==> next_comm=kworker/0:1 next_pid=683 next_prio=120
     kworker/0:1-683     [000] d..2. 24801.332263: sched_switch: prev_comm=kworker/0:1 prev_pid=683 prev_prio=120 prev_state=I ==> next_comm=swapper/0 next_pid=0 next_prio=120
          <idle>-0       [000] dNs4. 24801.537541: sched_wakeup: comm=kcompactd0 pid=44 prio=120 target_cpu=000
          <idle>-0       [000] d..2. 24801.538506: sched_switch: prev_comm=swapper/0 prev_pid=0 prev_prio=120 prev_state=R ==> next_comm=kcompactd0 next_pid=44 next_prio=120
      kcompactd0-44      [000] d..2. 24801.539287: sched_switch: prev_comm=kcompactd0 prev_pid=44 prev_prio=120 prev_state=S ==> next_comm=swapper/0 next_pid=0 next_prio=120
          <idle>-0       [000] dNs4. 24802.041262: sched_wakeup: comm=kcompactd0 pid=44 prio=120 target_cpu=000
          <idle>-0       [000] d..2. 24802.042033: sched_switch: prev_comm=swapper/0 prev_pid=0 prev_prio=120 prev_state=R ==> next_comm=kcompactd0 next_pid=44 next_prio=120
      kcompactd0-44      [000] d..2. 24802.042835: sched_switch: prev_comm=kcompactd0 prev_pid=44 prev_prio=120 prev_state=S ==> next_comm=swapper/0 next_pid=0 next_prio=120
          <idle>-0       [000] dNs4. 24802.544642: sched_wakeup: comm=kcompactd0 pid=44 prio=120 target_cpu=000
          <idle>-0       [000] d..2. 24802.545113: sched_switch: prev_comm=swapper/0 prev_pid=0 prev_prio=120 prev_state=R ==> next_comm=kcompactd0 next_pid=44 next_prio=120
      kcompactd0-44      [000] d..2. 24802.545422: sched_switch: prev_comm=kcompactd0 prev_pid=44 prev_prio=120 prev_state=S ==> next_comm=swapper/0 next_pid=0 next_prio=120
          <idle>-0       [000] dNs5. 24802.800294: sched_wakeup: comm=kworker/0:1 pid=683 prio=120 target_cpu=000
          <idle>-0       [000] d..2. 24802.800939: sched_switch: prev_comm=swapper/0 prev_pid=0 prev_prio=120 prev_state=R ==> next_comm=kworker/0:1 next_pid=683 next_prio=120
          <idle>-0       [002] dNh2. 24802.801714: sched_wakeup: comm=kworker/u16:0 pid=11 prio=120 target_cpu=002
     kworker/0:1-683     [000] d..2. 24802.801767: sched_switch: prev_comm=kworker/0:1 prev_pid=683 prev_prio=120 prev_state=I ==> next_comm=swapper/0 next_pid=0 next_prio=120
          <idle>-0       [002] d..2. 24802.801871: sched_switch: prev_comm=swapper/2 prev_pid=0 prev_prio=120 prev_state=R ==> next_comm=kworker/u16:0 next_pid=11 next_prio=120
   kworker/u16:0-11      [002] d..2. 24802.802306: sched_switch: prev_comm=kworker/u16:0 prev_pid=11 prev_prio=120 prev_state=I ==> next_comm=swapper/2 next_pid=0 next_prio=120
          <idle>-0       [000] dNs4. 24803.049203: sched_wakeup: comm=kcompactd0 pid=44 prio=120 target_cpu=000
          <idle>-0       [000] d..2. 24803.049744: sched_switch: prev_comm=swapper/0 prev_pid=0 prev_prio=120 prev_state=R ==> next_comm=kcompactd0 next_pid=44 next_prio=120
      kcompactd0-44      [000] d..2. 24803.050517: sched_switch: prev_comm=kcompactd0 prev_pid=44 prev_prio=120 prev_state=S ==> next_comm=swapper/0 next_pid=0 next_prio=120
          <idle>-0       [000] dNs5. 24803.377409: sched_wakeup: comm=kworker/0:1 pid=683 prio=120 target_cpu=000
          <idle>-0       [000] d..2. 24803.378005: sched_switch: prev_comm=swapper/0 prev_pid=0 prev_prio=120 prev_state=R ==> next_comm=kworker/0:1 next_pid=683 next_prio=120
     kworker/0:1-683     [000] d..2. 24803.378937: sched_switch: prev_comm=kworker/0:1 prev_pid=683 prev_prio=120 prev_state=I ==> next_comm=swapper/0 next_pid=0 next_prio=120
          <idle>-0       [000] dNs4. 24803.553385: sched_wakeup: comm=kcompactd0 pid=44 prio=120 target_cpu=000
          <idle>-0       [000] d..2. 24803.553962: sched_switch: prev_comm=swapper/0 prev_pid=0 prev_prio=120 prev_state=R ==> next_comm=kcompactd0 next_pid=44 next_prio=120
      kcompactd0-44      [000] d..2. 24803.554761: sched_switch: prev_comm=kcompactd0 prev_pid=44 prev_prio=120 prev_state=S ==> next_comm=swapper/0 next_pid=0 next_prio=120
          <idle>-0       [003] dNh4. 24803.912867: sched_wakeup: comm=crond pid=143 prio=120 target_cpu=003
          <idle>-0       [003] d..2. 24803.913253: sched_switch: prev_comm=swapper/3 prev_pid=0 prev_prio=120 prev_state=R ==> next_comm=crond next_pid=143 next_prio=120
           crond-143     [003] d..2. 24803.915969: sched_switch: prev_comm=crond prev_pid=143 prev_prio=120 prev_state=S ==> next_comm=swapper/3 next_pid=0 next_prio=120
          <idle>-0       [000] dNH2. 24804.057532: sched_wakeup: comm=kcompactd0 pid=44 prio=120 target_cpu=000
          <idle>-0       [000] dNs5. 24804.057683: sched_wakeup: comm=kworker/0:1 pid=683 prio=120 target_cpu=000
          <idle>-0       [000] d..2. 24804.058579: sched_switch: prev_comm=swapper/0 prev_pid=0 prev_prio=120 prev_state=R ==> next_comm=kcompactd0 next_pid=44 next_prio=120
      kcompactd0-44      [000] d..2. 24804.059209: sched_switch: prev_comm=kcompactd0 prev_pid=44 prev_prio=120 prev_state=S ==> next_comm=kworker/0:1 next_pid=683 next_prio=120
     kworker/0:1-683     [000] d..2. 24804.059822: sched_switch: prev_comm=kworker/0:1 prev_pid=683 prev_prio=120 prev_state=I ==> next_comm=swapper/0 next_pid=0 next_prio=120
          <idle>-0       [002] dNh2. 24804.369283: sched_wakeup: comm=kworker/u16:0 pid=11 prio=120 target_cpu=002
          <idle>-0       [002] d..2. 24804.369746: sched_switch: prev_comm=swapper/2 prev_pid=0 prev_prio=120 prev_state=R ==> next_comm=kworker/u16:0 next_pid=11 next_prio=120
   kworker/u16:0-11      [002] d.s5. 24804.370009: sched_wakeup: comm=kworker/2:0 pid=632 prio=120 target_cpu=002
   kworker/u16:0-11      [002] d..2. 24804.370290: sched_switch: prev_comm=kworker/u16:0 prev_pid=11 prev_prio=120 prev_state=I ==> next_comm=kworker/2:0 next_pid=632 next_prio=120
          <idle>-0       [003] dNh2. 24804.370361: sched_wakeup: comm=sh pid=148 prio=120 target_cpu=003
          <idle>-0       [003] d..2. 24804.370531: sched_switch: prev_comm=swapper/3 prev_pid=0 prev_prio=120 prev_state=R ==> next_comm=sh next_pid=148 next_prio=120
     kworker/2:0-632     [002] d..2. 24804.370873: sched_switch: prev_comm=kworker/2:0 prev_pid=632 prev_prio=120 prev_state=I ==> next_comm=swapper/2 next_pid=0 next_prio=120
              sh-148     [003] d..2. 24804.372318: sched_switch: prev_comm=sh prev_pid=148 prev_prio=120 prev_state=S ==> next_comm=swapper/3 next_pid=0 next_prio=120
          <idle>-0       [002] dNh2. 24804.503812: sched_wakeup: comm=kworker/u16:0 pid=11 prio=120 target_cpu=002
          <idle>-0       [002] d..2. 24804.503931: sched_switch: prev_comm=swapper/2 prev_pid=0 prev_prio=120 prev_state=R ==> next_comm=kworker/u16:0 next_pid=11 next_prio=120
   kworker/u16:0-11      [002] d..2. 24804.504178: sched_switch: prev_comm=kworker/u16:0 prev_pid=11 prev_prio=120 prev_state=I ==> next_comm=swapper/2 next_pid=0 next_prio=120
          <idle>-0       [003] dNh2. 24804.504203: sched_wakeup: comm=sh pid=148 prio=120 target_cpu=003
          <idle>-0       [003] d..2. 24804.504382: sched_switch: prev_comm=swapper/3 prev_pid=0 prev_prio=120 prev_state=R ==> next_comm=sh next_pid=148 next_prio=120
              sh-148     [003] d..2. 24804.505245: sched_switch: prev_comm=sh prev_pid=148 prev_prio=120 prev_state=S ==> next_comm=swapper/3 next_pid=0 next_prio=120
          <idle>-0       [000] dNH2. 24804.560525: sched_wakeup: comm=kcompactd0 pid=44 prio=120 target_cpu=000
          <idle>-0       [000] d..2. 24804.560698: sched_switch: prev_comm=swapper/0 prev_pid=0 prev_prio=120 prev_state=R ==> next_comm=kcompactd0 next_pid=44 next_prio=120
      kcompactd0-44      [000] d..2. 24804.560859: sched_switch: prev_comm=kcompactd0 prev_pid=44 prev_prio=120 prev_state=S ==> next_comm=swapper/0 next_pid=0 next_prio=120
          <idle>-0       [002] dNh2. 24804.635402: sched_wakeup: comm=kworker/u16:0 pid=11 prio=120 target_cpu=002
          <idle>-0       [002] d..2. 24804.635482: sched_switch: prev_comm=swapper/2 prev_pid=0 prev_prio=120 prev_state=R ==> next_comm=kworker/u16:0 next_pid=11 next_prio=120
   kworker/u16:0-11      [002] d..2. 24804.635618: sched_switch: prev_comm=kworker/u16:0 prev_pid=11 prev_prio=120 prev_state=I ==> next_comm=swapper/2 next_pid=0 next_prio=120
          <idle>-0       [003] dNh2. 24804.635641: sched_wakeup: comm=sh pid=148 prio=120 target_cpu=003
          <idle>-0       [003] d..2. 24804.635776: sched_switch: prev_comm=swapper/3 prev_pid=0 prev_prio=120 prev_state=R ==> next_comm=sh next_pid=148 next_prio=120
              sh-148     [003] d..2. 24804.636013: sched_switch: prev_comm=sh prev_pid=148 prev_prio=120 prev_state=S ==> next_comm=swapper/3 next_pid=0 next_prio=120
          <idle>-0       [002] dNh2. 24804.763812: sched_wakeup: comm=kworker/u16:0 pid=11 prio=120 target_cpu=002
          <idle>-0       [002] d..2. 24804.763985: sched_switch: prev_comm=swapper/2 prev_pid=0 prev_prio=120 prev_state=R ==> next_comm=kworker/u16:0 next_pid=11 next_prio=120
          <idle>-0       [003] dNh2. 24804.764440: sched_wakeup: comm=sh pid=148 prio=120 target_cpu=003
   kworker/u16:0-11      [002] d..2. 24804.764552: sched_switch: prev_comm=kworker/u16:0 prev_pid=11 prev_prio=120 prev_state=I ==> next_comm=swapper/2 next_pid=0 next_prio=120
          <idle>-0       [003] d..2. 24804.764600: sched_switch: prev_comm=swapper/3 prev_pid=0 prev_prio=120 prev_state=R ==> next_comm=sh next_pid=148 next_prio=120
              sh-148     [003] d..2. 24804.765708: sched_switch: prev_comm=sh prev_pid=148 prev_prio=120 prev_state=S ==> next_comm=swapper/3 next_pid=0 next_prio=120
          <idle>-0       [002] dNh2. 24805.043460: sched_wakeup: comm=kworker/u16:0 pid=11 prio=120 target_cpu=002
          <idle>-0       [002] d..2. 24805.043573: sched_switch: prev_comm=swapper/2 prev_pid=0 prev_prio=120 prev_state=R ==> next_comm=kworker/u16:0 next_pid=11 next_prio=120
          <idle>-0       [003] dNh2. 24805.043789: sched_wakeup: comm=sh pid=148 prio=120 target_cpu=003
          <idle>-0       [003] d..2. 24805.043917: sched_switch: prev_comm=swapper/3 prev_pid=0 prev_prio=120 prev_state=R ==> next_comm=sh next_pid=148 next_prio=120
   kworker/u16:0-11      [002] d..2. 24805.043965: sched_switch: prev_comm=kworker/u16:0 prev_pid=11 prev_prio=120 prev_state=I ==> next_comm=swapper/2 next_pid=0 next_prio=120
              sh-148     [003] d..2. 24805.044294: sched_switch: prev_comm=sh prev_pid=148 prev_prio=120 prev_state=S ==> next_comm=swapper/3 next_pid=0 next_prio=120
          <idle>-0       [000] dNs4. 24805.064360: sched_wakeup: comm=kcompactd0 pid=44 prio=120 target_cpu=000
          <idle>-0       [000] d..2. 24805.064667: sched_switch: prev_comm=swapper/0 prev_pid=0 prev_prio=120 prev_state=R ==> next_comm=kcompactd0 next_pid=44 next_prio=120
      kcompactd0-44      [000] d..2. 24805.065170: sched_switch: prev_comm=kcompactd0 prev_pid=44 prev_prio=120 prev_state=S ==> next_comm=swapper/0 next_pid=0 next_prio=120
          <idle>-0       [002] dNh2. 24805.293188: sched_wakeup: comm=kworker/u16:0 pid=11 prio=120 target_cpu=002
          <idle>-0       [002] d..2. 24805.293321: sched_switch: prev_comm=swapper/2 prev_pid=0 prev_prio=120 prev_state=R ==> next_comm=kworker/u16:0 next_pid=11 next_prio=120
          <idle>-0       [003] dNh2. 24805.293613: sched_wakeup: comm=sh pid=148 prio=120 target_cpu=003
   kworker/u16:0-11      [002] d..2. 24805.293615: sched_switch: prev_comm=kworker/u16:0 prev_pid=11 prev_prio=120 prev_state=I ==> next_comm=swapper/2 next_pid=0 next_prio=120
          <idle>-0       [003] d..2. 24805.293758: sched_switch: prev_comm=swapper/3 prev_pid=0 prev_prio=120 prev_state=R ==> next_comm=sh next_pid=148 next_prio=120
              sh-148     [003] d..2. 24805.294268: sched_switch: prev_comm=sh prev_pid=148 prev_prio=120 prev_state=S ==> next_comm=swapper/3 next_pid=0 next_prio=120
          <idle>-0       [002] dNh2. 24805.393066: sched_wakeup: comm=kworker/u16:0 pid=11 prio=120 target_cpu=002
          <idle>-0       [002] d..2. 24805.393321: sched_switch: prev_comm=swapper/2 prev_pid=0 prev_prio=120 prev_state=R ==> next_comm=kworker/u16:0 next_pid=11 next_prio=120
   kworker/u16:0-11      [002] d..2. 24805.395134: sched_switch: prev_comm=kworker/u16:0 prev_pid=11 prev_prio=120 prev_state=I ==> next_comm=swapper/2 next_pid=0 next_prio=120
          <idle>-0       [003] dNH2. 24805.395150: sched_wakeup: comm=sh pid=148 prio=120 target_cpu=003
          <idle>-0       [003] d..2. 24805.395333: sched_switch: prev_comm=swapper/3 prev_pid=0 prev_prio=120 prev_state=R ==> next_comm=sh next_pid=148 next_prio=120
              sh-148     [003] d..2. 24805.395650: sched_switch: prev_comm=sh prev_pid=148 prev_prio=120 prev_state=S ==> next_comm=swapper/3 next_pid=0 next_prio=120
          <idle>-0       [000] dNs5. 24805.424563: sched_wakeup: comm=kworker/0:1 pid=683 prio=120 target_cpu=000
          <idle>-0       [000] d..2. 24805.425150: sched_switch: prev_comm=swapper/0 prev_pid=0 prev_prio=120 prev_state=R ==> next_comm=kworker/0:1 next_pid=683 next_prio=120
     kworker/0:1-683     [000] d..2. 24805.425651: sched_switch: prev_comm=kworker/0:1 prev_pid=683 prev_prio=120 prev_state=I ==> next_comm=swapper/0 next_pid=0 next_prio=120
          <idle>-0       [002] dNh2. 24805.510947: sched_wakeup: comm=kworker/u16:0 pid=11 prio=120 target_cpu=002
          <idle>-0       [002] d..2. 24805.511066: sched_switch: prev_comm=swapper/2 prev_pid=0 prev_prio=120 prev_state=R ==> next_comm=kworker/u16:0 next_pid=11 next_prio=120
          <idle>-0       [003] dNh2. 24805.511339: sched_wakeup: comm=sh pid=148 prio=120 target_cpu=003
   kworker/u16:0-11      [002] d..2. 24805.511350: sched_switch: prev_comm=kworker/u16:0 prev_pid=11 prev_prio=120 prev_state=I ==> next_comm=swapper/2 next_pid=0 next_prio=120
          <idle>-0       [003] d..2. 24805.511467: sched_switch: prev_comm=swapper/3 prev_pid=0 prev_prio=120 prev_state=R ==> next_comm=sh next_pid=148 next_prio=120
              sh-148     [003] d..2. 24805.512144: sched_switch: prev_comm=sh prev_pid=148 prev_prio=120 prev_state=S ==> next_comm=swapper/3 next_pid=0 next_prio=120
          <idle>-0       [000] dNs4. 24805.569064: sched_wakeup: comm=kcompactd0 pid=44 prio=120 target_cpu=000
          <idle>-0       [000] d..2. 24805.569396: sched_switch: prev_comm=swapper/0 prev_pid=0 prev_prio=120 prev_state=R ==> next_comm=kcompactd0 next_pid=44 next_prio=120
      kcompactd0-44      [000] d..2. 24805.569554: sched_switch: prev_comm=kcompactd0 prev_pid=44 prev_prio=120 prev_state=S ==> next_comm=swapper/0 next_pid=0 next_prio=120
          <idle>-0       [002] dNh2. 24805.627991: sched_wakeup: comm=kworker/u16:0 pid=11 prio=120 target_cpu=002
          <idle>-0       [002] d..2. 24805.628060: sched_switch: prev_comm=swapper/2 prev_pid=0 prev_prio=120 prev_state=R ==> next_comm=kworker/u16:0 next_pid=11 next_prio=120
   kworker/u16:0-11      [002] d..2. 24805.628169: sched_switch: prev_comm=kworker/u16:0 prev_pid=11 prev_prio=120 prev_state=I ==> next_comm=swapper/2 next_pid=0 next_prio=120
          <idle>-0       [003] dNh2. 24805.628177: sched_wakeup: comm=sh pid=148 prio=120 target_cpu=003
          <idle>-0       [003] d..2. 24805.628286: sched_switch: prev_comm=swapper/3 prev_pid=0 prev_prio=120 prev_state=R ==> next_comm=sh next_pid=148 next_prio=120
              sh-148     [003] d..2. 24805.629670: sched_switch: prev_comm=sh prev_pid=148 prev_prio=120 prev_state=S ==> next_comm=swapper/3 next_pid=0 next_prio=120
          <idle>-0       [000] dNs4. 24806.073425: sched_wakeup: comm=kcompactd0 pid=44 prio=120 target_cpu=000
          <idle>-0       [000] dNs5. 24806.073589: sched_wakeup: comm=kworker/0:1 pid=683 prio=120 target_cpu=000
          <idle>-0       [000] d..2. 24806.074108: sched_switch: prev_comm=swapper/0 prev_pid=0 prev_prio=120 prev_state=R ==> next_comm=kworker/0:1 next_pid=683 next_prio=120
     kworker/0:1-683     [000] d..2. 24806.074795: sched_switch: prev_comm=kworker/0:1 prev_pid=683 prev_prio=120 prev_state=I ==> next_comm=swapper/0 next_pid=0 next_prio=120
          <idle>-0       [003] d..2. 24806.075034: sched_switch: prev_comm=swapper/3 prev_pid=0 prev_prio=120 prev_state=R ==> next_comm=kcompactd0 next_pid=44 next_prio=120
      kcompactd0-44      [003] d..2. 24806.075604: sched_switch: prev_comm=kcompactd0 prev_pid=44 prev_prio=120 prev_state=S ==> next_comm=swapper/3 next_pid=0 next_prio=120
          <idle>-0       [002] dNh2. 24806.150230: sched_wakeup: comm=kworker/u16:0 pid=11 prio=120 target_cpu=002
          <idle>-0       [002] d..2. 24806.150506: sched_switch: prev_comm=swapper/2 prev_pid=0 prev_prio=120 prev_state=R ==> next_comm=kworker/u16:0 next_pid=11 next_prio=120
          <idle>-0       [003] dNh2. 24806.152620: sched_wakeup: comm=sh pid=148 prio=120 target_cpu=003
   kworker/u16:0-11      [002] dNs3. 24806.153047: sched_wakeup: comm=ksoftirqd/2 pid=29 prio=120 target_cpu=002
   kworker/u16:0-11      [002] d..2. 24806.153133: sched_switch: prev_comm=kworker/u16:0 prev_pid=11 prev_prio=120 prev_state=R+ ==> next_comm=ksoftirqd/2 next_pid=29 next_prio=120
     ksoftirqd/2-29      [002] d..2. 24806.153277: sched_switch: prev_comm=ksoftirqd/2 prev_pid=29 prev_prio=120 prev_state=S ==> next_comm=kworker/u16:0 next_pid=11 next_prio=120
   kworker/u16:0-11      [002] d..2. 24806.153432: sched_switch: prev_comm=kworker/u16:0 prev_pid=11 prev_prio=120 prev_state=I ==> next_comm=swapper/2 next_pid=0 next_prio=120
          <idle>-0       [003] d..2. 24806.153531: sched_switch: prev_comm=swapper/3 prev_pid=0 prev_prio=120 prev_state=R ==> next_comm=sh next_pid=148 next_prio=120
              sh-148     [003] d..2. 24806.155746: sched_switch: prev_comm=sh prev_pid=148 prev_prio=120 prev_state=S ==> next_comm=swapper/3 next_pid=0 next_prio=120
          <idle>-0       [002] dNh2. 24806.352420: sched_wakeup: comm=kworker/u16:0 pid=11 prio=120 target_cpu=002
          <idle>-0       [002] d..2. 24806.352735: sched_switch: prev_comm=swapper/2 prev_pid=0 prev_prio=120 prev_state=R ==> next_comm=kworker/u16:0 next_pid=11 next_prio=120
   kworker/u16:0-11      [002] d..2. 24806.353991: sched_switch: prev_comm=kworker/u16:0 prev_pid=11 prev_prio=120 prev_state=I ==> next_comm=swapper/2 next_pid=0 next_prio=120
          <idle>-0       [003] dNh2. 24806.355515: sched_wakeup: comm=sh pid=148 prio=120 target_cpu=003
          <idle>-0       [003] d..2. 24806.355803: sched_switch: prev_comm=swapper/3 prev_pid=0 prev_prio=120 prev_state=R ==> next_comm=sh next_pid=148 next_prio=120
              sh-148     [003] d..2. 24806.357314: sched_switch: prev_comm=sh prev_pid=148 prev_prio=120 prev_state=S ==> next_comm=swapper/3 next_pid=0 next_prio=120
          <idle>-0       [003] dNH2. 24806.577902: sched_wakeup: comm=kcompactd0 pid=44 prio=120 target_cpu=003
          <idle>-0       [003] d..2. 24806.578280: sched_switch: prev_comm=swapper/3 prev_pid=0 prev_prio=120 prev_state=R ==> next_comm=kcompactd0 next_pid=44 next_prio=120
      kcompactd0-44      [003] d..2. 24806.579217: sched_switch: prev_comm=kcompactd0 prev_pid=44 prev_prio=120 prev_state=S ==> next_comm=swapper/3 next_pid=0 next_prio=120
          <idle>-0       [002] dNh2. 24806.684114: sched_wakeup: comm=kworker/u16:0 pid=11 prio=120 target_cpu=002
          <idle>-0       [002] d..2. 24806.684406: sched_switch: prev_comm=swapper/2 prev_pid=0 prev_prio=120 prev_state=R ==> next_comm=kworker/u16:0 next_pid=11 next_prio=120
          <idle>-0       [003] dNh2. 24806.685051: sched_wakeup: comm=sh pid=148 prio=120 target_cpu=003
   kworker/u16:0-11      [002] d..2. 24806.685107: sched_switch: prev_comm=kworker/u16:0 prev_pid=11 prev_prio=120 prev_state=I ==> next_comm=swapper/2 next_pid=0 next_prio=120
          <idle>-0       [003] d..2. 24806.685343: sched_switch: prev_comm=swapper/3 prev_pid=0 prev_prio=120 prev_state=R ==> next_comm=sh next_pid=148 next_prio=120
              sh-148     [003] d..2. 24806.692454: sched_switch: prev_comm=sh prev_pid=148 prev_prio=120 prev_state=S ==> next_comm=swapper/3 next_pid=0 next_prio=120
          <idle>-0       [003] dNs4. 24807.081576: sched_wakeup: comm=kcompactd0 pid=44 prio=120 target_cpu=003
          <idle>-0       [003] d..2. 24807.082145: sched_switch: prev_comm=swapper/3 prev_pid=0 prev_prio=120 prev_state=R ==> next_comm=kcompactd0 next_pid=44 next_prio=120
      kcompactd0-44      [003] d..2. 24807.082620: sched_switch: prev_comm=kcompactd0 prev_pid=44 prev_prio=120 prev_state=S ==> next_comm=swapper/3 next_pid=0 next_prio=120
          <idle>-0       [002] dNh6. 24807.317597: sched_wakeup: comm=kworker/2:0 pid=632 prio=120 target_cpu=002
          <idle>-0       [003] d.h7. 24807.317620: sched_wakeup: comm=kworker/u16:0 pid=11 prio=120 target_cpu=002
          <idle>-0       [002] d..2. 24807.317682: sched_switch: prev_comm=swapper/2 prev_pid=0 prev_prio=120 prev_state=R ==> next_comm=kworker/2:0 next_pid=632 next_prio=120
     kworker/2:0-632     [002] d..2. 24807.317739: sched_switch: prev_comm=kworker/2:0 prev_pid=632 prev_prio=120 prev_state=I ==> next_comm=kworker/u16:0 next_pid=11 next_prio=120
   kworker/u16:0-11      [002] d..6. 24807.317763: sched_wakeup: comm=kworker/2:0 pid=632 prio=120 target_cpu=002
   kworker/u16:0-11      [002] d..2. 24807.317807: sched_switch: prev_comm=kworker/u16:0 prev_pid=11 prev_prio=120 prev_state=I ==> next_comm=kworker/2:0 next_pid=632 next_prio=120
          <idle>-0       [003] dNh2. 24807.317820: sched_wakeup: comm=sh pid=148 prio=120 target_cpu=003
          <idle>-0       [003] d..2. 24807.317870: sched_switch: prev_comm=swapper/3 prev_pid=0 prev_prio=120 prev_state=R ==> next_comm=sh next_pid=148 next_prio=120
     kworker/2:0-632     [002] d..2. 24807.317895: sched_switch: prev_comm=kworker/2:0 prev_pid=632 prev_prio=120 prev_state=I ==> next_comm=swapper/2 next_pid=0 next_prio=120
              sh-148     [003] ..... 24807.318191: __x64_sys_clone+0x4/0x30 <-do_syscall_64+0xb2/0x1d0
              sh-148     [003] ..... 24807.318235: <stack trace>
 => [FTRACE TRAMPOLINE]
 => __x64_sys_clone+0x9/0x30
 => do_syscall_64+0xb2/0x1d0
 => entry_SYSCALL_64_after_hwframe+0x77/0x7f
              sh-148     [003] ..... 24807.318240: kernel_clone+0x4/0x3b0 <-__do_sys_clone+0x66/0x90
              sh-148     [003] ..... 24807.318247: <stack trace>
 => [FTRACE TRAMPOLINE]
 => kernel_clone+0x9/0x3b0
 => __do_sys_clone+0x66/0x90
 => do_syscall_64+0xb2/0x1d0
 => entry_SYSCALL_64_after_hwframe+0x77/0x7f
              sh-148     [003] ..... 24807.318250: copy_process+0x4/0x1a60 <-kernel_clone+0x9e/0x3b0
              sh-148     [003] ..... 24807.318255: <stack trace>
 => [FTRACE TRAMPOLINE]
 => copy_process+0x9/0x1a60
 => kernel_clone+0x9e/0x3b0
 => __do_sys_clone+0x66/0x90
 => do_syscall_64+0xb2/0x1d0
 => entry_SYSCALL_64_after_hwframe+0x77/0x7f
              sh-148     [003] ..... 24807.318892: sched_process_fork: comm=sh pid=148 child_comm=sh child_pid=755
          <idle>-0       [000] d..2. 24807.319017: sched_switch: prev_comm=swapper/0 prev_pid=0 prev_prio=120 prev_state=R ==> next_comm=sh next_pid=755 next_prio=120
              sh-148     [003] d..2. 24807.319219: sched_switch: prev_comm=sh prev_pid=148 prev_prio=120 prev_state=S ==> next_comm=swapper/3 next_pid=0 next_prio=120
             cat-755     [000] ..... 24807.319481: __x64_sys_execve+0x4/0x50 <-do_syscall_64+0xb2/0x1d0
             cat-755     [000] ..... 24807.319514: <stack trace>
 => [FTRACE TRAMPOLINE]
 => __x64_sys_execve+0x9/0x50
 => do_syscall_64+0xb2/0x1d0
 => entry_SYSCALL_64_after_hwframe+0x77/0x7f
          <idle>-0       [002] dNh2. 24807.320956: sched_wakeup: comm=rcu_preempt pid=17 prio=120 target_cpu=002
          <idle>-0       [002] d..2. 24807.321060: sched_switch: prev_comm=swapper/2 prev_pid=0 prev_prio=120 prev_state=R ==> next_comm=rcu_preempt next_pid=17 next_prio=120
     rcu_preempt-17      [002] d..2. 24807.321101: sched_switch: prev_comm=rcu_preempt prev_pid=17 prev_prio=120 prev_state=I ==> next_comm=swapper/2 next_pid=0 next_prio=120
             cat-755     [000] ..... 24807.321195: sched_process_exec: filename=/bin/cat pid=755 old_pid=755
          <idle>-0       [002] dNh2. 24807.324741: sched_wakeup: comm=rcu_preempt pid=17 prio=120 target_cpu=002
          <idle>-0       [002] d..2. 24807.324770: sched_switch: prev_comm=swapper/2 prev_pid=0 prev_prio=120 prev_state=R ==> next_comm=rcu_preempt next_pid=17 next_prio=120
     rcu_preempt-17      [002] d..2. 24807.324794: sched_switch: prev_comm=rcu_preempt prev_pid=17 prev_prio=120 prev_state=I ==> next_comm=swapper/2 next_pid=0 next_prio=120
          <idle>-0       [002] dNh2. 24807.328747: sched_wakeup: comm=rcu_preempt pid=17 prio=120 target_cpu=002
          <idle>-0       [002] d..2. 24807.328762: sched_switch: prev_comm=swapper/2 prev_pid=0 prev_prio=120 prev_state=R ==> next_comm=rcu_preempt next_pid=17 next_prio=120
     rcu_preempt-17      [002] d..2. 24807.328794: sched_switch: prev_comm=rcu_preempt prev_pid=17 prev_prio=120 prev_state=I ==> next_comm=swapper/2 next_pid=0 next_prio=120
          <idle>-0       [002] dNh2. 24807.332742: sched_wakeup: comm=rcu_preempt pid=17 prio=120 target_cpu=002
          <idle>-0       [002] d..2. 24807.332771: sched_switch: prev_comm=swapper/2 prev_pid=0 prev_prio=120 prev_state=R ==> next_comm=rcu_preempt next_pid=17 next_prio=120
     rcu_preempt-17      [002] d..2. 24807.332790: sched_switch: prev_comm=rcu_preempt prev_pid=17 prev_prio=120 prev_state=I ==> next_comm=swapper/2 next_pid=0 next_prio=120
          <idle>-0       [002] dNh2. 24807.337243: sched_wakeup: comm=rcu_preempt pid=17 prio=120 target_cpu=002
          <idle>-0       [002] d..2. 24807.337283: sched_switch: prev_comm=swapper/2 prev_pid=0 prev_prio=120 prev_state=R ==> next_comm=rcu_preempt next_pid=17 next_prio=120
     rcu_preempt-17      [002] d..2. 24807.337630: sched_switch: prev_comm=rcu_preempt prev_pid=17 prev_prio=120 prev_state=I ==> next_comm=swapper/2 next_pid=0 next_prio=120
          <idle>-0       [002] dNh2. 24807.342013: sched_wakeup: comm=rcu_preempt pid=17 prio=120 target_cpu=002
          <idle>-0       [002] d..2. 24807.342173: sched_switch: prev_comm=swapper/2 prev_pid=0 prev_prio=120 prev_state=R ==> next_comm=rcu_preempt next_pid=17 next_prio=120
     rcu_preempt-17      [002] d..2. 24807.342299: sched_switch: prev_comm=rcu_preempt prev_pid=17 prev_prio=120 prev_state=I ==> next_comm=swapper/2 next_pid=0 next_prio=120
          <idle>-0       [002] dNh2. 24807.350315: sched_wakeup: comm=rcu_preempt pid=17 prio=120 target_cpu=002
          <idle>-0       [002] d..2. 24807.350552: sched_switch: prev_comm=swapper/2 prev_pid=0 prev_prio=120 prev_state=R ==> next_comm=rcu_preempt next_pid=17 next_prio=120
     rcu_preempt-17      [002] d..2. 24807.350592: sched_switch: prev_comm=rcu_preempt prev_pid=17 prev_prio=120 prev_state=I ==> next_comm=swapper/2 next_pid=0 next_prio=120
          <idle>-0       [002] dNh2. 24807.354333: sched_wakeup: comm=rcu_preempt pid=17 prio=120 target_cpu=002
          <idle>-0       [002] d..2. 24807.354400: sched_switch: prev_comm=swapper/2 prev_pid=0 prev_prio=120 prev_state=R ==> next_comm=rcu_preempt next_pid=17 next_prio=120
     rcu_preempt-17      [002] d..2. 24807.354698: sched_switch: prev_comm=rcu_preempt prev_pid=17 prev_prio=120 prev_state=I ==> next_comm=swapper/2 next_pid=0 next_prio=120
          <idle>-0       [002] dNs4. 24807.362389: sched_wakeup: comm=rcu_preempt pid=17 prio=120 target_cpu=002
          <idle>-0       [002] d..2. 24807.362407: sched_switch: prev_comm=swapper/2 prev_pid=0 prev_prio=120 prev_state=R ==> next_comm=rcu_preempt next_pid=17 next_prio=120
     rcu_preempt-17      [002] d..2. 24807.362435: sched_switch: prev_comm=rcu_preempt prev_pid=17 prev_prio=120 prev_state=I ==> next_comm=swapper/2 next_pid=0 next_prio=120
          <idle>-0       [002] dNs4. 24807.366395: sched_wakeup: comm=rcu_preempt pid=17 prio=120 target_cpu=002
          <idle>-0       [002] d..2. 24807.366768: sched_switch: prev_comm=swapper/2 prev_pid=0 prev_prio=120 prev_state=R ==> next_comm=rcu_preempt next_pid=17 next_prio=120
     rcu_preempt-17      [002] d..2. 24807.369056: sched_switch: prev_comm=rcu_preempt prev_pid=17 prev_prio=120 prev_state=I ==> next_comm=swapper/2 next_pid=0 next_prio=120
             cat-755     [000] ..... 24807.376027: do_exit+0x4/0xb20 <-do_group_exit+0x30/0x80
             cat-755     [000] ..... 24807.376070: <stack trace>
 => [FTRACE TRAMPOLINE]
 => do_exit+0x9/0xb20
 => do_group_exit+0x30/0x80
 => __x64_sys_exit_group+0x18/0x20
 => x64_sys_call+0xf6f/0x18a0
 => do_syscall_64+0xb2/0x1d0
 => entry_SYSCALL_64_after_hwframe+0x77/0x7f
             cat-755     [000] ..... 24807.376434: sched_process_exit: comm=cat pid=755 prio=120
             cat-755     [000] d..2. 24807.376540: signal_generate: sig=17 errno=0 code=1 comm=sh pid=148 grp=1 res=0
          <idle>-0       [003] dNh2. 24807.376577: sched_wakeup: comm=sh pid=148 prio=120 target_cpu=003
             cat-755     [000] d..2. 24807.376610: sched_switch: prev_comm=cat prev_pid=755 prev_prio=120 prev_state=Z ==> next_comm=swapper/0 next_pid=0 next_prio=120
          <idle>-0       [003] d..2. 24807.376620: sched_switch: prev_comm=swapper/3 prev_pid=0 prev_prio=120 prev_state=R ==> next_comm=sh next_pid=148 next_prio=120
              sh-148     [003] d..1. 24807.376806: signal_deliver: sig=17 errno=0 code=1 sa_handler=560b95199b1d sa_flags=4000000
          <idle>-0       [002] dNh2. 24807.376812: sched_wakeup: comm=rcu_preempt pid=17 prio=120 target_cpu=002
          <idle>-0       [002] d..2. 24807.376831: sched_switch: prev_comm=swapper/2 prev_pid=0 prev_prio=120 prev_state=R ==> next_comm=rcu_preempt next_pid=17 next_prio=120
     rcu_preempt-17      [002] d..2. 24807.376857: sched_switch: prev_comm=rcu_preempt prev_pid=17 prev_prio=120 prev_state=I ==> next_comm=swapper/2 next_pid=0 next_prio=120
              sh-148     [003] d..2. 24807.377176: sched_switch: prev_comm=sh prev_pid=148 prev_prio=120 prev_state=S ==> next_comm=swapper/3 next_pid=0 next_prio=120
          <idle>-0       [002] dNh2. 24807.380914: sched_wakeup: comm=rcu_preempt pid=17 prio=120 target_cpu=002
          <idle>-0       [002] d..2. 24807.380941: sched_switch: prev_comm=swapper/2 prev_pid=0 prev_prio=120 prev_state=R ==> next_comm=rcu_preempt next_pid=17 next_prio=120
     rcu_preempt-17      [002] d..2. 24807.380966: sched_switch: prev_comm=rcu_preempt prev_pid=17 prev_prio=120 prev_state=I ==> next_comm=swapper/2 next_pid=0 next_prio=120
          <idle>-0       [002] dNh2. 24807.384749: sched_wakeup: comm=rcu_preempt pid=17 prio=120 target_cpu=002
          <idle>-0       [002] d..2. 24807.384775: sched_switch: prev_comm=swapper/2 prev_pid=0 prev_prio=120 prev_state=R ==> next_comm=rcu_preempt next_pid=17 next_prio=120
     rcu_preempt-17      [002] d..2. 24807.384810: sched_switch: prev_comm=rcu_preempt prev_pid=17 prev_prio=120 prev_state=I ==> next_comm=swapper/2 next_pid=0 next_prio=120
          <idle>-0       [000] dNs5. 24807.385767: sched_wakeup: comm=kworker/0:1 pid=683 prio=120 target_cpu=000
          <idle>-0       [000] d..2. 24807.385788: sched_switch: prev_comm=swapper/0 prev_pid=0 prev_prio=120 prev_state=R ==> next_comm=kworker/0:1 next_pid=683 next_prio=120
     kworker/0:1-683     [000] d..2. 24807.385836: sched_switch: prev_comm=kworker/0:1 prev_pid=683 prev_prio=120 prev_state=I ==> next_comm=swapper/0 next_pid=0 next_prio=120
          <idle>-0       [002] dNh2. 24807.388722: sched_wakeup: comm=rcu_preempt pid=17 prio=120 target_cpu=002
          <idle>-0       [002] d..2. 24807.388743: sched_switch: prev_comm=swapper/2 prev_pid=0 prev_prio=120 prev_state=R ==> next_comm=rcu_preempt next_pid=17 next_prio=120
