     rcu_preempt-17      [002] d..2. 24807.388760: sched_switch: prev_comm=rcu_preempt prev_pid=17 prev_prio=120 prev_state=I ==> next_comm=swapper/2 next_pid=0 next_prio=120
          <idle>-0       [002] dNh2. 24807.392707: sched_wakeup: comm=rcu_preempt pid=17 prio=120 target_cpu=002
          <idle>-0       [002] d..2. 24807.392730: sched_switch: prev_comm=swapper/2 prev_pid=0 prev_prio=120 prev_state=R ==> next_comm=rcu_preempt next_pid=17 next_prio=120
     rcu_preempt-17      [002] d..2. 24807.392750: sched_switch: prev_comm=rcu_preempt prev_pid=17 prev_prio=120 prev_state=I ==> next_comm=swapper/2 next_pid=0 next_prio=120
          <idle>-0       [003] ..s1. 24807.393688: sched_process_free: comm=cat pid=755 prio=120
          <idle>-0       [002] dNh2. 24807.394701: sched_wakeup: comm=rcu_preempt pid=17 prio=120 target_cpu=002
          <idle>-0       [002] d..2. 24807.394721: sched_switch: prev_comm=swapper/2 prev_pid=0 prev_prio=120 prev_state=R ==> next_comm=rcu_preempt next_pid=17 next_prio=120
     rcu_preempt-17      [002] d..2. 24807.394736: sched_switch: prev_comm=rcu_preempt prev_pid=17 prev_prio=120 prev_state=I ==> next_comm=swapper/2 next_pid=0 next_prio=120
          <idle>-0       [002] dNh2. 24807.398732: sched_wakeup: comm=rcu_preempt pid=17 prio=120 target_cpu=002
          <idle>-0       [002] d..2. 24807.398754: sched_switch: prev_comm=swapper/2 prev_pid=0 prev_prio=120 prev_state=R ==> next_comm=rcu_preempt next_pid=17 next_prio=120
     rcu_preempt-17      [002] d..2. 24807.398772: sched_switch: prev_comm=rcu_preempt prev_pid=17 prev_prio=120 prev_state=I ==> next_comm=swapper/2 next_pid=0 next_prio=120
          <idle>-0       [002] dNh2. 24807.402757: sched_wakeup: comm=rcu_preempt pid=17 prio=120 target_cpu=002
          <idle>-0       [002] d..2. 24807.402777: sched_switch: prev_comm=swapper/2 prev_pid=0 prev_prio=120 prev_state=R ==> next_comm=rcu_preempt next_pid=17 next_prio=120
     rcu_preempt-17      [002] d..2. 24807.402806: sched_switch: prev_comm=rcu_preempt prev_pid=17 prev_prio=120 prev_state=I ==> next_comm=swapper/2 next_pid=0 next_prio=120
          <idle>-0       [003] dNs5. 24807.472558: sched_wakeup: comm=kworker/3:2 pid=688 prio=120 target_cpu=003
          <idle>-0       [003] d..2. 24807.472801: sched_switch: prev_comm=swapper/3 prev_pid=0 prev_prio=120 prev_state=R ==> next_comm=kworker/3:2 next_pid=688 next_prio=120
     kworker/3:2-688     [003] d..2. 24807.473267: sched_switch: prev_comm=kworker/3:2 prev_pid=688 prev_prio=120 prev_state=I ==> next_comm=swapper/3 next_pid=0 next_prio=120
          <idle>-0       [003] dNs4. 24807.584886: sched_wakeup: comm=kcompactd0 pid=44 prio=120 target_cpu=003
          <idle>-0       [003] d..2. 24807.585340: sched_switch: prev_comm=swapper/3 prev_pid=0 prev_prio=120 prev_state=R ==> next_comm=kcompactd0 next_pid=44 next_prio=120
      kcompactd0-44      [003] d..2. 24807.586082: sched_switch: prev_comm=kcompactd0 prev_pid=44 prev_prio=120 prev_state=S ==> next_comm=swapper/3 next_pid=0 next_prio=120
          <idle>-0       [002] dNh2. 24807.922117: sched_wakeup: comm=kworker/u16:0 pid=11 prio=120 target_cpu=002
          <idle>-0       [002] d..2. 24807.922477: sched_switch: prev_comm=swapper/2 prev_pid=0 prev_prio=120 prev_state=R ==> next_comm=kworker/u16:0 next_pid=11 next_prio=120
   kworker/u16:0-11      [002] d..2. 24807.927307: sched_switch: prev_comm=kworker/u16:0 prev_pid=11 prev_prio=120 prev_state=I ==> next_comm=swapper/2 next_pid=0 next_prio=120
          <idle>-0       [002] dNh6. 24807.942977: sched_wakeup: comm=kworker/2:0 pid=632 prio=120 target_cpu=002
          <idle>-0       [002] d..2. 24807.943459: sched_switch: prev_comm=swapper/2 prev_pid=0 prev_prio=120 prev_state=R ==> next_comm=kworker/2:0 next_pid=632 next_prio=120
     kworker/2:0-632     [002] d..2. 24807.944685: sched_switch: prev_comm=kworker/2:0 prev_pid=632 prev_prio=120 prev_state=I ==> next_comm=swapper/2 next_pid=0 next_prio=120
          <idle>-0       [002] dNh2. 24808.034687: sched_wakeup: comm=kworker/u16:0 pid=11 prio=120 target_cpu=002
          <idle>-0       [002] d..2. 24808.034766: sched_switch: prev_comm=swapper/2 prev_pid=0 prev_prio=120 prev_state=R ==> next_comm=kworker/u16:0 next_pid=11 next_prio=120
   kworker/u16:0-11      [002] d..6. 24808.034812: sched_wakeup: comm=kworker/2:0 pid=632 prio=120 target_cpu=002
   kworker/u16:0-11      [002] d..2. 24808.034869: sched_switch: prev_comm=kworker/u16:0 prev_pid=11 prev_prio=120 prev_state=I ==> next_comm=kworker/2:0 next_pid=632 next_prio=120
          <idle>-0       [003] dNh2. 24808.034875: sched_wakeup: comm=sh pid=148 prio=120 target_cpu=003
          <idle>-0       [003] d..2. 24808.034926: sched_switch: prev_comm=swapper/3 prev_pid=0 prev_prio=120 prev_state=R ==> next_comm=sh next_pid=148 next_prio=120
     kworker/2:0-632     [002] d..2. 24808.034973: sched_switch: prev_comm=kworker/2:0 prev_pid=632 prev_prio=120 prev_state=I ==> next_comm=swapper/2 next_pid=0 next_prio=120
              sh-148     [003] d..2. 24808.035301: sched_switch: prev_comm=sh prev_pid=148 prev_prio=120 prev_state=S ==> next_comm=swapper/3 next_pid=0 next_prio=120
          <idle>-0       [003] dNs4. 24808.088960: sched_wakeup: comm=kcompactd0 pid=44 prio=120 target_cpu=003
          <idle>-0       [003] d..2. 24808.089489: sched_switch: prev_comm=swapper/3 prev_pid=0 prev_prio=120 prev_state=R ==> next_comm=kcompactd0 next_pid=44 next_prio=120
      kcompactd0-44      [003] d..2. 24808.089744: sched_switch: prev_comm=kcompactd0 prev_pid=44 prev_prio=120 prev_state=S ==> next_comm=swapper/3 next_pid=0 next_prio=120
          <idle>-0       [002] dNh2. 24808.145411: sched_wakeup: comm=kworker/u16:0 pid=11 prio=120 target_cpu=002
          <idle>-0       [002] d..2. 24808.145806: sched_switch: prev_comm=swapper/2 prev_pid=0 prev_prio=120 prev_state=R ==> next_comm=kworker/u16:0 next_pid=11 next_prio=120
   kworker/u16:0-11      [002] d..2. 24808.146391: sched_switch: prev_comm=kworker/u16:0 prev_pid=11 prev_prio=120 prev_state=I ==> next_comm=swapper/2 next_pid=0 next_prio=120
          <idle>-0       [002] dNh2. 24808.210160: sched_wakeup: comm=kworker/u16:0 pid=11 prio=120 target_cpu=002
          <idle>-0       [002] d..2. 24808.210213: sched_switch: prev_comm=swapper/2 prev_pid=0 prev_prio=120 prev_state=R ==> next_comm=kworker/u16:0 next_pid=11 next_prio=120
          <idle>-0       [003] dNh2. 24808.210327: sched_wakeup: comm=sh pid=148 prio=120 target_cpu=003
          <idle>-0       [003] d..2. 24808.210376: sched_switch: prev_comm=swapper/3 prev_pid=0 prev_prio=120 prev_state=R ==> next_comm=sh next_pid=148 next_prio=120
   kworker/u16:0-11      [002] d..2. 24808.210403: sched_switch: prev_comm=kworker/u16:0 prev_pid=11 prev_prio=120 prev_state=I ==> next_comm=swapper/2 next_pid=0 next_prio=120
              sh-148     [003] d..2. 24808.211020: sched_switch: prev_comm=sh prev_pid=148 prev_prio=120 prev_state=S ==> next_comm=swapper/3 next_pid=0 next_prio=120
          <idle>-0       [003] dNs4. 24808.593325: sched_wakeup: comm=kcompactd0 pid=44 prio=120 target_cpu=003
          <idle>-0       [003] d..2. 24808.593824: sched_switch: prev_comm=swapper/3 prev_pid=0 prev_prio=120 prev_state=R ==> next_comm=kcompactd0 next_pid=44 next_prio=120
      kcompactd0-44      [003] d..2. 24808.594416: sched_switch: prev_comm=kcompactd0 prev_pid=44 prev_prio=120 prev_state=S ==> next_comm=swapper/3 next_pid=0 next_prio=120
          <idle>-0       [002] dNh6. 24808.836687: sched_wakeup: comm=kworker/2:0 pid=632 prio=120 target_cpu=002
          <idle>-0       [002] d..2. 24808.837124: sched_switch: prev_comm=swapper/2 prev_pid=0 prev_prio=120 prev_state=R ==> next_comm=kworker/2:0 next_pid=632 next_prio=120
     kworker/2:0-632     [002] d..2. 24808.837917: sched_switch: prev_comm=kworker/2:0 prev_pid=632 prev_prio=120 prev_state=I ==> next_comm=swapper/2 next_pid=0 next_prio=120
          <idle>-0       [003] dNs4. 24809.097583: sched_wakeup: comm=kcompactd0 pid=44 prio=120 target_cpu=003
          <idle>-0       [003] d..2. 24809.098454: sched_switch: prev_comm=swapper/3 prev_pid=0 prev_prio=120 prev_state=R ==> next_comm=kcompactd0 next_pid=44 next_prio=120
      kcompactd0-44      [003] d..2. 24809.099224: sched_switch: prev_comm=kcompactd0 prev_pid=44 prev_prio=120 prev_state=S ==> next_comm=swapper/3 next_pid=0 next_prio=120
          <idle>-0       [003] dNs5. 24809.521867: sched_wakeup: comm=kworker/3:2 pid=688 prio=120 target_cpu=003
          <idle>-0       [003] d..2. 24809.522476: sched_switch: prev_comm=swapper/3 prev_pid=0 prev_prio=120 prev_state=R ==> next_comm=kworker/3:2 next_pid=688 next_prio=120
          <idle>-0       [002] dNs5. 24809.523086: sched_wakeup: comm=kworker/2:0 pid=632 prio=120 target_cpu=002
          <idle>-0       [002] d..2. 24809.523386: sched_switch: prev_comm=swapper/2 prev_pid=0 prev_prio=120 prev_state=R ==> next_comm=kworker/2:0 next_pid=632 next_prio=120
     kworker/2:0-632     [002] d..2. 24809.523575: sched_switch: prev_comm=kworker/2:0 prev_pid=632 prev_prio=120 prev_state=I ==> next_comm=swapper/2 next_pid=0 next_prio=120
     kworker/3:2-688     [003] d..2. 24809.524348: sched_switch: prev_comm=kworker/3:2 prev_pid=688 prev_prio=120 prev_state=I ==> next_comm=swapper/3 next_pid=0 next_prio=120
          <idle>-0       [000] dNs5. 24809.525923: sched_wakeup: comm=kworker/0:1 pid=683 prio=120 target_cpu=000
          <idle>-0       [000] d..2. 24809.526199: sched_switch: prev_comm=swapper/0 prev_pid=0 prev_prio=120 prev_state=R ==> next_comm=kworker/0:1 next_pid=683 next_prio=120
          <idle>-0       [002] dNh2. 24809.527272: sched_wakeup: comm=kworker/2:0 pid=632 prio=120 target_cpu=002
          <idle>-0       [002] d..2. 24809.527845: sched_switch: prev_comm=swapper/2 prev_pid=0 prev_prio=120 prev_state=R ==> next_comm=kworker/2:0 next_pid=632 next_prio=120
          <idle>-0       [003] dNh2. 24809.527972: sched_wakeup: comm=kworker/3:2 pid=688 prio=120 target_cpu=003
     kworker/0:1-683     [000] d..2. 24809.528349: sched_switch: prev_comm=kworker/0:1 prev_pid=683 prev_prio=120 prev_state=I ==> next_comm=swapper/0 next_pid=0 next_prio=120
     kworker/2:0-632     [002] d..2. 24809.528457: sched_switch: prev_comm=kworker/2:0 prev_pid=632 prev_prio=120 prev_state=I ==> next_comm=swapper/2 next_pid=0 next_prio=120
          <idle>-0       [003] d..2. 24809.529004: sched_switch: prev_comm=swapper/3 prev_pid=0 prev_prio=120 prev_state=R ==> next_comm=kworker/3:2 next_pid=688 next_prio=120
     kworker/3:2-688     [003] d..2. 24809.529343: sched_switch: prev_comm=kworker/3:2 prev_pid=688 prev_prio=120 prev_state=I ==> next_comm=swapper/3 next_pid=0 next_prio=120
          <idle>-0       [003] dNs4. 24809.601516: sched_wakeup: comm=kcompactd0 pid=44 prio=120 target_cpu=003
          <idle>-0       [003] d..2. 24809.602430: sched_switch: prev_comm=swapper/3 prev_pid=0 prev_prio=120 prev_state=R ==> next_comm=kcompactd0 next_pid=44 next_prio=120
      kcompactd0-44      [003] d..2. 24809.603065: sched_switch: prev_comm=kcompactd0 prev_pid=44 prev_prio=120 prev_state=S ==> next_comm=swapper/3 next_pid=0 next_prio=120
          <idle>-0       [003] dNs4. 24810.105414: sched_wakeup: comm=kcompactd0 pid=44 prio=120 target_cpu=003
          <idle>-0       [003] d..2. 24810.106325: sched_switch: prev_comm=swapper/3 prev_pid=0 prev_prio=120 prev_state=R ==> next_comm=kcompactd0 next_pid=44 next_prio=120
      kcompactd0-44      [003] d..2. 24810.107803: sched_switch: prev_comm=kcompactd0 prev_pid=44 prev_prio=120 prev_state=S ==> next_comm=swapper/3 next_pid=0 next_prio=120
          <idle>-0       [003] dNs4. 24810.609442: sched_wakeup: comm=kcompactd0 pid=44 prio=120 target_cpu=003
          <idle>-0       [003] d..2. 24810.610331: sched_switch: prev_comm=swapper/3 prev_pid=0 prev_prio=120 prev_state=R ==> next_comm=kcompactd0 next_pid=44 next_prio=120
      kcompactd0-44      [003] d..2. 24810.611358: sched_switch: prev_comm=kcompactd0 prev_pid=44 prev_prio=120 prev_state=S ==> next_comm=swapper/3 next_pid=0 next_prio=120
          <idle>-0       [003] dNs4. 24811.113558: sched_wakeup: comm=kcompactd0 pid=44 prio=120 target_cpu=003
          <idle>-0       [003] dNs5. 24811.113685: sched_wakeup: comm=kworker/3:2 pid=688 prio=120 target_cpu=003
          <idle>-0       [003] d..2. 24811.114060: sched_switch: prev_comm=swapper/3 prev_pid=0 prev_prio=120 prev_state=R ==> next_comm=kcompactd0 next_pid=44 next_prio=120
      kcompactd0-44      [003] d..2. 24811.114226: sched_switch: prev_comm=kcompactd0 prev_pid=44 prev_prio=120 prev_state=S ==> next_comm=kworker/3:2 next_pid=688 next_prio=120
     kworker/3:2-688     [003] d..2. 24811.114408: sched_switch: prev_comm=kworker/3:2 prev_pid=688 prev_prio=120 prev_state=I ==> next_comm=swapper/3 next_pid=0 next_prio=120
          <idle>-0       [003] dNs5. 24811.569510: sched_wakeup: comm=kworker/3:2 pid=688 prio=120 target_cpu=003
          <idle>-0       [003] d..2. 24811.570104: sched_switch: prev_comm=swapper/3 prev_pid=0 prev_prio=120 prev_state=R ==> next_comm=kworker/3:2 next_pid=688 next_prio=120
     kworker/3:2-688     [003] d..2. 24811.571711: sched_switch: prev_comm=kworker/3:2 prev_pid=688 prev_prio=120 prev_state=I ==> next_comm=swapper/3 next_pid=0 next_prio=120
          <idle>-0       [000] dNs5. 24811.573465: sched_wakeup: comm=kworker/0:1 pid=683 prio=120 target_cpu=000
          <idle>-0       [000] d..2. 24811.573832: sched_switch: prev_comm=swapper/0 prev_pid=0 prev_prio=120 prev_state=R ==> next_comm=kworker/0:1 next_pid=683 next_prio=120
     kworker/0:1-683     [000] d..2. 24811.574361: sched_switch: prev_comm=kworker/0:1 prev_pid=683 prev_prio=120 prev_state=I ==> next_comm=swapper/0 next_pid=0 next_prio=120
          <idle>-0       [003] dNs4. 24811.617137: sched_wakeup: comm=kcompactd0 pid=44 prio=120 target_cpu=003
          <idle>-0       [003] d..2. 24811.617981: sched_switch: prev_comm=swapper/3 prev_pid=0 prev_prio=120 prev_state=R ==> next_comm=kcompactd0 next_pid=44 next_prio=120
      kcompactd0-44      [003] d..2. 24811.619301: sched_switch: prev_comm=kcompactd0 prev_pid=44 prev_prio=120 prev_state=S ==> next_comm=swapper/3 next_pid=0 next_prio=120
          <idle>-0       [003] dNH2. 24812.122419: sched_wakeup: comm=kcompactd0 pid=44 prio=120 target_cpu=003
          <idle>-0       [003] d..2. 24812.123194: sched_switch: prev_comm=swapper/3 prev_pid=0 prev_prio=120 prev_state=R ==> next_comm=kcompactd0 next_pid=44 next_prio=120
      kcompactd0-44      [003] d..2. 24812.123756: sched_switch: prev_comm=kcompactd0 prev_pid=44 prev_prio=120 prev_state=S ==> next_comm=swapper/3 next_pid=0 next_prio=120
          <idle>-0       [003] dNs4. 24812.625346: sched_wakeup: comm=kcompactd0 pid=44 prio=120 target_cpu=003
          <idle>-0       [003] d..2. 24812.625868: sched_switch: prev_comm=swapper/3 prev_pid=0 prev_prio=120 prev_state=R ==> next_comm=kcompactd0 next_pid=44 next_prio=120
      kcompactd0-44      [003] d..2. 24812.626589: sched_switch: prev_comm=kcompactd0 prev_pid=44 prev_prio=120 prev_state=S ==> next_comm=swapper/3 next_pid=0 next_prio=120
          <idle>-0       [000] dNs5. 24813.042334: sched_wakeup: comm=kworker/0:1 pid=683 prio=120 target_cpu=000
          <idle>-0       [000] d..2. 24813.043286: sched_switch: prev_comm=swapper/0 prev_pid=0 prev_prio=120 prev_state=R ==> next_comm=kworker/0:1 next_pid=683 next_prio=120
          <idle>-0       [002] dNh2. 24813.044202: sched_wakeup: comm=kworker/u16:0 pid=11 prio=120 target_cpu=002
          <idle>-0       [002] d..2. 24813.044586: sched_switch: prev_comm=swapper/2 prev_pid=0 prev_prio=120 prev_state=R ==> next_comm=kworker/u16:0 next_pid=11 next_prio=120
     kworker/0:1-683     [000] d..2. 24813.044794: sched_switch: prev_comm=kworker/0:1 prev_pid=683 prev_prio=120 prev_state=I ==> next_comm=swapper/0 next_pid=0 next_prio=120
   kworker/u16:0-11      [002] d.s4. 24813.047640: sched_wakeup: comm=kworker/2:0 pid=632 prio=120 target_cpu=002
   kworker/u16:0-11      [002] d..2. 24813.047673: sched_switch: prev_comm=kworker/u16:0 prev_pid=11 prev_prio=120 prev_state=I ==> next_comm=kworker/2:0 next_pid=632 next_prio=120
     kworker/2:0-632     [002] d..2. 24813.047856: sched_switch: prev_comm=kworker/2:0 prev_pid=632 prev_prio=120 prev_state=I ==> next_comm=swapper/2 next_pid=0 next_prio=120
          <idle>-0       [003] dNs4. 24813.129555: sched_wakeup: comm=kcompactd0 pid=44 prio=120 target_cpu=003
          <idle>-0       [003] d..2. 24813.130656: sched_switch: prev_comm=swapper/3 prev_pid=0 prev_prio=120 prev_state=R ==> next_comm=kcompactd0 next_pid=44 next_prio=120
      kcompactd0-44      [003] d..2. 24813.131838: sched_switch: prev_comm=kcompactd0 prev_pid=44 prev_prio=120 prev_state=S ==> next_comm=swapper/3 next_pid=0 next_prio=120
          <idle>-0       [003] dNs5. 24813.617972: sched_wakeup: comm=kworker/3:2 pid=688 prio=120 target_cpu=003
          <idle>-0       [003] d..2. 24813.618459: sched_switch: prev_comm=swapper/3 prev_pid=0 prev_prio=120 prev_state=R ==> next_comm=kworker/3:2 next_pid=688 next_prio=120
     kworker/3:2-688     [003] d..2. 24813.621530: sched_switch: prev_comm=kworker/3:2 prev_pid=688 prev_prio=120 prev_state=I ==> next_comm=swapper/3 next_pid=0 next_prio=120
          <idle>-0       [003] dNh2. 24813.632245: sched_wakeup: comm=kcompactd0 pid=44 prio=120 target_cpu=003
          <idle>-0       [003] d..2. 24813.632284: sched_switch: prev_comm=swapper/3 prev_pid=0 prev_prio=120 prev_state=R ==> next_comm=kcompactd0 next_pid=44 next_prio=120
      kcompactd0-44      [003] d..2. 24813.632317: sched_switch: prev_comm=kcompactd0 prev_pid=44 prev_prio=120 prev_state=S ==> next_comm=swapper/3 next_pid=0 next_prio=120
          <idle>-0       [002] dNs5. 24814.066004: sched_wakeup: comm=kworker/2:1H pid=67 prio=100 target_cpu=002
          <idle>-0       [002] d..2. 24814.068425: sched_switch: prev_comm=swapper/2 prev_pid=0 prev_prio=120 prev_state=R ==> next_comm=kworker/2:1H next_pid=67 next_prio=100
    kworker/2:1H-67      [002] d..2. 24814.068912: sched_switch: prev_comm=kworker/2:1H prev_pid=67 prev_prio=100 prev_state=I ==> next_comm=swapper/2 next_pid=0 next_prio=120
          <idle>-0       [003] dNs4. 24814.137548: sched_wakeup: comm=kcompactd0 pid=44 prio=120 target_cpu=003
          <idle>-0       [003] d..2. 24814.138635: sched_switch: prev_comm=swapper/3 prev_pid=0 prev_prio=120 prev_state=R ==> next_comm=kcompactd0 next_pid=44 next_prio=120
      kcompactd0-44      [003] d..2. 24814.139261: sched_switch: prev_comm=kcompactd0 prev_pid=44 prev_prio=120 prev_state=S ==> next_comm=swapper/3 next_pid=0 next_prio=120
          <idle>-0       [002] dNh2. 24814.394335: sched_wakeup: comm=kworker/u16:0 pid=11 prio=120 target_cpu=002
          <idle>-0       [002] d..2. 24814.394698: sched_switch: prev_comm=swapper/2 prev_pid=0 prev_prio=120 prev_state=R ==> next_comm=kworker/u16:0 next_pid=11 next_prio=120
   kworker/u16:0-11      [002] dN.6. 24814.395144: sched_wakeup: comm=kworker/2:0 pid=632 prio=120 target_cpu=002
   kworker/u16:0-11      [002] d..2. 24814.396428: sched_switch: prev_comm=kworker/u16:0 prev_pid=11 prev_prio=120 prev_state=R+ ==> next_comm=kworker/2:0 next_pid=632 next_prio=120
          <idle>-0       [003] dNh2. 24814.396612: sched_wakeup: comm=sh pid=148 prio=120 target_cpu=003
     kworker/2:0-632     [002] d..2. 24814.396709: sched_switch: prev_comm=kworker/2:0 prev_pid=632 prev_prio=120 prev_state=I ==> next_comm=kworker/u16:0 next_pid=11 next_prio=120
          <idle>-0       [003] d..2. 24814.396762: sched_switch: prev_comm=swapper/3 prev_pid=0 prev_prio=120 prev_state=R ==> next_comm=sh next_pid=148 next_prio=120
   kworker/u16:0-11      [002] d..2. 24814.396898: sched_switch: prev_comm=kworker/u16:0 prev_pid=11 prev_prio=120 prev_state=I ==> next_comm=swapper/2 next_pid=0 next_prio=120
              sh-148     [003] d..2. 24814.400304: sched_switch: prev_comm=sh prev_pid=148 prev_prio=120 prev_state=S ==> next_comm=swapper/3 next_pid=0 next_prio=120
          <idle>-0       [002] dNh2. 24814.543132: sched_wakeup: comm=kworker/u16:0 pid=11 prio=120 target_cpu=002
          <idle>-0       [002] d..2. 24814.543258: sched_switch: prev_comm=swapper/2 prev_pid=0 prev_prio=120 prev_state=R ==> next_comm=kworker/u16:0 next_pid=11 next_prio=120
   kworker/u16:0-11      [002] d..2. 24814.543473: sched_switch: prev_comm=kworker/u16:0 prev_pid=11 prev_prio=120 prev_state=I ==> next_comm=swapper/2 next_pid=0 next_prio=120
          <idle>-0       [003] dNh2. 24814.543483: sched_wakeup: comm=sh pid=148 prio=120 target_cpu=003
          <idle>-0       [003] d..2. 24814.543641: sched_switch: prev_comm=swapper/3 prev_pid=0 prev_prio=120 prev_state=R ==> next_comm=sh next_pid=148 next_prio=120
              sh-148     [003] d..2. 24814.544144: sched_switch: prev_comm=sh prev_pid=148 prev_prio=120 prev_state=S ==> next_comm=swapper/3 next_pid=0 next_prio=120
          <idle>-0       [002] dNh2. 24814.617826: sched_wakeup: comm=kworker/u16:0 pid=11 prio=120 target_cpu=002
          <idle>-0       [002] d..2. 24814.617953: sched_switch: prev_comm=swapper/2 prev_pid=0 prev_prio=120 prev_state=R ==> next_comm=kworker/u16:0 next_pid=11 next_prio=120
   kworker/u16:0-11      [002] d..2. 24814.618243: sched_switch: prev_comm=kworker/u16:0 prev_pid=11 prev_prio=120 prev_state=I ==> next_comm=swapper/2 next_pid=0 next_prio=120
          <idle>-0       [003] dNh2. 24814.618530: sched_wakeup: comm=sh pid=148 prio=120 target_cpu=003
          <idle>-0       [003] d..2. 24814.618700: sched_switch: prev_comm=swapper/3 prev_pid=0 prev_prio=120 prev_state=R ==> next_comm=sh next_pid=148 next_prio=120
              sh-148     [003] d..2. 24814.619588: sched_switch: prev_comm=sh prev_pid=148 prev_prio=120 prev_state=S ==> next_comm=swapper/3 next_pid=0 next_prio=120
          <idle>-0       [002] dNs5. 24814.640323: sched_wakeup: comm=kworker/2:0 pid=632 prio=120 target_cpu=002
          <idle>-0       [003] dNs4. 24814.640347: sched_wakeup: comm=kcompactd0 pid=44 prio=120 target_cpu=003
          <idle>-0       [002] d..2. 24814.640527: sched_switch: prev_comm=swapper/2 prev_pid=0 prev_prio=120 prev_state=R ==> next_comm=kworker/2:0 next_pid=632 next_prio=120
          <idle>-0       [003] d..2. 24814.640548: sched_switch: prev_comm=swapper/3 prev_pid=0 prev_prio=120 prev_state=R ==> next_comm=kcompactd0 next_pid=44 next_prio=120
     kworker/2:0-632     [002] d..2. 24814.640757: sched_switch: prev_comm=kworker/2:0 prev_pid=632 prev_prio=120 prev_state=I ==> next_comm=swapper/2 next_pid=0 next_prio=120
      kcompactd0-44      [003] d..2. 24814.640786: sched_switch: prev_comm=kcompactd0 prev_pid=44 prev_prio=120 prev_state=S ==> next_comm=swapper/3 next_pid=0 next_prio=120
          <idle>-0       [002] dNh2. 24814.758081: sched_wakeup: comm=kworker/u16:0 pid=11 prio=120 target_cpu=002
          <idle>-0       [002] d..2. 24814.758284: sched_switch: prev_comm=swapper/2 prev_pid=0 prev_prio=120 prev_state=R ==> next_comm=kworker/u16:0 next_pid=11 next_prio=120
          <idle>-0       [003] dNh2. 24814.759290: sched_wakeup: comm=sh pid=148 prio=120 target_cpu=003
   kworker/u16:0-11      [002] d..2. 24814.759322: sched_switch: prev_comm=kworker/u16:0 prev_pid=11 prev_prio=120 prev_state=I ==> next_comm=swapper/2 next_pid=0 next_prio=120
          <idle>-0       [003] d..2. 24814.759605: sched_switch: prev_comm=swapper/3 prev_pid=0 prev_prio=120 prev_state=R ==> next_comm=sh next_pid=148 next_prio=120
              sh-148     [003] d..2. 24814.761713: sched_switch: prev_comm=sh prev_pid=148 prev_prio=120 prev_state=S ==> next_comm=swapper/3 next_pid=0 next_prio=120
          <idle>-0       [002] dNh2. 24814.914206: sched_wakeup: comm=kworker/u16:0 pid=11 prio=120 target_cpu=002
          <idle>-0       [002] d..2. 24814.914324: sched_switch: prev_comm=swapper/2 prev_pid=0 prev_prio=120 prev_state=R ==> next_comm=kworker/u16:0 next_pid=11 next_prio=120
   kworker/u16:0-11      [002] d..2. 24814.914559: sched_switch: prev_comm=kworker/u16:0 prev_pid=11 prev_prio=120 prev_state=I ==> next_comm=swapper/2 next_pid=0 next_prio=120
          <idle>-0       [003] dNh2. 24814.914559: sched_wakeup: comm=sh pid=148 prio=120 target_cpu=003
          <idle>-0       [003] d..2. 24814.915168: sched_switch: prev_comm=swapper/3 prev_pid=0 prev_prio=120 prev_state=R ==> next_comm=sh next_pid=148 next_prio=120
              sh-148     [003] d..2. 24814.918441: sched_switch: prev_comm=sh prev_pid=148 prev_prio=120 prev_state=S ==> next_comm=swapper/3 next_pid=0 next_prio=120
          <idle>-0       [003] dNs4. 24815.145081: sched_wakeup: comm=kcompactd0 pid=44 prio=120 target_cpu=003
          <idle>-0       [003] d..2. 24815.145530: sched_switch: prev_comm=swapper/3 prev_pid=0 prev_prio=120 prev_state=R ==> next_comm=kcompactd0 next_pid=44 next_prio=120
      kcompactd0-44      [003] d..2. 24815.146037: sched_switch: prev_comm=kcompactd0 prev_pid=44 prev_prio=120 prev_state=S ==> next_comm=swapper/3 next_pid=0 next_prio=120
          <idle>-0       [002] dNh6. 24815.544529: sched_wakeup: comm=kworker/2:0 pid=632 prio=120 target_cpu=002
          <idle>-0       [002] d..2. 24815.544915: sched_switch: prev_comm=swapper/2 prev_pid=0 prev_prio=120 prev_state=R ==> next_comm=kworker/2:0 next_pid=632 next_prio=120
     kworker/2:0-632     [002] d..2. 24815.545286: sched_switch: prev_comm=kworker/2:0 prev_pid=632 prev_prio=120 prev_state=I ==> next_comm=swapper/2 next_pid=0 next_prio=120
          <idle>-0       [003] dNs4. 24815.648555: sched_wakeup: comm=kcompactd0 pid=44 prio=120 target_cpu=003
          <idle>-0       [003] d..2. 24815.649004: sched_switch: prev_comm=swapper/3 prev_pid=0 prev_prio=120 prev_state=R ==> next_comm=kcompactd0 next_pid=44 next_prio=120
      kcompactd0-44      [003] d..2. 24815.649121: sched_switch: prev_comm=kcompactd0 prev_pid=44 prev_prio=120 prev_state=S ==> next_comm=swapper/3 next_pid=0 next_prio=120
          <idle>-0       [003] dNs5. 24815.664349: sched_wakeup: comm=kworker/3:2 pid=688 prio=120 target_cpu=003
          <idle>-0       [003] d..2. 24815.664928: sched_switch: prev_comm=swapper/3 prev_pid=0 prev_prio=120 prev_state=R ==> next_comm=kworker/3:2 next_pid=688 next_prio=120
     kworker/3:2-688     [003] d..2. 24815.665355: sched_switch: prev_comm=kworker/3:2 prev_pid=688 prev_prio=120 prev_state=I ==> next_comm=swapper/3 next_pid=0 next_prio=120
          <idle>-0       [000] dNs5. 24815.666135: sched_wakeup: comm=kworker/0:1 pid=683 prio=120 target_cpu=000
          <idle>-0       [000] d..2. 24815.666320: sched_switch: prev_comm=swapper/0 prev_pid=0 prev_prio=120 prev_state=R ==> next_comm=kworker/0:1 next_pid=683 next_prio=120
     kworker/0:1-683     [000] d..2. 24815.666598: sched_switch: prev_comm=kworker/0:1 prev_pid=683 prev_prio=120 prev_state=I ==> next_comm=swapper/0 next_pid=0 next_prio=120
          <idle>-0       [002] dNh2. 24815.793407: sched_wakeup: comm=kworker/u16:0 pid=11 prio=120 target_cpu=002
          <idle>-0       [002] d..2. 24815.793681: sched_switch: prev_comm=swapper/2 prev_pid=0 prev_prio=120 prev_state=R ==> next_comm=kworker/u16:0 next_pid=11 next_prio=120
   kworker/u16:0-11      [002] d..6. 24815.793905: sched_wakeup: comm=kworker/2:0 pid=632 prio=120 target_cpu=002
   kworker/u16:0-11      [002] d..2. 24815.794463: sched_switch: prev_comm=kworker/u16:0 prev_pid=11 prev_prio=120 prev_state=I ==> next_comm=kworker/2:0 next_pid=632 next_prio=120
          <idle>-0       [003] dNh2. 24815.794894: sched_wakeup: comm=sh pid=148 prio=120 target_cpu=003
          <idle>-0       [003] d..2. 24815.795092: sched_switch: prev_comm=swapper/3 prev_pid=0 prev_prio=120 prev_state=R ==> next_comm=sh next_pid=148 next_prio=120
     kworker/2:0-632     [002] d..2. 24815.795256: sched_switch: prev_comm=kworker/2:0 prev_pid=632 prev_prio=120 prev_state=I ==> next_comm=swapper/2 next_pid=0 next_prio=120
              sh-148     [003] d..2. 24815.795733: sched_switch: prev_comm=sh prev_pid=148 prev_prio=120 prev_state=S ==> next_comm=swapper/3 next_pid=0 next_prio=120
          <idle>-0       [002] dNh2. 24815.902944: sched_wakeup: comm=kworker/u16:0 pid=11 prio=120 target_cpu=002
          <idle>-0       [002] d..2. 24815.903005: sched_switch: prev_comm=swapper/2 prev_pid=0 prev_prio=120 prev_state=R ==> next_comm=kworker/u16:0 next_pid=11 next_prio=120
          <idle>-0       [003] dNh2. 24815.903103: sched_wakeup: comm=sh pid=148 prio=120 target_cpu=003
   kworker/u16:0-11      [002] d..2. 24815.903117: sched_switch: prev_comm=kworker/u16:0 prev_pid=11 prev_prio=120 prev_state=I ==> next_comm=swapper/2 next_pid=0 next_prio=120
          <idle>-0       [003] d..2. 24815.903136: sched_switch: prev_comm=swapper/3 prev_pid=0 prev_prio=120 prev_state=R ==> next_comm=sh next_pid=148 next_prio=120
              sh-148     [003] d..2. 24815.903348: sched_switch: prev_comm=sh prev_pid=148 prev_prio=120 prev_state=S ==> next_comm=swapper/3 next_pid=0 next_prio=120
          <idle>-0       [003] dNs4. 24816.153468: sched_wakeup: comm=kcompactd0 pid=44 prio=120 target_cpu=003
          <idle>-0       [003] d..2. 24816.154020: sched_switch: prev_comm=swapper/3 prev_pid=0 prev_prio=120 prev_state=R ==> next_comm=kcompactd0 next_pid=44 next_prio=120
      kcompactd0-44      [003] d..2. 24816.154634: sched_switch: prev_comm=kcompactd0 prev_pid=44 prev_prio=120 prev_state=S ==> next_comm=swapper/3 next_pid=0 next_prio=120
          <idle>-0       [002] dNh2. 24816.212769: sched_wakeup: comm=kworker/u16:0 pid=11 prio=120 target_cpu=002
          <idle>-0       [002] d..2. 24816.212991: sched_switch: prev_comm=swapper/2 prev_pid=0 prev_prio=120 prev_state=R ==> next_comm=kworker/u16:0 next_pid=11 next_prio=120
   kworker/u16:0-11      [002] d..2. 24816.213636: sched_switch: prev_comm=kworker/u16:0 prev_pid=11 prev_prio=120 prev_state=I ==> next_comm=swapper/2 next_pid=0 next_prio=120
          <idle>-0       [003] dNh2. 24816.213664: sched_wakeup: comm=sh pid=148 prio=120 target_cpu=003
          <idle>-0       [003] d..2. 24816.214045: sched_switch: prev_comm=swapper/3 prev_pid=0 prev_prio=120 prev_state=R ==> next_comm=sh next_pid=148 next_prio=120
              sh-148     [003] d..2. 24816.214876: sched_switch: prev_comm=sh prev_pid=148 prev_prio=120 prev_state=S ==> next_comm=swapper/3 next_pid=0 next_prio=120
          <idle>-0       [002] dNh2. 24816.371484: sched_wakeup: comm=kworker/u16:0 pid=11 prio=120 target_cpu=002
          <idle>-0       [002] d..2. 24816.371945: sched_switch: prev_comm=swapper/2 prev_pid=0 prev_prio=120 prev_state=R ==> next_comm=kworker/u16:0 next_pid=11 next_prio=120
   kworker/u16:0-11      [002] d..2. 24816.374419: sched_switch: prev_comm=kworker/u16:0 prev_pid=11 prev_prio=120 prev_state=I ==> next_comm=swapper/2 next_pid=0 next_prio=120
          <idle>-0       [003] dNh2. 24816.374473: sched_wakeup: comm=sh pid=148 prio=120 target_cpu=003
          <idle>-0       [003] d..2. 24816.374680: sched_switch: prev_comm=swapper/3 prev_pid=0 prev_prio=120 prev_state=R ==> next_comm=sh next_pid=148 next_prio=120
              sh-148     [003] d..2. 24816.375422: sched_switch: prev_comm=sh prev_pid=148 prev_prio=120 prev_state=S ==> next_comm=swapper/3 next_pid=0 next_prio=120
          <idle>-0       [003] dNs4. 24816.657289: sched_wakeup: comm=kcompactd0 pid=44 prio=120 target_cpu=003
          <idle>-0       [003] d..2. 24816.657663: sched_switch: prev_comm=swapper/3 prev_pid=0 prev_prio=120 prev_state=R ==> next_comm=kcompactd0 next_pid=44 next_prio=120
      kcompactd0-44      [003] d..2. 24816.658042: sched_switch: prev_comm=kcompactd0 prev_pid=44 prev_prio=120 prev_state=S ==> next_comm=swapper/3 next_pid=0 next_prio=120
          <idle>-0       [002] dNh2. 24816.739415: sched_wakeup: comm=kworker/u16:0 pid=11 prio=120 target_cpu=002
          <idle>-0       [002] d..2. 24816.739585: sched_switch: prev_comm=swapper/2 prev_pid=0 prev_prio=120 prev_state=R ==> next_comm=kworker/u16:0 next_pid=11 next_prio=120
          <idle>-0       [003] dNh2. 24816.740073: sched_wakeup: comm=sh pid=148 prio=120 target_cpu=003
          <idle>-0       [003] d..2. 24816.740490: sched_switch: prev_comm=swapper/3 prev_pid=0 prev_prio=120 prev_state=R ==> next_comm=sh next_pid=148 next_prio=120
   kworker/u16:0-11      [002] d..2. 24816.741034: sched_switch: prev_comm=kworker/u16:0 prev_pid=11 prev_prio=120 prev_state=I ==> next_comm=swapper/2 next_pid=0 next_prio=120
              sh-148     [003] d..2. 24816.742491: sched_switch: prev_comm=sh prev_pid=148 prev_prio=120 prev_state=S ==> next_comm=swapper/3 next_pid=0 next_prio=120
          <idle>-0       [003] dNs4. 24817.161028: sched_wakeup: comm=kcompactd0 pid=44 prio=120 target_cpu=003
          <idle>-0       [003] d..2. 24817.161760: sched_switch: prev_comm=swapper/3 prev_pid=0 prev_prio=120 prev_state=R ==> next_comm=kcompactd0 next_pid=44 next_prio=120
      kcompactd0-44      [003] d..2. 24817.162490: sched_switch: prev_comm=kcompactd0 prev_pid=44 prev_prio=120 prev_state=S ==> next_comm=swapper/3 next_pid=0 next_prio=120
          <idle>-0       [002] dNh6. 24817.368824: sched_wakeup: comm=kworker/2:0 pid=632 prio=120 target_cpu=002
          <idle>-0       [002] d..2. 24817.369245: sched_switch: prev_comm=swapper/2 prev_pid=0 prev_prio=120 prev_state=R ==> next_comm=kworker/2:0 next_pid=632 next_prio=120
     kworker/2:0-632     [002] d..2. 24817.370070: sched_switch: prev_comm=kworker/2:0 prev_pid=632 prev_prio=120 prev_state=I ==> next_comm=swapper/2 next_pid=0 next_prio=120
          <idle>-0       [003] dNs4. 24817.665289: sched_wakeup: comm=kcompactd0 pid=44 prio=120 target_cpu=003
          <idle>-0       [003] d..2. 24817.665688: sched_switch: prev_comm=swapper/3 prev_pid=0 prev_prio=120 prev_state=R ==> next_comm=kcompactd0 next_pid=44 next_prio=120
      kcompactd0-44      [003] d..2. 24817.666152: sched_switch: prev_comm=kcompactd0 prev_pid=44 prev_prio=120 prev_state=S ==> next_comm=swapper/3 next_pid=0 next_prio=120
          <idle>-0       [000] dNs5. 24817.713559: sched_wakeup: comm=kworker/0:1 pid=683 prio=120 target_cpu=000
          <idle>-0       [000] d..2. 24817.714653: sched_switch: prev_comm=swapper/0 prev_pid=0 prev_prio=120 prev_state=R ==> next_comm=kworker/0:1 next_pid=683 next_prio=120
     kworker/0:1-683     [000] d..2. 24817.716883: sched_switch: prev_comm=kworker/0:1 prev_pid=683 prev_prio=120 prev_state=I ==> next_comm=swapper/0 next_pid=0 next_prio=120
          <idle>-0       [002] dNh2. 24817.946694: sched_wakeup: comm=kworker/u16:0 pid=11 prio=120 target_cpu=002
          <idle>-0       [002] d..2. 24817.946797: sched_switch: prev_comm=swapper/2 prev_pid=0 prev_prio=120 prev_state=R ==> next_comm=kworker/u16:0 next_pid=11 next_prio=120
   kworker/u16:0-11      [002] d..6. 24817.946846: sched_wakeup: comm=kworker/2:0 pid=632 prio=120 target_cpu=002
   kworker/u16:0-11      [002] d..2. 24817.946886: sched_switch: prev_comm=kworker/u16:0 prev_pid=11 prev_prio=120 prev_state=I ==> next_comm=kworker/2:0 next_pid=632 next_prio=120
          <idle>-0       [003] dNh2. 24817.946898: sched_wakeup: comm=sh pid=148 prio=120 target_cpu=003
          <idle>-0       [003] d..2. 24817.946947: sched_switch: prev_comm=swapper/3 prev_pid=0 prev_prio=120 prev_state=R ==> next_comm=sh next_pid=148 next_prio=120
     kworker/2:0-632     [002] d..2. 24817.946988: sched_switch: prev_comm=kworker/2:0 prev_pid=632 prev_prio=120 prev_state=I ==> next_comm=swapper/2 next_pid=0 next_prio=120
              sh-148     [003] ..... 24817.947235: __x64_sys_clone+0x4/0x30 <-do_syscall_64+0xb2/0x1d0
              sh-148     [003] ..... 24817.947278: <stack trace>
 => [FTRACE TRAMPOLINE]
 => __x64_sys_clone+0x9/0x30
 => do_syscall_64+0xb2/0x1d0
 => entry_SYSCALL_64_after_hwframe+0x77/0x7f
              sh-148     [003] ..... 24817.947283: kernel_clone+0x4/0x3b0 <-__do_sys_clone+0x66/0x90
              sh-148     [003] ..... 24817.947290: <stack trace>
 => [FTRACE TRAMPOLINE]
 => kernel_clone+0x9/0x3b0
 => __do_sys_clone+0x66/0x90
 => do_syscall_64+0xb2/0x1d0
 => entry_SYSCALL_64_after_hwframe+0x77/0x7f
              sh-148     [003] ..... 24817.947293: copy_process+0x4/0x1a60 <-kernel_clone+0x9e/0x3b0
              sh-148     [003] ..... 24817.947298: <stack trace>
 => [FTRACE TRAMPOLINE]
 => copy_process+0x9/0x1a60
 => kernel_clone+0x9e/0x3b0
 => __do_sys_clone+0x66/0x90
 => do_syscall_64+0xb2/0x1d0
 => entry_SYSCALL_64_after_hwframe+0x77/0x7f
              sh-148     [003] ..... 24817.947944: sched_process_fork: comm=sh pid=148 child_comm=sh child_pid=756
          <idle>-0       [000] d..2. 24817.948069: sched_switch: prev_comm=swapper/0 prev_pid=0 prev_prio=120 prev_state=R ==> next_comm=sh next_pid=756 next_prio=120
              sh-148     [003] d..2. 24817.948289: sched_switch: prev_comm=sh prev_pid=148 prev_prio=120 prev_state=S ==> next_comm=swapper/3 next_pid=0 next_prio=120
             exe-756     [000] ..... 24817.948526: __x64_sys_execve+0x4/0x50 <-do_syscall_64+0xb2/0x1d0
             exe-756     [000] ..... 24817.948562: <stack trace>
 => [FTRACE TRAMPOLINE]
 => __x64_sys_execve+0x9/0x50
 => do_syscall_64+0xb2/0x1d0
 => entry_SYSCALL_64_after_hwframe+0x77/0x7f
             exe-756     [000] ..... 24817.949117: __x64_sys_execve+0x4/0x50 <-do_syscall_64+0xb2/0x1d0
             exe-756     [000] ..... 24817.949135: <stack trace>
 => [FTRACE TRAMPOLINE]
 => __x64_sys_execve+0x9/0x50
 => do_syscall_64+0xb2/0x1d0
 => entry_SYSCALL_64_after_hwframe+0x77/0x7f
          <idle>-0       [002] dNh2. 24817.949865: sched_wakeup: comm=rcu_preempt pid=17 prio=120 target_cpu=002
          <idle>-0       [002] d..2. 24817.949903: sched_switch: prev_comm=swapper/2 prev_pid=0 prev_prio=120 prev_state=R ==> next_comm=rcu_preempt next_pid=17 next_prio=120
     rcu_preempt-17      [002] d..2. 24817.949937: sched_switch: prev_comm=rcu_preempt prev_pid=17 prev_prio=120 prev_state=I ==> next_comm=swapper/2 next_pid=0 next_prio=120
             exe-756     [000] ..... 24817.950414: sched_process_exec: filename=/proc/self/exe pid=756 old_pid=756
          <idle>-0       [002] dNh2. 24817.953838: sched_wakeup: comm=rcu_preempt pid=17 prio=120 target_cpu=002
          <idle>-0       [002] d..2. 24817.953876: sched_switch: prev_comm=swapper/2 prev_pid=0 prev_prio=120 prev_state=R ==> next_comm=rcu_preempt next_pid=17 next_prio=120
     rcu_preempt-17      [002] d..2. 24817.953909: sched_switch: prev_comm=rcu_preempt prev_pid=17 prev_prio=120 prev_state=I ==> next_comm=swapper/2 next_pid=0 next_prio=120
          <idle>-0       [002] dNh2. 24817.957805: sched_wakeup: comm=rcu_preempt pid=17 prio=120 target_cpu=002
          <idle>-0       [002] d..2. 24817.957828: sched_switch: prev_comm=swapper/2 prev_pid=0 prev_prio=120 prev_state=R ==> next_comm=rcu_preempt next_pid=17 next_prio=120
     rcu_preempt-17      [002] d..2. 24817.957861: sched_switch: prev_comm=rcu_preempt prev_pid=17 prev_prio=120 prev_state=I ==> next_comm=swapper/2 next_pid=0 next_prio=120
          <idle>-0       [002] dNh2. 24817.961824: sched_wakeup: comm=rcu_preempt pid=17 prio=120 target_cpu=002
          <idle>-0       [002] d..2. 24817.961855: sched_switch: prev_comm=swapper/2 prev_pid=0 prev_prio=120 prev_state=R ==> next_comm=rcu_preempt next_pid=17 next_prio=120
     rcu_preempt-17      [002] d..2. 24817.961877: sched_switch: prev_comm=rcu_preempt prev_pid=17 prev_prio=120 prev_state=I ==> next_comm=swapper/2 next_pid=0 next_prio=120
          <idle>-0       [002] dNh2. 24817.965789: sched_wakeup: comm=rcu_preempt pid=17 prio=120 target_cpu=002
          <idle>-0       [002] d..2. 24817.965810: sched_switch: prev_comm=swapper/2 prev_pid=0 prev_prio=120 prev_state=R ==> next_comm=rcu_preempt next_pid=17 next_prio=120
     rcu_preempt-17      [002] d..2. 24817.965835: sched_switch: prev_comm=rcu_preempt prev_pid=17 prev_prio=120 prev_state=I ==> next_comm=swapper/2 next_pid=0 next_prio=120
          <idle>-0       [002] dNh2. 24817.969821: sched_wakeup: comm=rcu_preempt pid=17 prio=120 target_cpu=002
          <idle>-0       [002] d..2. 24817.969851: sched_switch: prev_comm=swapper/2 prev_pid=0 prev_prio=120 prev_state=R ==> next_comm=rcu_preempt next_pid=17 next_prio=120
     rcu_preempt-17      [002] d..2. 24817.969874: sched_switch: prev_comm=rcu_preempt prev_pid=17 prev_prio=120 prev_state=I ==> next_comm=swapper/2 next_pid=0 next_prio=120
