   kworker/u16:2-43      [001] d..2.  3719.476305: sched_switch: prev_comm=kworker/u16:2 prev_pid=43 prev_prio=120 prev_state=I ==> next_comm=swapper/1 next_pid=0 next_prio=120
          <idle>-0       [000] dNh2.  3719.476533: sched_wakeup: comm=sh pid=548 prio=120 target_cpu=000
          <idle>-0       [000] d..2.  3719.476724: sched_switch: prev_comm=swapper/0 prev_pid=0 prev_prio=120 prev_state=R ==> next_comm=sh next_pid=548 next_prio=120
          <idle>-0       [001] dNh2.  3719.477339: sched_wakeup: comm=kworker/u16:2 pid=43 prio=120 target_cpu=001
              sh-548     [000] d..2.  3719.477431: sched_switch: prev_comm=sh prev_pid=548 prev_prio=120 prev_state=S ==> next_comm=swapper/0 next_pid=0 next_prio=120
          <idle>-0       [001] d..2.  3719.477440: sched_switch: prev_comm=swapper/1 prev_pid=0 prev_prio=120 prev_state=R ==> next_comm=kworker/u16:2 next_pid=43 next_prio=120
   kworker/u16:2-43      [001] d..2.  3719.477615: sched_switch: prev_comm=kworker/u16:2 prev_pid=43 prev_prio=120 prev_state=I ==> next_comm=swapper/1 next_pid=0 next_prio=120
          <idle>-0       [002] dNh2.  3719.477622: sched_wakeup: comm=sshd-session pid=547 prio=120 target_cpu=002
          <idle>-0       [002] d..2.  3719.477790: sched_switch: prev_comm=swapper/2 prev_pid=0 prev_prio=120 prev_state=R ==> next_comm=sshd-session next_pid=547 next_prio=120
    sshd-session-547     [002] d..2.  3719.479421: sched_switch: prev_comm=sshd-session prev_pid=547 prev_prio=120 prev_state=S ==> next_comm=swapper/2 next_pid=0 next_prio=120
          <idle>-0       [001] dNh4.  3719.528337: sched_wakeup: comm=a.out pid=568 prio=120 target_cpu=001
          <idle>-0       [001] d..2.  3719.528712: sched_switch: prev_comm=swapper/1 prev_pid=0 prev_prio=120 prev_state=R ==> next_comm=a.out next_pid=568 next_prio=120
           a.out-568     [001] dN.6.  3719.531168: sched_wakeup: comm=kworker/1:1 pid=404 prio=120 target_cpu=001
           a.out-568     [001] d..2.  3719.531474: sched_switch: prev_comm=a.out prev_pid=568 prev_prio=120 prev_state=R+ ==> next_comm=kworker/1:1 next_pid=404 next_prio=120
     kworker/1:1-404     [001] d..2.  3719.534607: sched_switch: prev_comm=kworker/1:1 prev_pid=404 prev_prio=120 prev_state=I ==> next_comm=swapper/1 next_pid=0 next_prio=120
          <idle>-0       [002] d..2.  3719.536755: sched_switch: prev_comm=swapper/2 prev_pid=0 prev_prio=120 prev_state=R ==> next_comm=a.out next_pid=568 next_prio=120
           a.out-568     [002] d..2.  3719.536988: sched_switch: prev_comm=a.out prev_pid=568 prev_prio=120 prev_state=S ==> next_comm=swapper/2 next_pid=0 next_prio=120
          <idle>-0       [002] dNh2.  3719.541671: sched_wakeup: comm=sshd-session pid=547 prio=120 target_cpu=002
          <idle>-0       [002] d..2.  3719.542016: sched_switch: prev_comm=swapper/2 prev_pid=0 prev_prio=120 prev_state=R ==> next_comm=sshd-session next_pid=547 next_prio=120
          <idle>-0       [001] dNh2.  3719.543567: sched_wakeup: comm=kworker/u16:2 pid=43 prio=120 target_cpu=001
    sshd-session-547     [002] d..2.  3719.543681: sched_switch: prev_comm=sshd-session prev_pid=547 prev_prio=120 prev_state=S ==> next_comm=swapper/2 next_pid=0 next_prio=120
          <idle>-0       [001] d..2.  3719.543685: sched_switch: prev_comm=swapper/1 prev_pid=0 prev_prio=120 prev_state=R ==> next_comm=kworker/u16:2 next_pid=43 next_prio=120
          <idle>-0       [000] dNh2.  3719.543970: sched_wakeup: comm=sh pid=548 prio=120 target_cpu=000
          <idle>-0       [000] d..2.  3719.544074: sched_switch: prev_comm=swapper/0 prev_pid=0 prev_prio=120 prev_state=R ==> next_comm=sh next_pid=548 next_prio=120
   kworker/u16:2-43      [001] d..2.  3719.544134: sched_switch: prev_comm=kworker/u16:2 prev_pid=43 prev_prio=120 prev_state=I ==> next_comm=swapper/1 next_pid=0 next_prio=120
          <idle>-0       [001] dNh2.  3719.544377: sched_wakeup: comm=kworker/u16:2 pid=43 prio=120 target_cpu=001
          <idle>-0       [001] d..2.  3719.544468: sched_switch: prev_comm=swapper/1 prev_pid=0 prev_prio=120 prev_state=R ==> next_comm=kworker/u16:2 next_pid=43 next_prio=120
   kworker/u16:2-43      [001] d..2.  3719.544538: sched_switch: prev_comm=kworker/u16:2 prev_pid=43 prev_prio=120 prev_state=I ==> next_comm=swapper/1 next_pid=0 next_prio=120
              sh-548     [000] d..2.  3719.544658: sched_switch: prev_comm=sh prev_pid=548 prev_prio=120 prev_state=S ==> next_comm=swapper/0 next_pid=0 next_prio=120
          <idle>-0       [002] dNh2.  3719.544685: sched_wakeup: comm=sshd-session pid=547 prio=120 target_cpu=002
          <idle>-0       [002] d..2.  3719.544771: sched_switch: prev_comm=swapper/2 prev_pid=0 prev_prio=120 prev_state=R ==> next_comm=sshd-session next_pid=547 next_prio=120
    sshd-session-547     [002] d..2.  3719.545769: sched_switch: prev_comm=sshd-session prev_pid=547 prev_prio=120 prev_state=S ==> next_comm=swapper/2 next_pid=0 next_prio=120
          <idle>-0       [002] dNs5.  3719.582861: sched_wakeup: comm=kworker/2:2 pid=260 prio=120 target_cpu=002
          <idle>-0       [002] d..2.  3719.583246: sched_switch: prev_comm=swapper/2 prev_pid=0 prev_prio=120 prev_state=R ==> next_comm=kworker/2:2 next_pid=260 next_prio=120
     kworker/2:2-260     [002] d..2.  3719.583460: sched_switch: prev_comm=kworker/2:2 prev_pid=260 prev_prio=120 prev_state=I ==> next_comm=swapper/2 next_pid=0 next_prio=120
          <idle>-0       [000] dNh2.  3719.714748: sched_wakeup: comm=kcompactd0 pid=44 prio=120 target_cpu=000
          <idle>-0       [000] d..2.  3719.715283: sched_switch: prev_comm=swapper/0 prev_pid=0 prev_prio=120 prev_state=R ==> next_comm=kcompactd0 next_pid=44 next_prio=120
      kcompactd0-44      [000] d..2.  3719.715692: sched_switch: prev_comm=kcompactd0 prev_pid=44 prev_prio=120 prev_state=S ==> next_comm=swapper/0 next_pid=0 next_prio=120
          <idle>-0       [000] dNs5.  3719.716161: sched_wakeup: comm=kworker/0:1 pid=9 prio=120 target_cpu=000
          <idle>-0       [000] d..2.  3719.716342: sched_switch: prev_comm=swapper/0 prev_pid=0 prev_prio=120 prev_state=R ==> next_comm=kworker/0:1 next_pid=9 next_prio=120
     kworker/0:1-9       [000] d..2.  3719.716586: sched_switch: prev_comm=kworker/0:1 prev_pid=9 prev_prio=120 prev_state=I ==> next_comm=swapper/0 next_pid=0 next_prio=120
          <idle>-0       [002] dNh2.  3719.816911: sched_wakeup: comm=sshd-session pid=547 prio=120 target_cpu=002
          <idle>-0       [002] d..2.  3719.817335: sched_switch: prev_comm=swapper/2 prev_pid=0 prev_prio=120 prev_state=R ==> next_comm=sshd-session next_pid=547 next_prio=120
          <idle>-0       [001] dNh2.  3719.820173: sched_wakeup: comm=kworker/u16:2 pid=43 prio=120 target_cpu=001
          <idle>-0       [001] d..2.  3719.820389: sched_switch: prev_comm=swapper/1 prev_pid=0 prev_prio=120 prev_state=R ==> next_comm=kworker/u16:2 next_pid=43 next_prio=120
          <idle>-0       [000] dNh2.  3719.820690: sched_wakeup: comm=sh pid=548 prio=120 target_cpu=000
   kworker/u16:2-43      [001] d..2.  3719.820697: sched_switch: prev_comm=kworker/u16:2 prev_pid=43 prev_prio=120 prev_state=I ==> next_comm=swapper/1 next_pid=0 next_prio=120
    sshd-session-547     [002] d..2.  3719.820796: sched_switch: prev_comm=sshd-session prev_pid=547 prev_prio=120 prev_state=S ==> next_comm=swapper/2 next_pid=0 next_prio=120
          <idle>-0       [000] d..2.  3719.821354: sched_switch: prev_comm=swapper/0 prev_pid=0 prev_prio=120 prev_state=R ==> next_comm=sh next_pid=548 next_prio=120
          <idle>-0       [001] dNh2.  3719.821600: sched_wakeup: comm=kworker/u16:2 pid=43 prio=120 target_cpu=001
          <idle>-0       [001] d..2.  3719.821700: sched_switch: prev_comm=swapper/1 prev_pid=0 prev_prio=120 prev_state=R ==> next_comm=kworker/u16:2 next_pid=43 next_prio=120
   kworker/u16:2-43      [001] d..2.  3719.821776: sched_switch: prev_comm=kworker/u16:2 prev_pid=43 prev_prio=120 prev_state=I ==> next_comm=swapper/1 next_pid=0 next_prio=120
              sh-548     [000] d..2.  3719.821782: sched_switch: prev_comm=sh prev_pid=548 prev_prio=120 prev_state=S ==> next_comm=swapper/0 next_pid=0 next_prio=120
          <idle>-0       [002] dNh2.  3719.821830: sched_wakeup: comm=sshd-session pid=547 prio=120 target_cpu=002
          <idle>-0       [002] d..2.  3719.821942: sched_switch: prev_comm=swapper/2 prev_pid=0 prev_prio=120 prev_state=R ==> next_comm=sshd-session next_pid=547 next_prio=120
    sshd-session-547     [002] d..2.  3719.823120: sched_switch: prev_comm=sshd-session prev_pid=547 prev_prio=120 prev_state=S ==> next_comm=swapper/2 next_pid=0 next_prio=120
          <idle>-0       [002] dNh2.  3719.955689: sched_wakeup: comm=sshd-session pid=547 prio=120 target_cpu=002
          <idle>-0       [002] d..2.  3719.955765: sched_switch: prev_comm=swapper/2 prev_pid=0 prev_prio=120 prev_state=R ==> next_comm=sshd-session next_pid=547 next_prio=120
          <idle>-0       [001] dNh2.  3719.956591: sched_wakeup: comm=kworker/u16:2 pid=43 prio=120 target_cpu=001
    sshd-session-547     [002] d..2.  3719.956654: sched_switch: prev_comm=sshd-session prev_pid=547 prev_prio=120 prev_state=S ==> next_comm=swapper/2 next_pid=0 next_prio=120
          <idle>-0       [001] d..2.  3719.956679: sched_switch: prev_comm=swapper/1 prev_pid=0 prev_prio=120 prev_state=R ==> next_comm=kworker/u16:2 next_pid=43 next_prio=120
   kworker/u16:2-43      [001] d..2.  3719.956802: sched_switch: prev_comm=kworker/u16:2 prev_pid=43 prev_prio=120 prev_state=I ==> next_comm=swapper/1 next_pid=0 next_prio=120
          <idle>-0       [000] dNh2.  3719.956836: sched_wakeup: comm=sh pid=548 prio=120 target_cpu=000
          <idle>-0       [000] d..2.  3719.956893: sched_switch: prev_comm=swapper/0 prev_pid=0 prev_prio=120 prev_state=R ==> next_comm=sh next_pid=548 next_prio=120
          <idle>-0       [001] dNh2.  3719.957081: sched_wakeup: comm=kworker/u16:2 pid=43 prio=120 target_cpu=001
              sh-548     [000] d..2.  3719.957254: sched_switch: prev_comm=sh prev_pid=548 prev_prio=120 prev_state=S ==> next_comm=swapper/0 next_pid=0 next_prio=120
          <idle>-0       [001] d..2.  3719.957342: sched_switch: prev_comm=swapper/1 prev_pid=0 prev_prio=120 prev_state=R ==> next_comm=kworker/u16:2 next_pid=43 next_prio=120
   kworker/u16:2-43      [001] d..2.  3719.957461: sched_switch: prev_comm=kworker/u16:2 prev_pid=43 prev_prio=120 prev_state=I ==> next_comm=swapper/1 next_pid=0 next_prio=120
          <idle>-0       [002] dNh2.  3719.957464: sched_wakeup: comm=sshd-session pid=547 prio=120 target_cpu=002
          <idle>-0       [002] d..2.  3719.957503: sched_switch: prev_comm=swapper/2 prev_pid=0 prev_prio=120 prev_state=R ==> next_comm=sshd-session next_pid=547 next_prio=120
    sshd-session-547     [002] d..2.  3719.958311: sched_switch: prev_comm=sshd-session prev_pid=547 prev_prio=120 prev_state=S ==> next_comm=swapper/2 next_pid=0 next_prio=120
          <idle>-0       [001] dNh6.  3720.160660: sched_wakeup: comm=kworker/1:1 pid=404 prio=120 target_cpu=001
          <idle>-0       [001] d..2.  3720.161006: sched_switch: prev_comm=swapper/1 prev_pid=0 prev_prio=120 prev_state=R ==> next_comm=kworker/1:1 next_pid=404 next_prio=120
     kworker/1:1-404     [001] d..2.  3720.161321: sched_switch: prev_comm=kworker/1:1 prev_pid=404 prev_prio=120 prev_state=I ==> next_comm=swapper/1 next_pid=0 next_prio=120
          <idle>-0       [000] dNh2.  3720.218627: sched_wakeup: comm=kcompactd0 pid=44 prio=120 target_cpu=000
          <idle>-0       [000] d..2.  3720.218716: sched_switch: prev_comm=swapper/0 prev_pid=0 prev_prio=120 prev_state=R ==> next_comm=kcompactd0 next_pid=44 next_prio=120
      kcompactd0-44      [000] d..2.  3720.218763: sched_switch: prev_comm=kcompactd0 prev_pid=44 prev_prio=120 prev_state=S ==> next_comm=swapper/0 next_pid=0 next_prio=120
          <idle>-0       [000] dNs5.  3720.586163: sched_wakeup: comm=kworker/0:1 pid=9 prio=120 target_cpu=000
          <idle>-0       [000] d..2.  3720.586609: sched_switch: prev_comm=swapper/0 prev_pid=0 prev_prio=120 prev_state=R ==> next_comm=kworker/0:1 next_pid=9 next_prio=120
          <idle>-0       [001] dNH2.  3720.587898: sched_wakeup: comm=kworker/u16:2 pid=43 prio=120 target_cpu=001
          <idle>-0       [001] d..2.  3720.587953: sched_switch: prev_comm=swapper/1 prev_pid=0 prev_prio=120 prev_state=R ==> next_comm=kworker/u16:2 next_pid=43 next_prio=120
   kworker/u16:2-43      [001] d..2.  3720.588016: sched_switch: prev_comm=kworker/u16:2 prev_pid=43 prev_prio=120 prev_state=I ==> next_comm=swapper/1 next_pid=0 next_prio=120
     kworker/0:1-9       [000] d..2.  3720.588034: sched_switch: prev_comm=kworker/0:1 prev_pid=9 prev_prio=120 prev_state=I ==> next_comm=swapper/0 next_pid=0 next_prio=120
          <idle>-0       [000] dNs4.  3720.721332: sched_wakeup: comm=kcompactd0 pid=44 prio=120 target_cpu=000
          <idle>-0       [000] dNs5.  3720.721437: sched_wakeup: comm=kworker/0:1 pid=9 prio=120 target_cpu=000
          <idle>-0       [000] d..2.  3720.721960: sched_switch: prev_comm=swapper/0 prev_pid=0 prev_prio=120 prev_state=R ==> next_comm=kcompactd0 next_pid=44 next_prio=120
      kcompactd0-44      [000] d..2.  3720.722177: sched_switch: prev_comm=kcompactd0 prev_pid=44 prev_prio=120 prev_state=S ==> next_comm=kworker/0:1 next_pid=9 next_prio=120
     kworker/0:1-9       [000] d..2.  3720.723366: sched_switch: prev_comm=kworker/0:1 prev_pid=9 prev_prio=120 prev_state=I ==> next_comm=swapper/0 next_pid=0 next_prio=120
          <idle>-0       [003] dNs5.  3721.161576: sched_wakeup: comm=kworker/3:2 pid=401 prio=120 target_cpu=003
          <idle>-0       [003] d..2.  3721.161910: sched_switch: prev_comm=swapper/3 prev_pid=0 prev_prio=120 prev_state=R ==> next_comm=kworker/3:2 next_pid=401 next_prio=120
     kworker/3:2-401     [003] d..2.  3721.162642: sched_switch: prev_comm=kworker/3:2 prev_pid=401 prev_prio=120 prev_state=I ==> next_comm=swapper/3 next_pid=0 next_prio=120
          <idle>-0       [000] dNs4.  3721.225425: sched_wakeup: comm=kcompactd0 pid=44 prio=120 target_cpu=000
          <idle>-0       [000] d..2.  3721.225904: sched_switch: prev_comm=swapper/0 prev_pid=0 prev_prio=120 prev_state=R ==> next_comm=kcompactd0 next_pid=44 next_prio=120
      kcompactd0-44      [000] d..2.  3721.227428: sched_switch: prev_comm=kcompactd0 prev_pid=44 prev_prio=120 prev_state=S ==> next_comm=swapper/0 next_pid=0 next_prio=120
          <idle>-0       [002] dNh2.  3721.361244: sched_wakeup: comm=sshd-session pid=547 prio=120 target_cpu=002
          <idle>-0       [002] d..2.  3721.361306: sched_switch: prev_comm=swapper/2 prev_pid=0 prev_prio=120 prev_state=R ==> next_comm=sshd-session next_pid=547 next_prio=120
          <idle>-0       [001] dNh2.  3721.361605: sched_wakeup: comm=kworker/u16:2 pid=43 prio=120 target_cpu=001
    sshd-session-547     [002] d..2.  3721.361625: sched_switch: prev_comm=sshd-session prev_pid=547 prev_prio=120 prev_state=S ==> next_comm=swapper/2 next_pid=0 next_prio=120
          <idle>-0       [001] d..2.  3721.361650: sched_switch: prev_comm=swapper/1 prev_pid=0 prev_prio=120 prev_state=R ==> next_comm=kworker/u16:2 next_pid=43 next_prio=120
   kworker/u16:2-43      [001] d..2.  3721.361716: sched_switch: prev_comm=kworker/u16:2 prev_pid=43 prev_prio=120 prev_state=I ==> next_comm=swapper/1 next_pid=0 next_prio=120
          <idle>-0       [000] dNh2.  3721.361900: sched_wakeup: comm=sh pid=548 prio=120 target_cpu=000
          <idle>-0       [000] d..2.  3721.361939: sched_switch: prev_comm=swapper/0 prev_pid=0 prev_prio=120 prev_state=R ==> next_comm=sh next_pid=548 next_prio=120
          <idle>-0       [001] dNh2.  3721.362058: sched_wakeup: comm=kworker/u16:2 pid=43 prio=120 target_cpu=001
          <idle>-0       [001] d..2.  3721.362077: sched_switch: prev_comm=swapper/1 prev_pid=0 prev_prio=120 prev_state=R ==> next_comm=kworker/u16:2 next_pid=43 next_prio=120
   kworker/u16:2-43      [001] d..2.  3721.362122: sched_switch: prev_comm=kworker/u16:2 prev_pid=43 prev_prio=120 prev_state=I ==> next_comm=swapper/1 next_pid=0 next_prio=120
          <idle>-0       [002] dNh2.  3721.362205: sched_wakeup: comm=sshd-session pid=547 prio=120 target_cpu=002
          <idle>-0       [002] d..2.  3721.362226: sched_switch: prev_comm=swapper/2 prev_pid=0 prev_prio=120 prev_state=R ==> next_comm=sshd-session next_pid=547 next_prio=120
              sh-548     [000] .....  3721.362359: __x64_sys_clone+0x4/0x30 <-do_syscall_64+0xb2/0x1d0
              sh-548     [000] .....  3721.362399: <stack trace>
 => [FTRACE TRAMPOLINE]
 => __x64_sys_clone+0x9/0x30
 => do_syscall_64+0xb2/0x1d0
 => entry_SYSCALL_64_after_hwframe+0x77/0x7f
              sh-548     [000] .....  3721.362406: copy_process+0x4/0x1a60 <-kernel_clone+0x9e/0x3b0
              sh-548     [000] .....  3721.362413: <stack trace>
 => [FTRACE TRAMPOLINE]
 => copy_process+0x9/0x1a60
 => kernel_clone+0x9e/0x3b0
 => __do_sys_clone+0x66/0x90
 => do_syscall_64+0xb2/0x1d0
 => entry_SYSCALL_64_after_hwframe+0x77/0x7f
    sshd-session-547     [002] d..2.  3721.362561: sched_switch: prev_comm=sshd-session prev_pid=547 prev_prio=120 prev_state=S ==> next_comm=swapper/2 next_pid=0 next_prio=120
              sh-548     [000] .....  3721.363089: sched_process_fork: comm=sh pid=548 child_comm=sh child_pid=569
          <idle>-0       [001] d..2.  3721.363193: sched_switch: prev_comm=swapper/1 prev_pid=0 prev_prio=120 prev_state=R ==> next_comm=sh next_pid=569 next_prio=120
              sh-548     [000] d..2.  3721.363379: sched_switch: prev_comm=sh prev_pid=548 prev_prio=120 prev_state=S ==> next_comm=swapper/0 next_pid=0 next_prio=120
          <idle>-0       [002] dNh2.  3721.365016: sched_wakeup: comm=rcu_preempt pid=17 prio=120 target_cpu=002
          <idle>-0       [002] d..2.  3721.365059: sched_switch: prev_comm=swapper/2 prev_pid=0 prev_prio=120 prev_state=R ==> next_comm=rcu_preempt next_pid=17 next_prio=120
     rcu_preempt-17      [002] d..2.  3721.365098: sched_switch: prev_comm=rcu_preempt prev_pid=17 prev_prio=120 prev_state=I ==> next_comm=swapper/2 next_pid=0 next_prio=120
          <idle>-0       [002] dNh2.  3721.368967: sched_wakeup: comm=rcu_preempt pid=17 prio=120 target_cpu=002
          <idle>-0       [002] d..2.  3721.369001: sched_switch: prev_comm=swapper/2 prev_pid=0 prev_prio=120 prev_state=R ==> next_comm=rcu_preempt next_pid=17 next_prio=120
     rcu_preempt-17      [002] d..2.  3721.369029: sched_switch: prev_comm=rcu_preempt prev_pid=17 prev_prio=120 prev_state=I ==> next_comm=swapper/2 next_pid=0 next_prio=120
          <idle>-0       [002] dNh2.  3721.372877: sched_wakeup: comm=rcu_preempt pid=17 prio=120 target_cpu=002
          <idle>-0       [002] d..2.  3721.372908: sched_switch: prev_comm=swapper/2 prev_pid=0 prev_prio=120 prev_state=R ==> next_comm=rcu_preempt next_pid=17 next_prio=120
     rcu_preempt-17      [002] d..2.  3721.372945: sched_switch: prev_comm=rcu_preempt prev_pid=17 prev_prio=120 prev_state=I ==> next_comm=swapper/2 next_pid=0 next_prio=120
          <idle>-0       [002] dNh2.  3721.376841: sched_wakeup: comm=rcu_preempt pid=17 prio=120 target_cpu=002
          <idle>-0       [002] d..2.  3721.376864: sched_switch: prev_comm=swapper/2 prev_pid=0 prev_prio=120 prev_state=R ==> next_comm=rcu_preempt next_pid=17 next_prio=120
     rcu_preempt-17      [002] d..2.  3721.376880: sched_switch: prev_comm=rcu_preempt prev_pid=17 prev_prio=120 prev_state=I ==> next_comm=swapper/2 next_pid=0 next_prio=120
          <idle>-0       [002] dNh2.  3721.380863: sched_wakeup: comm=rcu_preempt pid=17 prio=120 target_cpu=002
          <idle>-0       [002] d..2.  3721.380882: sched_switch: prev_comm=swapper/2 prev_pid=0 prev_prio=120 prev_state=R ==> next_comm=rcu_preempt next_pid=17 next_prio=120
     rcu_preempt-17      [002] d..2.  3721.380904: sched_switch: prev_comm=rcu_preempt prev_pid=17 prev_prio=120 prev_state=I ==> next_comm=swapper/2 next_pid=0 next_prio=120
          <idle>-0       [000] dNh2.  3721.381223: sched_wakeup: comm=kworker/u16:2 pid=43 prio=120 target_cpu=000
          <idle>-0       [000] d..2.  3721.381260: sched_switch: prev_comm=swapper/0 prev_pid=0 prev_prio=120 prev_state=R ==> next_comm=kworker/u16:2 next_pid=43 next_prio=120
   kworker/u16:2-43      [000] d..2.  3721.381321: sched_switch: prev_comm=kworker/u16:2 prev_pid=43 prev_prio=120 prev_state=I ==> next_comm=swapper/0 next_pid=0 next_prio=120
          <idle>-0       [002] dNh2.  3721.381354: sched_wakeup: comm=sshd-session pid=547 prio=120 target_cpu=002
          <idle>-0       [002] d..2.  3721.381381: sched_switch: prev_comm=swapper/2 prev_pid=0 prev_prio=120 prev_state=R ==> next_comm=sshd-session next_pid=547 next_prio=120
    sshd-session-547     [002] d..2.  3721.381696: sched_switch: prev_comm=sshd-session prev_pid=547 prev_prio=120 prev_state=S ==> next_comm=swapper/2 next_pid=0 next_prio=120
          <idle>-0       [002] dNh2.  3721.384922: sched_wakeup: comm=rcu_preempt pid=17 prio=120 target_cpu=002
          <idle>-0       [002] d..2.  3721.384961: sched_switch: prev_comm=swapper/2 prev_pid=0 prev_prio=120 prev_state=R ==> next_comm=rcu_preempt next_pid=17 next_prio=120
     rcu_preempt-17      [002] d..2.  3721.384990: sched_switch: prev_comm=rcu_preempt prev_pid=17 prev_prio=120 prev_state=I ==> next_comm=swapper/2 next_pid=0 next_prio=120
          <idle>-0       [000] dNh2.  3721.388701: sched_wakeup: comm=kworker/u16:2 pid=43 prio=120 target_cpu=000
          <idle>-0       [000] d..2.  3721.388735: sched_switch: prev_comm=swapper/0 prev_pid=0 prev_prio=120 prev_state=R ==> next_comm=kworker/u16:2 next_pid=43 next_prio=120
          <idle>-0       [002] dNh2.  3721.388840: sched_wakeup: comm=sshd-session pid=547 prio=120 target_cpu=002
   kworker/u16:2-43      [000] d..2.  3721.388846: sched_switch: prev_comm=kworker/u16:2 prev_pid=43 prev_prio=120 prev_state=I ==> next_comm=swapper/0 next_pid=0 next_prio=120
          <idle>-0       [002] d..2.  3721.388870: sched_switch: prev_comm=swapper/2 prev_pid=0 prev_prio=120 prev_state=R ==> next_comm=sshd-session next_pid=547 next_prio=120
    sshd-session-547     [002] d..2.  3721.389202: sched_switch: prev_comm=sshd-session prev_pid=547 prev_prio=120 prev_state=S ==> next_comm=swapper/2 next_pid=0 next_prio=120
          <idle>-0       [000] dNH2.  3721.389277: sched_wakeup: comm=kworker/u16:2 pid=43 prio=120 target_cpu=000
          <idle>-0       [000] d..2.  3721.389340: sched_switch: prev_comm=swapper/0 prev_pid=0 prev_prio=120 prev_state=R ==> next_comm=kworker/u16:2 next_pid=43 next_prio=120
   kworker/u16:2-43      [000] d..2.  3721.389383: sched_switch: prev_comm=kworker/u16:2 prev_pid=43 prev_prio=120 prev_state=I ==> next_comm=swapper/0 next_pid=0 next_prio=120
          <idle>-0       [002] dNh2.  3721.389392: sched_wakeup: comm=sshd-session pid=547 prio=120 target_cpu=002
          <idle>-0       [002] d..2.  3721.389405: sched_switch: prev_comm=swapper/2 prev_pid=0 prev_prio=120 prev_state=R ==> next_comm=sshd-session next_pid=547 next_prio=120
          <idle>-0       [000] dNh2.  3721.389502: sched_wakeup: comm=kworker/u16:2 pid=43 prio=120 target_cpu=000
    sshd-session-547     [002] d..2.  3721.389513: sched_switch: prev_comm=sshd-session prev_pid=547 prev_prio=120 prev_state=D ==> next_comm=swapper/2 next_pid=0 next_prio=120
          <idle>-0       [000] d..2.  3721.389522: sched_switch: prev_comm=swapper/0 prev_pid=0 prev_prio=120 prev_state=R ==> next_comm=kworker/u16:2 next_pid=43 next_prio=120
   kworker/u16:2-43      [000] d..2.  3721.389552: sched_switch: prev_comm=kworker/u16:2 prev_pid=43 prev_prio=120 prev_state=I ==> next_comm=swapper/0 next_pid=0 next_prio=120
          <idle>-0       [002] dNh2.  3721.389560: sched_wakeup: comm=sshd-session pid=547 prio=120 target_cpu=002
          <idle>-0       [002] d..2.  3721.389568: sched_switch: prev_comm=swapper/2 prev_pid=0 prev_prio=120 prev_state=R ==> next_comm=sshd-session next_pid=547 next_prio=120
          <idle>-0       [000] dNH2.  3721.389714: sched_wakeup: comm=kworker/u16:2 pid=43 prio=120 target_cpu=000
    sshd-session-547     [002] d..2.  3721.389742: sched_switch: prev_comm=sshd-session prev_pid=547 prev_prio=120 prev_state=D ==> next_comm=swapper/2 next_pid=0 next_prio=120
          <idle>-0       [000] d..2.  3721.389804: sched_switch: prev_comm=swapper/0 prev_pid=0 prev_prio=120 prev_state=R ==> next_comm=kworker/u16:2 next_pid=43 next_prio=120
          <idle>-0       [003] dNh2.  3721.389907: sched_wakeup: comm=rcu_preempt pid=17 prio=120 target_cpu=003
          <idle>-0       [002] dNH2.  3721.389914: sched_wakeup: comm=sshd-session pid=547 prio=120 target_cpu=002
   kworker/u16:2-43      [000] d..2.  3721.389916: sched_switch: prev_comm=kworker/u16:2 prev_pid=43 prev_prio=120 prev_state=I ==> next_comm=swapper/0 next_pid=0 next_prio=120
          <idle>-0       [003] d..2.  3721.389922: sched_switch: prev_comm=swapper/3 prev_pid=0 prev_prio=120 prev_state=R ==> next_comm=rcu_preempt next_pid=17 next_prio=120
          <idle>-0       [002] d..2.  3721.389941: sched_switch: prev_comm=swapper/2 prev_pid=0 prev_prio=120 prev_state=R ==> next_comm=sshd-session next_pid=547 next_prio=120
     rcu_preempt-17      [003] d..2.  3721.389976: sched_switch: prev_comm=rcu_preempt prev_pid=17 prev_prio=120 prev_state=I ==> next_comm=swapper/3 next_pid=0 next_prio=120
          <idle>-0       [000] dNH2.  3721.390093: sched_wakeup: comm=kworker/u16:2 pid=43 prio=120 target_cpu=000
    sshd-session-547     [002] d..2.  3721.390142: sched_switch: prev_comm=sshd-session prev_pid=547 prev_prio=120 prev_state=D ==> next_comm=swapper/2 next_pid=0 next_prio=120
          <idle>-0       [000] d..2.  3721.390233: sched_switch: prev_comm=swapper/0 prev_pid=0 prev_prio=120 prev_state=R ==> next_comm=kworker/u16:2 next_pid=43 next_prio=120
          <idle>-0       [002] dNh2.  3721.390295: sched_wakeup: comm=kworker/u16:0 pid=11 prio=120 target_cpu=002
   kworker/u16:2-43      [000] d..2.  3721.390335: sched_switch: prev_comm=kworker/u16:2 prev_pid=43 prev_prio=120 prev_state=I ==> next_comm=swapper/0 next_pid=0 next_prio=120
          <idle>-0       [002] d..2.  3721.390349: sched_switch: prev_comm=swapper/2 prev_pid=0 prev_prio=120 prev_state=R ==> next_comm=kworker/u16:0 next_pid=11 next_prio=120
          <idle>-0       [003] dNh2.  3721.390349: sched_wakeup: comm=sshd-session pid=547 prio=120 target_cpu=003
   kworker/u16:0-11      [002] d..2.  3721.390365: sched_switch: prev_comm=kworker/u16:0 prev_pid=11 prev_prio=120 prev_state=I ==> next_comm=swapper/2 next_pid=0 next_prio=120
          <idle>-0       [003] d..2.  3721.390370: sched_switch: prev_comm=swapper/3 prev_pid=0 prev_prio=120 prev_state=R ==> next_comm=sshd-session next_pid=547 next_prio=120
          <idle>-0       [002] dNh2.  3721.390453: sched_wakeup: comm=kworker/u16:0 pid=11 prio=120 target_cpu=002
          <idle>-0       [002] d..2.  3721.390472: sched_switch: prev_comm=swapper/2 prev_pid=0 prev_prio=120 prev_state=R ==> next_comm=kworker/u16:0 next_pid=11 next_prio=120
   kworker/u16:0-11      [002] d..2.  3721.390495: sched_switch: prev_comm=kworker/u16:0 prev_pid=11 prev_prio=120 prev_state=I ==> next_comm=swapper/2 next_pid=0 next_prio=120
          <idle>-0       [002] dNh2.  3721.390582: sched_wakeup: comm=kworker/u16:0 pid=11 prio=120 target_cpu=002
          <idle>-0       [002] d..2.  3721.390648: sched_switch: prev_comm=swapper/2 prev_pid=0 prev_prio=120 prev_state=R ==> next_comm=kworker/u16:0 next_pid=11 next_prio=120
   kworker/u16:0-11      [002] d..2.  3721.390666: sched_switch: prev_comm=kworker/u16:0 prev_pid=11 prev_prio=120 prev_state=I ==> next_comm=swapper/2 next_pid=0 next_prio=120
          <idle>-0       [002] dNh2.  3721.390848: sched_wakeup: comm=kworker/u16:0 pid=11 prio=120 target_cpu=002
          <idle>-0       [002] d..2.  3721.390862: sched_switch: prev_comm=swapper/2 prev_pid=0 prev_prio=120 prev_state=R ==> next_comm=kworker/u16:0 next_pid=11 next_prio=120
   kworker/u16:0-11      [002] d..2.  3721.390886: sched_switch: prev_comm=kworker/u16:0 prev_pid=11 prev_prio=120 prev_state=I ==> next_comm=swapper/2 next_pid=0 next_prio=120
          <idle>-0       [002] dNh2.  3721.391223: sched_wakeup: comm=kworker/u16:0 pid=11 prio=120 target_cpu=002
    sshd-session-547     [003] d..2.  3721.391267: sched_switch: prev_comm=sshd-session prev_pid=547 prev_prio=120 prev_state=D ==> next_comm=swapper/3 next_pid=0 next_prio=120
          <idle>-0       [002] d..2.  3721.391275: sched_switch: prev_comm=swapper/2 prev_pid=0 prev_prio=120 prev_state=R ==> next_comm=kworker/u16:0 next_pid=11 next_prio=120
   kworker/u16:0-11      [002] d..2.  3721.391325: sched_switch: prev_comm=kworker/u16:0 prev_pid=11 prev_prio=120 prev_state=I ==> next_comm=swapper/2 next_pid=0 next_prio=120
          <idle>-0       [003] dN.2.  3721.391349: sched_wakeup: comm=sshd-session pid=547 prio=120 target_cpu=003
          <idle>-0       [003] d..2.  3721.391357: sched_switch: prev_comm=swapper/3 prev_pid=0 prev_prio=120 prev_state=R ==> next_comm=sshd-session next_pid=547 next_prio=120
          <idle>-0       [002] dNh2.  3721.391480: sched_wakeup: comm=kworker/u16:0 pid=11 prio=120 target_cpu=002
    sshd-session-547     [003] d..2.  3721.391486: sched_switch: prev_comm=sshd-session prev_pid=547 prev_prio=120 prev_state=D ==> next_comm=swapper/3 next_pid=0 next_prio=120
          <idle>-0       [002] d..2.  3721.391514: sched_switch: prev_comm=swapper/2 prev_pid=0 prev_prio=120 prev_state=R ==> next_comm=kworker/u16:0 next_pid=11 next_prio=120
   kworker/u16:0-11      [002] d..2.  3721.391550: sched_switch: prev_comm=kworker/u16:0 prev_pid=11 prev_prio=120 prev_state=I ==> next_comm=swapper/2 next_pid=0 next_prio=120
          <idle>-0       [003] dNh2.  3721.391558: sched_wakeup: comm=sshd-session pid=547 prio=120 target_cpu=003
          <idle>-0       [003] d..2.  3721.391584: sched_switch: prev_comm=swapper/3 prev_pid=0 prev_prio=120 prev_state=R ==> next_comm=sshd-session next_pid=547 next_prio=120
          <idle>-0       [002] dNh2.  3721.391690: sched_wakeup: comm=kworker/u16:0 pid=11 prio=120 target_cpu=002
          <idle>-0       [002] d..2.  3721.391715: sched_switch: prev_comm=swapper/2 prev_pid=0 prev_prio=120 prev_state=R ==> next_comm=kworker/u16:0 next_pid=11 next_prio=120
   kworker/u16:0-11      [002] d..2.  3721.391749: sched_switch: prev_comm=kworker/u16:0 prev_pid=11 prev_prio=120 prev_state=I ==> next_comm=swapper/2 next_pid=0 next_prio=120
    sshd-session-547     [003] d..2.  3721.391916: sched_switch: prev_comm=sshd-session prev_pid=547 prev_prio=120 prev_state=D ==> next_comm=swapper/3 next_pid=0 next_prio=120
          <idle>-0       [002] dNh2.  3721.391959: sched_wakeup: comm=kworker/u16:0 pid=11 prio=120 target_cpu=002
          <idle>-0       [002] d..2.  3721.391983: sched_switch: prev_comm=swapper/2 prev_pid=0 prev_prio=120 prev_state=R ==> next_comm=kworker/u16:0 next_pid=11 next_prio=120
          <idle>-0       [003] dNh2.  3721.392045: sched_wakeup: comm=sshd-session pid=547 prio=120 target_cpu=003
   kworker/u16:0-11      [002] d..2.  3721.392053: sched_switch: prev_comm=kworker/u16:0 prev_pid=11 prev_prio=120 prev_state=I ==> next_comm=swapper/2 next_pid=0 next_prio=120
          <idle>-0       [003] d..2.  3721.392068: sched_switch: prev_comm=swapper/3 prev_pid=0 prev_prio=120 prev_state=R ==> next_comm=sshd-session next_pid=547 next_prio=120
          <idle>-0       [002] dN.2.  3721.392073: sched_wakeup: comm=kworker/u16:0 pid=11 prio=120 target_cpu=002
          <idle>-0       [002] d..2.  3721.392081: sched_switch: prev_comm=swapper/2 prev_pid=0 prev_prio=120 prev_state=R ==> next_comm=kworker/u16:0 next_pid=11 next_prio=120
   kworker/u16:0-11      [002] d..2.  3721.392100: sched_switch: prev_comm=kworker/u16:0 prev_pid=11 prev_prio=120 prev_state=I ==> next_comm=swapper/2 next_pid=0 next_prio=120
    sshd-session-547     [003] d..2.  3721.392230: sched_switch: prev_comm=sshd-session prev_pid=547 prev_prio=120 prev_state=D ==> next_comm=swapper/3 next_pid=0 next_prio=120
          <idle>-0       [002] dNh2.  3721.392261: sched_wakeup: comm=kworker/u16:0 pid=11 prio=120 target_cpu=002
          <idle>-0       [002] d..2.  3721.392273: sched_switch: prev_comm=swapper/2 prev_pid=0 prev_prio=120 prev_state=R ==> next_comm=kworker/u16:0 next_pid=11 next_prio=120
   kworker/u16:0-11      [002] d..2.  3721.392320: sched_switch: prev_comm=kworker/u16:0 prev_pid=11 prev_prio=120 prev_state=I ==> next_comm=swapper/2 next_pid=0 next_prio=120
          <idle>-0       [003] dNh2.  3721.392331: sched_wakeup: comm=sshd-session pid=547 prio=120 target_cpu=003
          <idle>-0       [003] d..2.  3721.392360: sched_switch: prev_comm=swapper/3 prev_pid=0 prev_prio=120 prev_state=R ==> next_comm=sshd-session next_pid=547 next_prio=120
          <idle>-0       [002] dNh2.  3721.392472: sched_wakeup: comm=kworker/u16:0 pid=11 prio=120 target_cpu=002
          <idle>-0       [002] d..2.  3721.392486: sched_switch: prev_comm=swapper/2 prev_pid=0 prev_prio=120 prev_state=R ==> next_comm=kworker/u16:0 next_pid=11 next_prio=120
   kworker/u16:0-11      [002] d..2.  3721.392506: sched_switch: prev_comm=kworker/u16:0 prev_pid=11 prev_prio=120 prev_state=I ==> next_comm=swapper/2 next_pid=0 next_prio=120
    sshd-session-547     [003] d..2.  3721.392604: sched_switch: prev_comm=sshd-session prev_pid=547 prev_prio=120 prev_state=D ==> next_comm=swapper/3 next_pid=0 next_prio=120
          <idle>-0       [002] dNh2.  3721.392646: sched_wakeup: comm=kworker/u16:0 pid=11 prio=120 target_cpu=002
          <idle>-0       [002] d..2.  3721.392658: sched_switch: prev_comm=swapper/2 prev_pid=0 prev_prio=120 prev_state=R ==> next_comm=kworker/u16:0 next_pid=11 next_prio=120
   kworker/u16:0-11      [002] d..2.  3721.392691: sched_switch: prev_comm=kworker/u16:0 prev_pid=11 prev_prio=120 prev_state=I ==> next_comm=swapper/2 next_pid=0 next_prio=120
          <idle>-0       [003] dNh2.  3721.392698: sched_wakeup: comm=sshd-session pid=547 prio=120 target_cpu=003
          <idle>-0       [003] d..2.  3721.392710: sched_switch: prev_comm=swapper/3 prev_pid=0 prev_prio=120 prev_state=R ==> next_comm=sshd-session next_pid=547 next_prio=120
          <idle>-0       [002] dNh2.  3721.392762: sched_wakeup: comm=kworker/u16:0 pid=11 prio=120 target_cpu=002
          <idle>-0       [002] d..2.  3721.392815: sched_switch: prev_comm=swapper/2 prev_pid=0 prev_prio=120 prev_state=R ==> next_comm=kworker/u16:0 next_pid=11 next_prio=120
   kworker/u16:0-11      [002] d..2.  3721.392836: sched_switch: prev_comm=kworker/u16:0 prev_pid=11 prev_prio=120 prev_state=I ==> next_comm=swapper/2 next_pid=0 next_prio=120
          <idle>-0       [002] dN.2.  3721.392859: sched_wakeup: comm=kworker/u16:0 pid=11 prio=120 target_cpu=002
          <idle>-0       [002] d..2.  3721.392863: sched_switch: prev_comm=swapper/2 prev_pid=0 prev_prio=120 prev_state=R ==> next_comm=kworker/u16:0 next_pid=11 next_prio=120
   kworker/u16:0-11      [002] d..2.  3721.392873: sched_switch: prev_comm=kworker/u16:0 prev_pid=11 prev_prio=120 prev_state=I ==> next_comm=swapper/2 next_pid=0 next_prio=120
          <idle>-0       [002] dNh2.  3721.393145: sched_wakeup: comm=kworker/u16:0 pid=11 prio=120 target_cpu=002
    sshd-session-547     [003] d..2.  3721.393156: sched_switch: prev_comm=sshd-session prev_pid=547 prev_prio=120 prev_state=D ==> next_comm=swapper/3 next_pid=0 next_prio=120
          <idle>-0       [002] d..2.  3721.393169: sched_switch: prev_comm=swapper/2 prev_pid=0 prev_prio=120 prev_state=R ==> next_comm=kworker/u16:0 next_pid=11 next_prio=120
   kworker/u16:0-11      [002] d..2.  3721.393204: sched_switch: prev_comm=kworker/u16:0 prev_pid=11 prev_prio=120 prev_state=I ==> next_comm=swapper/2 next_pid=0 next_prio=120
          <idle>-0       [003] dNh2.  3721.393221: sched_wakeup: comm=sshd-session pid=547 prio=120 target_cpu=003
          <idle>-0       [003] d..2.  3721.393232: sched_switch: prev_comm=swapper/3 prev_pid=0 prev_prio=120 prev_state=R ==> next_comm=sshd-session next_pid=547 next_prio=120
          <idle>-0       [002] dN.2.  3721.393235: sched_wakeup: comm=kworker/u16:0 pid=11 prio=120 target_cpu=002
          <idle>-0       [002] d..2.  3721.393240: sched_switch: prev_comm=swapper/2 prev_pid=0 prev_prio=120 prev_state=R ==> next_comm=kworker/u16:0 next_pid=11 next_prio=120
   kworker/u16:0-11      [002] d..2.  3721.393253: sched_switch: prev_comm=kworker/u16:0 prev_pid=11 prev_prio=120 prev_state=I ==> next_comm=swapper/2 next_pid=0 next_prio=120
    sshd-session-547     [003] d..2.  3721.393400: sched_switch: prev_comm=sshd-session prev_pid=547 prev_prio=120 prev_state=D ==> next_comm=swapper/3 next_pid=0 next_prio=120
          <idle>-0       [002] dNh2.  3721.393440: sched_wakeup: comm=kworker/u16:0 pid=11 prio=120 target_cpu=002
          <idle>-0       [002] d..2.  3721.393461: sched_switch: prev_comm=swapper/2 prev_pid=0 prev_prio=120 prev_state=R ==> next_comm=kworker/u16:0 next_pid=11 next_prio=120
          <idle>-0       [003] dNh2.  3721.393560: sched_wakeup: comm=sshd-session pid=547 prio=120 target_cpu=003
   kworker/u16:0-11      [002] d..2.  3721.393564: sched_switch: prev_comm=kworker/u16:0 prev_pid=11 prev_prio=120 prev_state=I ==> next_comm=swapper/2 next_pid=0 next_prio=120
          <idle>-0       [000] dNh2.  3721.393565: sched_wakeup: comm=kworker/u16:2 pid=43 prio=120 target_cpu=000
          <idle>-0       [003] d..2.  3721.393568: sched_switch: prev_comm=swapper/3 prev_pid=0 prev_prio=120 prev_state=R ==> next_comm=sshd-session next_pid=547 next_prio=120
          <idle>-0       [000] d..2.  3721.393593: sched_switch: prev_comm=swapper/0 prev_pid=0 prev_prio=120 prev_state=R ==> next_comm=kworker/u16:2 next_pid=43 next_prio=120
   kworker/u16:2-43      [000] d..2.  3721.393608: sched_switch: prev_comm=kworker/u16:2 prev_pid=43 prev_prio=120 prev_state=I ==> next_comm=swapper/0 next_pid=0 next_prio=120
          <idle>-0       [000] dNh2.  3721.393664: sched_wakeup: comm=kworker/u16:2 pid=43 prio=120 target_cpu=000
    sshd-session-547     [003] d..2.  3721.393705: sched_switch: prev_comm=sshd-session prev_pid=547 prev_prio=120 prev_state=D ==> next_comm=swapper/3 next_pid=0 next_prio=120
          <idle>-0       [000] d..2.  3721.393730: sched_switch: prev_comm=swapper/0 prev_pid=0 prev_prio=120 prev_state=R ==> next_comm=kworker/u16:2 next_pid=43 next_prio=120
          <idle>-0       [002] dNh2.  3721.393867: sched_wakeup: comm=kworker/u16:0 pid=11 prio=120 target_cpu=002
   kworker/u16:2-43      [000] d..2.  3721.393873: sched_switch: prev_comm=kworker/u16:2 prev_pid=43 prev_prio=120 prev_state=I ==> next_comm=swapper/0 next_pid=0 next_prio=120
          <idle>-0       [003] dNh2.  3721.393895: sched_wakeup: comm=sshd-session pid=547 prio=120 target_cpu=003
          <idle>-0       [002] d..2.  3721.393921: sched_switch: prev_comm=swapper/2 prev_pid=0 prev_prio=120 prev_state=R ==> next_comm=kworker/u16:0 next_pid=11 next_prio=120
   kworker/u16:0-11      [002] d..2.  3721.393934: sched_switch: prev_comm=kworker/u16:0 prev_pid=11 prev_prio=120 prev_state=I ==> next_comm=swapper/2 next_pid=0 next_prio=120
          <idle>-0       [003] d..2.  3721.393981: sched_switch: prev_comm=swapper/3 prev_pid=0 prev_prio=120 prev_state=R ==> next_comm=sshd-session next_pid=547 next_prio=120
          <idle>-0       [002] dNh2.  3721.393988: sched_wakeup: comm=rcu_preempt pid=17 prio=120 target_cpu=002
          <idle>-0       [002] d..2.  3721.394008: sched_switch: prev_comm=swapper/2 prev_pid=0 prev_prio=120 prev_state=R ==> next_comm=rcu_preempt next_pid=17 next_prio=120
     rcu_preempt-17      [002] d..2.  3721.394027: sched_switch: prev_comm=rcu_preempt prev_pid=17 prev_prio=120 prev_state=I ==> next_comm=swapper/2 next_pid=0 next_prio=120
    sshd-session-547     [003] d..2.  3721.394166: sched_switch: prev_comm=sshd-session prev_pid=547 prev_prio=120 prev_state=D ==> next_comm=swapper/3 next_pid=0 next_prio=120
          <idle>-0       [002] dNh2.  3721.394166: sched_wakeup: comm=kworker/u16:0 pid=11 prio=120 target_cpu=002
          <idle>-0       [002] d..2.  3721.394177: sched_switch: prev_comm=swapper/2 prev_pid=0 prev_prio=120 prev_state=R ==> next_comm=kworker/u16:0 next_pid=11 next_prio=120
   kworker/u16:0-11      [002] d..2.  3721.394212: sched_switch: prev_comm=kworker/u16:0 prev_pid=11 prev_prio=120 prev_state=I ==> next_comm=swapper/2 next_pid=0 next_prio=120
          <idle>-0       [003] dNh2.  3721.394246: sched_wakeup: comm=sshd-session pid=547 prio=120 target_cpu=003
          <idle>-0       [002] dNh2.  3721.394274: sched_wakeup: comm=kworker/u16:0 pid=11 prio=120 target_cpu=002
          <idle>-0       [003] d..2.  3721.394278: sched_switch: prev_comm=swapper/3 prev_pid=0 prev_prio=120 prev_state=R ==> next_comm=sshd-session next_pid=547 next_prio=120
          <idle>-0       [002] d..2.  3721.394294: sched_switch: prev_comm=swapper/2 prev_pid=0 prev_prio=120 prev_state=R ==> next_comm=kworker/u16:0 next_pid=11 next_prio=120
   kworker/u16:0-11      [002] d..2.  3721.394309: sched_switch: prev_comm=kworker/u16:0 prev_pid=11 prev_prio=120 prev_state=I ==> next_comm=swapper/2 next_pid=0 next_prio=120
    sshd-session-547     [003] d..2.  3721.394442: sched_switch: prev_comm=sshd-session prev_pid=547 prev_prio=120 prev_state=D ==> next_comm=swapper/3 next_pid=0 next_prio=120
          <idle>-0       [002] dNh2.  3721.394493: sched_wakeup: comm=kworker/u16:0 pid=11 prio=120 target_cpu=002
          <idle>-0       [002] d..2.  3721.394505: sched_switch: prev_comm=swapper/2 prev_pid=0 prev_prio=120 prev_state=R ==> next_comm=kworker/u16:0 next_pid=11 next_prio=120
   kworker/u16:0-11      [002] d..2.  3721.394541: sched_switch: prev_comm=kworker/u16:0 prev_pid=11 prev_prio=120 prev_state=I ==> next_comm=swapper/2 next_pid=0 next_prio=120
          <idle>-0       [003] dNh2.  3721.394558: sched_wakeup: comm=sshd-session pid=547 prio=120 target_cpu=003
          <idle>-0       [003] d..2.  3721.394582: sched_switch: prev_comm=swapper/3 prev_pid=0 prev_prio=120 prev_state=R ==> next_comm=sshd-session next_pid=547 next_prio=120
          <idle>-0       [002] dNh2.  3721.394630: sched_wakeup: comm=kworker/u16:0 pid=11 prio=120 target_cpu=002
          <idle>-0       [002] d..2.  3721.394659: sched_switch: prev_comm=swapper/2 prev_pid=0 prev_prio=120 prev_state=R ==> next_comm=kworker/u16:0 next_pid=11 next_prio=120
   kworker/u16:0-11      [002] d..2.  3721.394677: sched_switch: prev_comm=kworker/u16:0 prev_pid=11 prev_prio=120 prev_state=I ==> next_comm=swapper/2 next_pid=0 next_prio=120
          <idle>-0       [002] dNh2.  3721.394784: sched_wakeup: comm=kworker/u16:0 pid=11 prio=120 target_cpu=002
          <idle>-0       [002] d..2.  3721.394796: sched_switch: prev_comm=swapper/2 prev_pid=0 prev_prio=120 prev_state=R ==> next_comm=kworker/u16:0 next_pid=11 next_prio=120
   kworker/u16:0-11      [002] d..2.  3721.394815: sched_switch: prev_comm=kworker/u16:0 prev_pid=11 prev_prio=120 prev_state=I ==> next_comm=swapper/2 next_pid=0 next_prio=120
    sshd-session-547     [003] d..2.  3721.395110: sched_switch: prev_comm=sshd-session prev_pid=547 prev_prio=120 prev_state=D ==> next_comm=swapper/3 next_pid=0 next_prio=120
          <idle>-0       [002] dNh2.  3721.395118: sched_wakeup: comm=kworker/u16:0 pid=11 prio=120 target_cpu=002
          <idle>-0       [002] d..2.  3721.395181: sched_switch: prev_comm=swapper/2 prev_pid=0 prev_prio=120 prev_state=R ==> next_comm=kworker/u16:0 next_pid=11 next_prio=120
   kworker/u16:0-11      [002] d..2.  3721.395225: sched_switch: prev_comm=kworker/u16:0 prev_pid=11 prev_prio=120 prev_state=I ==> next_comm=swapper/2 next_pid=0 next_prio=120
          <idle>-0       [003] dNh2.  3721.395231: sched_wakeup: comm=sshd-session pid=547 prio=120 target_cpu=003
          <idle>-0       [003] d..2.  3721.395258: sched_switch: prev_comm=swapper/3 prev_pid=0 prev_prio=120 prev_state=R ==> next_comm=sshd-session next_pid=547 next_prio=120
          <idle>-0       [002] dNh2.  3721.395311: sched_wakeup: comm=kworker/u16:0 pid=11 prio=120 target_cpu=002
          <idle>-0       [002] d..2.  3721.395322: sched_switch: prev_comm=swapper/2 prev_pid=0 prev_prio=120 prev_state=R ==> next_comm=kworker/u16:0 next_pid=11 next_prio=120
   kworker/u16:0-11      [002] d..2.  3721.395340: sched_switch: prev_comm=kworker/u16:0 prev_pid=11 prev_prio=120 prev_state=I ==> next_comm=swapper/2 next_pid=0 next_prio=120
          <idle>-0       [002] dNh2.  3721.395462: sched_wakeup: comm=kworker/u16:0 pid=11 prio=120 target_cpu=002
          <idle>-0       [002] d..2.  3721.395472: sched_switch: prev_comm=swapper/2 prev_pid=0 prev_prio=120 prev_state=R ==> next_comm=kworker/u16:0 next_pid=11 next_prio=120
    sshd-session-547     [003] d..2.  3721.395485: sched_switch: prev_comm=sshd-session prev_pid=547 prev_prio=120 prev_state=D ==> next_comm=swapper/3 next_pid=0 next_prio=120
   kworker/u16:0-11      [002] d..2.  3721.395492: sched_switch: prev_comm=kworker/u16:0 prev_pid=11 prev_prio=120 prev_state=I ==> next_comm=swapper/2 next_pid=0 next_prio=120
          <idle>-0       [003] dNh2.  3721.395532: sched_wakeup: comm=sshd-session pid=547 prio=120 target_cpu=003
          <idle>-0       [003] d..2.  3721.395539: sched_switch: prev_comm=swapper/3 prev_pid=0 prev_prio=120 prev_state=R ==> next_comm=sshd-session next_pid=547 next_prio=120
          <idle>-0       [002] dNh2.  3721.395682: sched_wakeup: comm=kworker/u16:0 pid=11 prio=120 target_cpu=002
          <idle>-0       [002] d..2.  3721.395698: sched_switch: prev_comm=swapper/2 prev_pid=0 prev_prio=120 prev_state=R ==> next_comm=kworker/u16:0 next_pid=11 next_prio=120
    sshd-session-547     [003] d..2.  3721.395698: sched_switch: prev_comm=sshd-session prev_pid=547 prev_prio=120 prev_state=D ==> next_comm=swapper/3 next_pid=0 next_prio=120
   kworker/u16:0-11      [002] d..2.  3721.395722: sched_switch: prev_comm=kworker/u16:0 prev_pid=11 prev_prio=120 prev_state=I ==> next_comm=swapper/2 next_pid=0 next_prio=120
          <idle>-0       [003] dN.2.  3721.395726: sched_wakeup: comm=sshd-session pid=547 prio=120 target_cpu=003
          <idle>-0       [003] d..2.  3721.395732: sched_switch: prev_comm=swapper/3 prev_pid=0 prev_prio=120 prev_state=R ==> next_comm=sshd-session next_pid=547 next_prio=120
    sshd-session-547     [003] d..2.  3721.395942: sched_switch: prev_comm=sshd-session prev_pid=547 prev_prio=120 prev_state=D ==> next_comm=swapper/3 next_pid=0 next_prio=120
          <idle>-0       [002] dNh2.  3721.395955: sched_wakeup: comm=kworker/u16:0 pid=11 prio=120 target_cpu=002
          <idle>-0       [002] d..2.  3721.395968: sched_switch: prev_comm=swapper/2 prev_pid=0 prev_prio=120 prev_state=R ==> next_comm=kworker/u16:0 next_pid=11 next_prio=120
   kworker/u16:0-11      [002] d..2.  3721.396011: sched_switch: prev_comm=kworker/u16:0 prev_pid=11 prev_prio=120 prev_state=I ==> next_comm=swapper/2 next_pid=0 next_prio=120
          <idle>-0       [003] dNh2.  3721.396047: sched_wakeup: comm=sshd-session pid=547 prio=120 target_cpu=003
          <idle>-0       [003] d..2.  3721.396077: sched_switch: prev_comm=swapper/3 prev_pid=0 prev_prio=120 prev_state=R ==> next_comm=sshd-session next_pid=547 next_prio=120
          <idle>-0       [002] dNh2.  3721.396137: sched_wakeup: comm=kworker/u16:0 pid=11 prio=120 target_cpu=002
          <idle>-0       [002] d..2.  3721.396198: sched_switch: prev_comm=swapper/2 prev_pid=0 prev_prio=120 prev_state=R ==> next_comm=kworker/u16:0 next_pid=11 next_prio=120
   kworker/u16:0-11      [002] d..2.  3721.396217: sched_switch: prev_comm=kworker/u16:0 prev_pid=11 prev_prio=120 prev_state=I ==> next_comm=swapper/2 next_pid=0 next_prio=120
    sshd-session-547     [003] d..2.  3721.396351: sched_switch: prev_comm=sshd-session prev_pid=547 prev_prio=120 prev_state=D ==> next_comm=swapper/3 next_pid=0 next_prio=120
          <idle>-0       [002] dNh2.  3721.396352: sched_wakeup: comm=kworker/u16:0 pid=11 prio=120 target_cpu=002
          <idle>-0       [002] d..2.  3721.396471: sched_switch: prev_comm=swapper/2 prev_pid=0 prev_prio=120 prev_state=R ==> next_comm=kworker/u16:0 next_pid=11 next_prio=120
   kworker/u16:0-11      [002] d..2.  3721.396553: sched_switch: prev_comm=kworker/u16:0 prev_pid=11 prev_prio=120 prev_state=I ==> next_comm=swapper/2 next_pid=0 next_prio=120
          <idle>-0       [003] dNh2.  3721.396559: sched_wakeup: comm=sshd-session pid=547 prio=120 target_cpu=003
          <idle>-0       [003] d..2.  3721.396584: sched_switch: prev_comm=swapper/3 prev_pid=0 prev_prio=120 prev_state=R ==> next_comm=sshd-session next_pid=547 next_prio=120
          <idle>-0       [000] dNh2.  3721.396653: sched_wakeup: comm=kworker/u16:2 pid=43 prio=120 target_cpu=000
          <idle>-0       [002] dNh2.  3721.396709: sched_wakeup: comm=kworker/u16:0 pid=11 prio=120 target_cpu=002
          <idle>-0       [002] d..2.  3721.396731: sched_switch: prev_comm=swapper/2 prev_pid=0 prev_prio=120 prev_state=R ==> next_comm=kworker/u16:0 next_pid=11 next_prio=120
    sshd-session-547     [003] d..2.  3721.396737: sched_switch: prev_comm=sshd-session prev_pid=547 prev_prio=120 prev_state=D ==> next_comm=swapper/3 next_pid=0 next_prio=120
   kworker/u16:0-11      [002] d..2.  3721.396753: sched_switch: prev_comm=kworker/u16:0 prev_pid=11 prev_prio=120 prev_state=I ==> next_comm=swapper/2 next_pid=0 next_prio=120
          <idle>-0       [003] dN.2.  3721.396754: sched_wakeup: comm=sshd-session pid=547 prio=120 target_cpu=003
          <idle>-0       [003] d..2.  3721.396760: sched_switch: prev_comm=swapper/3 prev_pid=0 prev_prio=120 prev_state=R ==> next_comm=sshd-session next_pid=547 next_prio=120
