      kcompactd0-44      [003] d..2.  3730.811955: sched_switch: prev_comm=kcompactd0 prev_pid=44 prev_prio=120 prev_state=S ==> next_comm=swapper/3 next_pid=0 next_prio=120
          <idle>-0       [001] d..2.  3730.812345: sched_switch: prev_comm=swapper/1 prev_pid=0 prev_prio=120 prev_state=R ==> next_comm=kworker/1:1 next_pid=404 next_prio=120
     kworker/0:1-9       [000] d..2.  3730.812389: sched_switch: prev_comm=kworker/0:1 prev_pid=9 prev_prio=120 prev_state=I ==> next_comm=swapper/0 next_pid=0 next_prio=120
     kworker/1:1-404     [001] d..2.  3730.813295: sched_switch: prev_comm=kworker/1:1 prev_pid=404 prev_prio=120 prev_state=I ==> next_comm=swapper/1 next_pid=0 next_prio=120
          <idle>-0       [002] dNs5.  3730.825113: sched_wakeup: comm=kworker/u16:2 pid=43 prio=120 target_cpu=002
          <idle>-0       [002] d..2.  3730.825538: sched_switch: prev_comm=swapper/2 prev_pid=0 prev_prio=120 prev_state=R ==> next_comm=kworker/u16:2 next_pid=43 next_prio=120
   kworker/u16:2-43      [002] d..2.  3730.826433: sched_switch: prev_comm=kworker/u16:2 prev_pid=43 prev_prio=120 prev_state=I ==> next_comm=swapper/2 next_pid=0 next_prio=120
          <idle>-0       [000] dNs5.  3731.312501: sched_wakeup: comm=kworker/0:1 pid=9 prio=120 target_cpu=000
          <idle>-0       [003] dNs4.  3731.312534: sched_wakeup: comm=kcompactd0 pid=44 prio=120 target_cpu=003
          <idle>-0       [000] d..2.  3731.312642: sched_switch: prev_comm=swapper/0 prev_pid=0 prev_prio=120 prev_state=R ==> next_comm=kworker/0:1 next_pid=9 next_prio=120
     kworker/0:1-9       [000] d..2.  3731.312718: sched_switch: prev_comm=kworker/0:1 prev_pid=9 prev_prio=120 prev_state=I ==> next_comm=swapper/0 next_pid=0 next_prio=120
          <idle>-0       [003] d..2.  3731.312738: sched_switch: prev_comm=swapper/3 prev_pid=0 prev_prio=120 prev_state=R ==> next_comm=kcompactd0 next_pid=44 next_prio=120
      kcompactd0-44      [003] d..2.  3731.312800: sched_switch: prev_comm=kcompactd0 prev_pid=44 prev_prio=120 prev_state=S ==> next_comm=swapper/3 next_pid=0 next_prio=120
          <idle>-0       [001] dNs5.  3731.401428: sched_wakeup: comm=kworker/1:1 pid=404 prio=120 target_cpu=001
          <idle>-0       [001] d..2.  3731.401912: sched_switch: prev_comm=swapper/1 prev_pid=0 prev_prio=120 prev_state=R ==> next_comm=kworker/1:1 next_pid=404 next_prio=120
     kworker/1:1-404     [001] d..2.  3731.403533: sched_switch: prev_comm=kworker/1:1 prev_pid=404 prev_prio=120 prev_state=I ==> next_comm=swapper/1 next_pid=0 next_prio=120
          <idle>-0       [001] dNs5.  3731.818313: sched_wakeup: comm=kworker/1:1 pid=404 prio=120 target_cpu=001
          <idle>-0       [003] dNs4.  3731.818382: sched_wakeup: comm=kcompactd0 pid=44 prio=120 target_cpu=003
          <idle>-0       [000] dNs5.  3731.818398: sched_wakeup: comm=kworker/0:1 pid=9 prio=120 target_cpu=000
          <idle>-0       [001] d..2.  3731.818793: sched_switch: prev_comm=swapper/1 prev_pid=0 prev_prio=120 prev_state=R ==> next_comm=kworker/1:1 next_pid=404 next_prio=120
          <idle>-0       [000] d..2.  3731.819133: sched_switch: prev_comm=swapper/0 prev_pid=0 prev_prio=120 prev_state=R ==> next_comm=kworker/0:1 next_pid=9 next_prio=120
     kworker/1:1-404     [001] d..2.  3731.820349: sched_switch: prev_comm=kworker/1:1 prev_pid=404 prev_prio=120 prev_state=I ==> next_comm=swapper/1 next_pid=0 next_prio=120
          <idle>-0       [003] d..2.  3731.820526: sched_switch: prev_comm=swapper/3 prev_pid=0 prev_prio=120 prev_state=R ==> next_comm=kcompactd0 next_pid=44 next_prio=120
     kworker/0:1-9       [000] d..2.  3731.820589: sched_switch: prev_comm=kworker/0:1 prev_pid=9 prev_prio=120 prev_state=I ==> next_comm=swapper/0 next_pid=0 next_prio=120
      kcompactd0-44      [003] d..2.  3731.820716: sched_switch: prev_comm=kcompactd0 prev_pid=44 prev_prio=120 prev_state=S ==> next_comm=swapper/3 next_pid=0 next_prio=120
          <idle>-0       [002] dNs4.  3731.821445: sched_wakeup: comm=ksoftirqd/2 pid=29 prio=120 target_cpu=002
          <idle>-0       [002] d..2.  3731.821767: sched_switch: prev_comm=swapper/2 prev_pid=0 prev_prio=120 prev_state=R ==> next_comm=ksoftirqd/2 next_pid=29 next_prio=120
     ksoftirqd/2-29      [002] d..2.  3731.822224: sched_switch: prev_comm=ksoftirqd/2 prev_pid=29 prev_prio=120 prev_state=S ==> next_comm=swapper/2 next_pid=0 next_prio=120
          <idle>-0       [002] dNs5.  3731.848218: sched_wakeup: comm=kworker/2:1H pid=67 prio=100 target_cpu=002
          <idle>-0       [002] d..2.  3731.848334: sched_switch: prev_comm=swapper/2 prev_pid=0 prev_prio=120 prev_state=R ==> next_comm=kworker/2:1H next_pid=67 next_prio=100
    kworker/2:1H-67      [002] d..2.  3731.848434: sched_switch: prev_comm=kworker/2:1H prev_pid=67 prev_prio=100 prev_state=I ==> next_comm=swapper/2 next_pid=0 next_prio=120
          <idle>-0       [003] dNh2.  3731.994832: sched_wakeup: comm=sshd-session pid=547 prio=120 target_cpu=003
          <idle>-0       [003] d..2.  3731.994871: sched_switch: prev_comm=swapper/3 prev_pid=0 prev_prio=120 prev_state=R ==> next_comm=sshd-session next_pid=547 next_prio=120
    sshd-session-547     [003] d..2.  3731.995275: sched_switch: prev_comm=sshd-session prev_pid=547 prev_prio=120 prev_state=S ==> next_comm=swapper/3 next_pid=0 next_prio=120
          <idle>-0       [002] dNh2.  3731.995292: sched_wakeup: comm=kworker/u16:2 pid=43 prio=120 target_cpu=002
          <idle>-0       [002] d..2.  3731.995388: sched_switch: prev_comm=swapper/2 prev_pid=0 prev_prio=120 prev_state=R ==> next_comm=kworker/u16:2 next_pid=43 next_prio=120
          <idle>-0       [000] dNh2.  3731.995468: sched_wakeup: comm=sh pid=548 prio=120 target_cpu=000
   kworker/u16:2-43      [002] d..2.  3731.995476: sched_switch: prev_comm=kworker/u16:2 prev_pid=43 prev_prio=120 prev_state=I ==> next_comm=swapper/2 next_pid=0 next_prio=120
          <idle>-0       [000] d..2.  3731.995517: sched_switch: prev_comm=swapper/0 prev_pid=0 prev_prio=120 prev_state=R ==> next_comm=sh next_pid=548 next_prio=120
          <idle>-0       [002] dNh2.  3731.995704: sched_wakeup: comm=kworker/u16:2 pid=43 prio=120 target_cpu=002
          <idle>-0       [002] d..2.  3731.995729: sched_switch: prev_comm=swapper/2 prev_pid=0 prev_prio=120 prev_state=R ==> next_comm=kworker/u16:2 next_pid=43 next_prio=120
   kworker/u16:2-43      [002] d..2.  3731.995767: sched_switch: prev_comm=kworker/u16:2 prev_pid=43 prev_prio=120 prev_state=I ==> next_comm=swapper/2 next_pid=0 next_prio=120
          <idle>-0       [003] dNh2.  3731.995790: sched_wakeup: comm=sshd-session pid=547 prio=120 target_cpu=003
          <idle>-0       [003] d..2.  3731.995831: sched_switch: prev_comm=swapper/3 prev_pid=0 prev_prio=120 prev_state=R ==> next_comm=sshd-session next_pid=547 next_prio=120
    sshd-session-547     [003] d..2.  3731.996142: sched_switch: prev_comm=sshd-session prev_pid=547 prev_prio=120 prev_state=S ==> next_comm=swapper/3 next_pid=0 next_prio=120
          <idle>-0       [002] dNh2.  3731.996211: sched_wakeup: comm=kworker/u16:2 pid=43 prio=120 target_cpu=002
              sh-548     [000] d..2.  3731.996258: sched_switch: prev_comm=sh prev_pid=548 prev_prio=120 prev_state=S ==> next_comm=swapper/0 next_pid=0 next_prio=120
          <idle>-0       [002] d..2.  3731.996260: sched_switch: prev_comm=swapper/2 prev_pid=0 prev_prio=120 prev_state=R ==> next_comm=kworker/u16:2 next_pid=43 next_prio=120
   kworker/u16:2-43      [002] d..2.  3731.996297: sched_switch: prev_comm=kworker/u16:2 prev_pid=43 prev_prio=120 prev_state=I ==> next_comm=swapper/2 next_pid=0 next_prio=120
          <idle>-0       [003] dNh2.  3731.996322: sched_wakeup: comm=sshd-session pid=547 prio=120 target_cpu=003
          <idle>-0       [003] d..2.  3731.996355: sched_switch: prev_comm=swapper/3 prev_pid=0 prev_prio=120 prev_state=R ==> next_comm=sshd-session next_pid=547 next_prio=120
    sshd-session-547     [003] d..2.  3731.996633: sched_switch: prev_comm=sshd-session prev_pid=547 prev_prio=120 prev_state=S ==> next_comm=swapper/3 next_pid=0 next_prio=120
          <idle>-0       [003] dNs4.  3732.321081: sched_wakeup: comm=kcompactd0 pid=44 prio=120 target_cpu=003
          <idle>-0       [003] d..2.  3732.321281: sched_switch: prev_comm=swapper/3 prev_pid=0 prev_prio=120 prev_state=R ==> next_comm=kcompactd0 next_pid=44 next_prio=120
      kcompactd0-44      [003] d..2.  3732.321429: sched_switch: prev_comm=kcompactd0 prev_pid=44 prev_prio=120 prev_state=S ==> next_comm=swapper/3 next_pid=0 next_prio=120
          <idle>-0       [003] dNs4.  3732.824801: sched_wakeup: comm=kcompactd0 pid=44 prio=120 target_cpu=003
          <idle>-0       [003] d..2.  3732.825120: sched_switch: prev_comm=swapper/3 prev_pid=0 prev_prio=120 prev_state=R ==> next_comm=kcompactd0 next_pid=44 next_prio=120
      kcompactd0-44      [003] d..2.  3732.825230: sched_switch: prev_comm=kcompactd0 prev_pid=44 prev_prio=120 prev_state=S ==> next_comm=swapper/3 next_pid=0 next_prio=120
          <idle>-0       [003] dNs4.  3733.328458: sched_wakeup: comm=kcompactd0 pid=44 prio=120 target_cpu=003
          <idle>-0       [000] dNs5.  3733.328475: sched_wakeup: comm=kworker/0:1 pid=9 prio=120 target_cpu=000
          <idle>-0       [003] d..2.  3733.328555: sched_switch: prev_comm=swapper/3 prev_pid=0 prev_prio=120 prev_state=R ==> next_comm=kcompactd0 next_pid=44 next_prio=120
          <idle>-0       [000] d..2.  3733.328565: sched_switch: prev_comm=swapper/0 prev_pid=0 prev_prio=120 prev_state=R ==> next_comm=kworker/0:1 next_pid=9 next_prio=120
      kcompactd0-44      [003] d..2.  3733.328720: sched_switch: prev_comm=kcompactd0 prev_pid=44 prev_prio=120 prev_state=S ==> next_comm=swapper/3 next_pid=0 next_prio=120
     kworker/0:1-9       [000] d..2.  3733.328810: sched_switch: prev_comm=kworker/0:1 prev_pid=9 prev_prio=120 prev_state=I ==> next_comm=swapper/0 next_pid=0 next_prio=120
          <idle>-0       [002] dNs5.  3733.450108: sched_wakeup: comm=kworker/2:2 pid=260 prio=120 target_cpu=002
          <idle>-0       [002] d..2.  3733.450594: sched_switch: prev_comm=swapper/2 prev_pid=0 prev_prio=120 prev_state=R ==> next_comm=kworker/2:2 next_pid=260 next_prio=120
     kworker/2:2-260     [002] d..2.  3733.453479: sched_switch: prev_comm=kworker/2:2 prev_pid=260 prev_prio=120 prev_state=I ==> next_comm=swapper/2 next_pid=0 next_prio=120
          <idle>-0       [003] dNh2.  3733.833317: sched_wakeup: comm=kcompactd0 pid=44 prio=120 target_cpu=003
          <idle>-0       [003] d..2.  3733.833473: sched_switch: prev_comm=swapper/3 prev_pid=0 prev_prio=120 prev_state=R ==> next_comm=kcompactd0 next_pid=44 next_prio=120
      kcompactd0-44      [003] d..2.  3733.833732: sched_switch: prev_comm=kcompactd0 prev_pid=44 prev_prio=120 prev_state=S ==> next_comm=swapper/3 next_pid=0 next_prio=120
          <idle>-0       [003] dNh2.  3733.976207: sched_wakeup: comm=sshd-session pid=547 prio=120 target_cpu=003
          <idle>-0       [003] d..2.  3733.976347: sched_switch: prev_comm=swapper/3 prev_pid=0 prev_prio=120 prev_state=R ==> next_comm=sshd-session next_pid=547 next_prio=120
          <idle>-0       [002] dNh2.  3733.977567: sched_wakeup: comm=kworker/u16:2 pid=43 prio=120 target_cpu=002
    sshd-session-547     [003] d..2.  3733.977585: sched_switch: prev_comm=sshd-session prev_pid=547 prev_prio=120 prev_state=S ==> next_comm=swapper/3 next_pid=0 next_prio=120
          <idle>-0       [002] d..2.  3733.977748: sched_switch: prev_comm=swapper/2 prev_pid=0 prev_prio=120 prev_state=R ==> next_comm=kworker/u16:2 next_pid=43 next_prio=120
          <idle>-0       [000] dNh2.  3733.978009: sched_wakeup: comm=sh pid=548 prio=120 target_cpu=000
   kworker/u16:2-43      [002] d..2.  3733.978010: sched_switch: prev_comm=kworker/u16:2 prev_pid=43 prev_prio=120 prev_state=I ==> next_comm=swapper/2 next_pid=0 next_prio=120
          <idle>-0       [000] d..2.  3733.978300: sched_switch: prev_comm=swapper/0 prev_pid=0 prev_prio=120 prev_state=R ==> next_comm=sh next_pid=548 next_prio=120
              sh-548     [000] d..2.  3733.978989: sched_switch: prev_comm=sh prev_pid=548 prev_prio=120 prev_state=S ==> next_comm=swapper/0 next_pid=0 next_prio=120
          <idle>-0       [002] dNh2.  3733.979141: sched_wakeup: comm=kworker/u16:2 pid=43 prio=120 target_cpu=002
          <idle>-0       [002] d..2.  3733.979550: sched_switch: prev_comm=swapper/2 prev_pid=0 prev_prio=120 prev_state=R ==> next_comm=kworker/u16:2 next_pid=43 next_prio=120
   kworker/u16:2-43      [002] d..2.  3733.979968: sched_switch: prev_comm=kworker/u16:2 prev_pid=43 prev_prio=120 prev_state=I ==> next_comm=swapper/2 next_pid=0 next_prio=120
          <idle>-0       [003] dNh2.  3733.980103: sched_wakeup: comm=sshd-session pid=547 prio=120 target_cpu=003
          <idle>-0       [003] d..2.  3733.980480: sched_switch: prev_comm=swapper/3 prev_pid=0 prev_prio=120 prev_state=R ==> next_comm=sshd-session next_pid=547 next_prio=120
    sshd-session-547     [003] d..2.  3733.982757: sched_switch: prev_comm=sshd-session prev_pid=547 prev_prio=120 prev_state=S ==> next_comm=swapper/3 next_pid=0 next_prio=120
          <idle>-0       [003] dNH2.  3734.336753: sched_wakeup: comm=kcompactd0 pid=44 prio=120 target_cpu=003
          <idle>-0       [003] d..2.  3734.337026: sched_switch: prev_comm=swapper/3 prev_pid=0 prev_prio=120 prev_state=R ==> next_comm=kcompactd0 next_pid=44 next_prio=120
      kcompactd0-44      [003] d..2.  3734.337453: sched_switch: prev_comm=kcompactd0 prev_pid=44 prev_prio=120 prev_state=S ==> next_comm=swapper/3 next_pid=0 next_prio=120
          <idle>-0       [003] dNh2.  3734.387170: sched_wakeup: comm=sshd-session pid=547 prio=120 target_cpu=003
          <idle>-0       [003] d..2.  3734.387269: sched_switch: prev_comm=swapper/3 prev_pid=0 prev_prio=120 prev_state=R ==> next_comm=sshd-session next_pid=547 next_prio=120
          <idle>-0       [002] dNh2.  3734.387681: sched_wakeup: comm=kworker/u16:2 pid=43 prio=120 target_cpu=002
          <idle>-0       [002] d..2.  3734.387849: sched_switch: prev_comm=swapper/2 prev_pid=0 prev_prio=120 prev_state=R ==> next_comm=kworker/u16:2 next_pid=43 next_prio=120
    sshd-session-547     [003] d..2.  3734.387901: sched_switch: prev_comm=sshd-session prev_pid=547 prev_prio=120 prev_state=S ==> next_comm=swapper/3 next_pid=0 next_prio=120
          <idle>-0       [000] dNH2.  3734.388067: sched_wakeup: comm=sh pid=548 prio=120 target_cpu=000
   kworker/u16:2-43      [002] d..2.  3734.388069: sched_switch: prev_comm=kworker/u16:2 prev_pid=43 prev_prio=120 prev_state=I ==> next_comm=swapper/2 next_pid=0 next_prio=120
          <idle>-0       [000] d..2.  3734.388190: sched_switch: prev_comm=swapper/0 prev_pid=0 prev_prio=120 prev_state=R ==> next_comm=sh next_pid=548 next_prio=120
          <idle>-0       [002] dNh2.  3734.388324: sched_wakeup: comm=kworker/u16:2 pid=43 prio=120 target_cpu=002
          <idle>-0       [002] d..2.  3734.388363: sched_switch: prev_comm=swapper/2 prev_pid=0 prev_prio=120 prev_state=R ==> next_comm=kworker/u16:2 next_pid=43 next_prio=120
              sh-548     [000] d..2.  3734.388368: sched_switch: prev_comm=sh prev_pid=548 prev_prio=120 prev_state=S ==> next_comm=swapper/0 next_pid=0 next_prio=120
   kworker/u16:2-43      [002] d..2.  3734.388412: sched_switch: prev_comm=kworker/u16:2 prev_pid=43 prev_prio=120 prev_state=I ==> next_comm=swapper/2 next_pid=0 next_prio=120
          <idle>-0       [003] dNh2.  3734.388422: sched_wakeup: comm=sshd-session pid=547 prio=120 target_cpu=003
          <idle>-0       [003] d..2.  3734.388563: sched_switch: prev_comm=swapper/3 prev_pid=0 prev_prio=120 prev_state=R ==> next_comm=sshd-session next_pid=547 next_prio=120
    sshd-session-547     [003] d..2.  3734.389098: sched_switch: prev_comm=sshd-session prev_pid=547 prev_prio=120 prev_state=S ==> next_comm=swapper/3 next_pid=0 next_prio=120
          <idle>-0       [003] dNh2.  3734.662902: sched_wakeup: comm=sshd-session pid=547 prio=120 target_cpu=003
          <idle>-0       [003] d..2.  3734.663067: sched_switch: prev_comm=swapper/3 prev_pid=0 prev_prio=120 prev_state=R ==> next_comm=sshd-session next_pid=547 next_prio=120
          <idle>-0       [000] dNs5.  3734.663693: sched_wakeup: comm=kworker/0:1 pid=9 prio=120 target_cpu=000
          <idle>-0       [000] d..2.  3734.664510: sched_switch: prev_comm=swapper/0 prev_pid=0 prev_prio=120 prev_state=R ==> next_comm=kworker/0:1 next_pid=9 next_prio=120
          <idle>-0       [002] dNh2.  3734.664744: sched_wakeup: comm=kworker/u16:2 pid=43 prio=120 target_cpu=002
          <idle>-0       [002] d..2.  3734.664905: sched_switch: prev_comm=swapper/2 prev_pid=0 prev_prio=120 prev_state=R ==> next_comm=kworker/u16:2 next_pid=43 next_prio=120
     kworker/0:1-9       [000] d..2.  3734.665004: sched_switch: prev_comm=kworker/0:1 prev_pid=9 prev_prio=120 prev_state=I ==> next_comm=swapper/0 next_pid=0 next_prio=120
    sshd-session-547     [003] d..2.  3734.665034: sched_switch: prev_comm=sshd-session prev_pid=547 prev_prio=120 prev_state=S ==> next_comm=swapper/3 next_pid=0 next_prio=120
   kworker/u16:2-43      [002] d..2.  3734.665399: sched_switch: prev_comm=kworker/u16:2 prev_pid=43 prev_prio=120 prev_state=I ==> next_comm=swapper/2 next_pid=0 next_prio=120
          <idle>-0       [001] dNh2.  3734.666379: sched_wakeup: comm=sh pid=548 prio=120 target_cpu=001
          <idle>-0       [001] d..2.  3734.666566: sched_switch: prev_comm=swapper/1 prev_pid=0 prev_prio=120 prev_state=R ==> next_comm=sh next_pid=548 next_prio=120
          <idle>-0       [002] dNh2.  3734.668476: sched_wakeup: comm=kworker/u16:2 pid=43 prio=120 target_cpu=002
              sh-548     [001] d..2.  3734.668574: sched_switch: prev_comm=sh prev_pid=548 prev_prio=120 prev_state=S ==> next_comm=swapper/1 next_pid=0 next_prio=120
          <idle>-0       [002] d..2.  3734.668582: sched_switch: prev_comm=swapper/2 prev_pid=0 prev_prio=120 prev_state=R ==> next_comm=kworker/u16:2 next_pid=43 next_prio=120
   kworker/u16:2-43      [002] d..2.  3734.668744: sched_switch: prev_comm=kworker/u16:2 prev_pid=43 prev_prio=120 prev_state=I ==> next_comm=swapper/2 next_pid=0 next_prio=120
          <idle>-0       [003] dNh2.  3734.668805: sched_wakeup: comm=sshd-session pid=547 prio=120 target_cpu=003
          <idle>-0       [003] d..2.  3734.668838: sched_switch: prev_comm=swapper/3 prev_pid=0 prev_prio=120 prev_state=R ==> next_comm=sshd-session next_pid=547 next_prio=120
    sshd-session-547     [003] d..2.  3734.669214: sched_switch: prev_comm=sshd-session prev_pid=547 prev_prio=120 prev_state=S ==> next_comm=swapper/3 next_pid=0 next_prio=120
          <idle>-0       [003] dNH2.  3734.840257: sched_wakeup: comm=kcompactd0 pid=44 prio=120 target_cpu=003
          <idle>-0       [003] d..2.  3734.840358: sched_switch: prev_comm=swapper/3 prev_pid=0 prev_prio=120 prev_state=R ==> next_comm=kcompactd0 next_pid=44 next_prio=120
      kcompactd0-44      [003] d..2.  3734.840418: sched_switch: prev_comm=kcompactd0 prev_pid=44 prev_prio=120 prev_state=S ==> next_comm=swapper/3 next_pid=0 next_prio=120
          <idle>-0       [003] dNh2.  3734.842448: sched_wakeup: comm=sshd-session pid=547 prio=120 target_cpu=003
          <idle>-0       [003] d..2.  3734.842481: sched_switch: prev_comm=swapper/3 prev_pid=0 prev_prio=120 prev_state=R ==> next_comm=sshd-session next_pid=547 next_prio=120
          <idle>-0       [002] dNh2.  3734.842723: sched_wakeup: comm=kworker/u16:2 pid=43 prio=120 target_cpu=002
          <idle>-0       [002] d..2.  3734.842742: sched_switch: prev_comm=swapper/2 prev_pid=0 prev_prio=120 prev_state=R ==> next_comm=kworker/u16:2 next_pid=43 next_prio=120
    sshd-session-547     [003] d..2.  3734.842751: sched_switch: prev_comm=sshd-session prev_pid=547 prev_prio=120 prev_state=S ==> next_comm=swapper/3 next_pid=0 next_prio=120
          <idle>-0       [001] dNh2.  3734.842892: sched_wakeup: comm=sh pid=548 prio=120 target_cpu=001
   kworker/u16:2-43      [002] d..2.  3734.842893: sched_switch: prev_comm=kworker/u16:2 prev_pid=43 prev_prio=120 prev_state=I ==> next_comm=swapper/2 next_pid=0 next_prio=120
          <idle>-0       [001] d..2.  3734.842950: sched_switch: prev_comm=swapper/1 prev_pid=0 prev_prio=120 prev_state=R ==> next_comm=sh next_pid=548 next_prio=120
          <idle>-0       [002] dNh2.  3734.843031: sched_wakeup: comm=kworker/u16:2 pid=43 prio=120 target_cpu=002
          <idle>-0       [002] d..2.  3734.843060: sched_switch: prev_comm=swapper/2 prev_pid=0 prev_prio=120 prev_state=R ==> next_comm=kworker/u16:2 next_pid=43 next_prio=120
   kworker/u16:2-43      [002] d..2.  3734.843108: sched_switch: prev_comm=kworker/u16:2 prev_pid=43 prev_prio=120 prev_state=I ==> next_comm=swapper/2 next_pid=0 next_prio=120
              sh-548     [001] d..2.  3734.843113: sched_switch: prev_comm=sh prev_pid=548 prev_prio=120 prev_state=S ==> next_comm=swapper/1 next_pid=0 next_prio=120
          <idle>-0       [003] dNh2.  3734.843123: sched_wakeup: comm=sshd-session pid=547 prio=120 target_cpu=003
          <idle>-0       [003] d..2.  3734.843175: sched_switch: prev_comm=swapper/3 prev_pid=0 prev_prio=120 prev_state=R ==> next_comm=sshd-session next_pid=547 next_prio=120
    sshd-session-547     [003] d..2.  3734.843494: sched_switch: prev_comm=sshd-session prev_pid=547 prev_prio=120 prev_state=S ==> next_comm=swapper/3 next_pid=0 next_prio=120
          <idle>-0       [000] dNs5.  3734.880853: sched_wakeup: comm=kworker/0:1 pid=9 prio=120 target_cpu=000
          <idle>-0       [000] d..2.  3734.881119: sched_switch: prev_comm=swapper/0 prev_pid=0 prev_prio=120 prev_state=R ==> next_comm=kworker/0:1 next_pid=9 next_prio=120
     kworker/0:1-9       [000] d..2.  3734.881334: sched_switch: prev_comm=kworker/0:1 prev_pid=9 prev_prio=120 prev_state=I ==> next_comm=swapper/0 next_pid=0 next_prio=120
          <idle>-0       [003] dNh2.  3734.997725: sched_wakeup: comm=sshd-session pid=547 prio=120 target_cpu=003
          <idle>-0       [003] d..2.  3734.997917: sched_switch: prev_comm=swapper/3 prev_pid=0 prev_prio=120 prev_state=R ==> next_comm=sshd-session next_pid=547 next_prio=120
          <idle>-0       [002] dNh2.  3734.998778: sched_wakeup: comm=kworker/u16:2 pid=43 prio=120 target_cpu=002
          <idle>-0       [002] d..2.  3734.998861: sched_switch: prev_comm=swapper/2 prev_pid=0 prev_prio=120 prev_state=R ==> next_comm=kworker/u16:2 next_pid=43 next_prio=120
    sshd-session-547     [003] d..2.  3734.998892: sched_switch: prev_comm=sshd-session prev_pid=547 prev_prio=120 prev_state=S ==> next_comm=swapper/3 next_pid=0 next_prio=120
   kworker/u16:2-43      [002] d..2.  3734.999147: sched_switch: prev_comm=kworker/u16:2 prev_pid=43 prev_prio=120 prev_state=I ==> next_comm=swapper/2 next_pid=0 next_prio=120
          <idle>-0       [001] dNh2.  3734.999162: sched_wakeup: comm=sh pid=548 prio=120 target_cpu=001
          <idle>-0       [001] d..2.  3734.999239: sched_switch: prev_comm=swapper/1 prev_pid=0 prev_prio=120 prev_state=R ==> next_comm=sh next_pid=548 next_prio=120
          <idle>-0       [002] dNh2.  3734.999486: sched_wakeup: comm=kworker/u16:2 pid=43 prio=120 target_cpu=002
          <idle>-0       [002] d..2.  3734.999597: sched_switch: prev_comm=swapper/2 prev_pid=0 prev_prio=120 prev_state=R ==> next_comm=kworker/u16:2 next_pid=43 next_prio=120
   kworker/u16:2-43      [002] d..2.  3734.999720: sched_switch: prev_comm=kworker/u16:2 prev_pid=43 prev_prio=120 prev_state=I ==> next_comm=swapper/2 next_pid=0 next_prio=120
              sh-548     [001] d..2.  3734.999759: sched_switch: prev_comm=sh prev_pid=548 prev_prio=120 prev_state=S ==> next_comm=swapper/1 next_pid=0 next_prio=120
          <idle>-0       [003] dNh2.  3735.000276: sched_wakeup: comm=sshd-session pid=547 prio=120 target_cpu=003
          <idle>-0       [003] d..2.  3735.000411: sched_switch: prev_comm=swapper/3 prev_pid=0 prev_prio=120 prev_state=R ==> next_comm=sshd-session next_pid=547 next_prio=120
    sshd-session-547     [003] d..2.  3735.001658: sched_switch: prev_comm=sshd-session prev_pid=547 prev_prio=120 prev_state=S ==> next_comm=swapper/3 next_pid=0 next_prio=120
          <idle>-0       [003] dNh2.  3735.156301: sched_wakeup: comm=sshd-session pid=547 prio=120 target_cpu=003
          <idle>-0       [003] d..2.  3735.156463: sched_switch: prev_comm=swapper/3 prev_pid=0 prev_prio=120 prev_state=R ==> next_comm=sshd-session next_pid=547 next_prio=120
    sshd-session-547     [003] d..2.  3735.157392: sched_switch: prev_comm=sshd-session prev_pid=547 prev_prio=120 prev_state=S ==> next_comm=swapper/3 next_pid=0 next_prio=120
          <idle>-0       [002] dNh2.  3735.157416: sched_wakeup: comm=kworker/u16:2 pid=43 prio=120 target_cpu=002
          <idle>-0       [002] d..2.  3735.157529: sched_switch: prev_comm=swapper/2 prev_pid=0 prev_prio=120 prev_state=R ==> next_comm=kworker/u16:2 next_pid=43 next_prio=120
   kworker/u16:2-43      [002] d..2.  3735.157601: sched_switch: prev_comm=kworker/u16:2 prev_pid=43 prev_prio=120 prev_state=I ==> next_comm=swapper/2 next_pid=0 next_prio=120
          <idle>-0       [001] dNh2.  3735.157672: sched_wakeup: comm=sh pid=548 prio=120 target_cpu=001
          <idle>-0       [001] d..2.  3735.157712: sched_switch: prev_comm=swapper/1 prev_pid=0 prev_prio=120 prev_state=R ==> next_comm=sh next_pid=548 next_prio=120
          <idle>-0       [002] dNh2.  3735.157868: sched_wakeup: comm=kworker/u16:2 pid=43 prio=120 target_cpu=002
              sh-548     [001] d..2.  3735.157877: sched_switch: prev_comm=sh prev_pid=548 prev_prio=120 prev_state=S ==> next_comm=swapper/1 next_pid=0 next_prio=120
          <idle>-0       [002] d..2.  3735.157909: sched_switch: prev_comm=swapper/2 prev_pid=0 prev_prio=120 prev_state=R ==> next_comm=kworker/u16:2 next_pid=43 next_prio=120
   kworker/u16:2-43      [002] d..2.  3735.157944: sched_switch: prev_comm=kworker/u16:2 prev_pid=43 prev_prio=120 prev_state=I ==> next_comm=swapper/2 next_pid=0 next_prio=120
          <idle>-0       [003] dNh2.  3735.157968: sched_wakeup: comm=sshd-session pid=547 prio=120 target_cpu=003
          <idle>-0       [003] d..2.  3735.158014: sched_switch: prev_comm=swapper/3 prev_pid=0 prev_prio=120 prev_state=R ==> next_comm=sshd-session next_pid=547 next_prio=120
    sshd-session-547     [003] d..2.  3735.158679: sched_switch: prev_comm=sshd-session prev_pid=547 prev_prio=120 prev_state=S ==> next_comm=swapper/3 next_pid=0 next_prio=120
          <idle>-0       [003] dNh2.  3735.293946: sched_wakeup: comm=sshd-session pid=547 prio=120 target_cpu=003
          <idle>-0       [003] d..2.  3735.294209: sched_switch: prev_comm=swapper/3 prev_pid=0 prev_prio=120 prev_state=R ==> next_comm=sshd-session next_pid=547 next_prio=120
          <idle>-0       [002] dNh2.  3735.295196: sched_wakeup: comm=kworker/u16:2 pid=43 prio=120 target_cpu=002
    sshd-session-547     [003] d..2.  3735.295224: sched_switch: prev_comm=sshd-session prev_pid=547 prev_prio=120 prev_state=S ==> next_comm=swapper/3 next_pid=0 next_prio=120
          <idle>-0       [002] d..2.  3735.295377: sched_switch: prev_comm=swapper/2 prev_pid=0 prev_prio=120 prev_state=R ==> next_comm=kworker/u16:2 next_pid=43 next_prio=120
          <idle>-0       [001] dNh2.  3735.295813: sched_wakeup: comm=sh pid=548 prio=120 target_cpu=001
          <idle>-0       [001] d..2.  3735.295930: sched_switch: prev_comm=swapper/1 prev_pid=0 prev_prio=120 prev_state=R ==> next_comm=sh next_pid=548 next_prio=120
   kworker/u16:2-43      [002] d..2.  3735.295969: sched_switch: prev_comm=kworker/u16:2 prev_pid=43 prev_prio=120 prev_state=I ==> next_comm=swapper/2 next_pid=0 next_prio=120
          <idle>-0       [002] dNh2.  3735.300080: sched_wakeup: comm=kworker/u16:2 pid=43 prio=120 target_cpu=002
          <idle>-0       [002] d..2.  3735.300209: sched_switch: prev_comm=swapper/2 prev_pid=0 prev_prio=120 prev_state=R ==> next_comm=kworker/u16:2 next_pid=43 next_prio=120
   kworker/u16:2-43      [002] d..2.  3735.300374: sched_switch: prev_comm=kworker/u16:2 prev_pid=43 prev_prio=120 prev_state=I ==> next_comm=swapper/2 next_pid=0 next_prio=120
              sh-548     [001] d..2.  3735.300436: sched_switch: prev_comm=sh prev_pid=548 prev_prio=120 prev_state=S ==> next_comm=swapper/1 next_pid=0 next_prio=120
          <idle>-0       [003] dNh2.  3735.300437: sched_wakeup: comm=sshd-session pid=547 prio=120 target_cpu=003
          <idle>-0       [003] d..2.  3735.300594: sched_switch: prev_comm=swapper/3 prev_pid=0 prev_prio=120 prev_state=R ==> next_comm=sshd-session next_pid=547 next_prio=120
    sshd-session-547     [003] d..2.  3735.302083: sched_switch: prev_comm=sshd-session prev_pid=547 prev_prio=120 prev_state=S ==> next_comm=swapper/3 next_pid=0 next_prio=120
          <idle>-0       [003] dNH2.  3735.344498: sched_wakeup: comm=kcompactd0 pid=44 prio=120 target_cpu=003
          <idle>-0       [003] d..2.  3735.344838: sched_switch: prev_comm=swapper/3 prev_pid=0 prev_prio=120 prev_state=R ==> next_comm=kcompactd0 next_pid=44 next_prio=120
      kcompactd0-44      [003] d..2.  3735.345533: sched_switch: prev_comm=kcompactd0 prev_pid=44 prev_prio=120 prev_state=S ==> next_comm=swapper/3 next_pid=0 next_prio=120
          <idle>-0       [003] dNs5.  3735.497679: sched_wakeup: comm=kworker/3:2 pid=401 prio=120 target_cpu=003
          <idle>-0       [003] d..2.  3735.498450: sched_switch: prev_comm=swapper/3 prev_pid=0 prev_prio=120 prev_state=R ==> next_comm=kworker/3:2 next_pid=401 next_prio=120
     kworker/3:2-401     [003] d..2.  3735.499064: sched_switch: prev_comm=kworker/3:2 prev_pid=401 prev_prio=120 prev_state=I ==> next_comm=swapper/3 next_pid=0 next_prio=120
          <idle>-0       [003] dNh2.  3735.849474: sched_wakeup: comm=kcompactd0 pid=44 prio=120 target_cpu=003
          <idle>-0       [003] d..2.  3735.849542: sched_switch: prev_comm=swapper/3 prev_pid=0 prev_prio=120 prev_state=R ==> next_comm=kcompactd0 next_pid=44 next_prio=120
      kcompactd0-44      [003] d..2.  3735.849655: sched_switch: prev_comm=kcompactd0 prev_pid=44 prev_prio=120 prev_state=S ==> next_comm=swapper/3 next_pid=0 next_prio=120
          <idle>-0       [003] dNh2.  3736.280257: sched_wakeup: comm=sshd-session pid=547 prio=120 target_cpu=003
          <idle>-0       [003] d..2.  3736.280311: sched_switch: prev_comm=swapper/3 prev_pid=0 prev_prio=120 prev_state=R ==> next_comm=sshd-session next_pid=547 next_prio=120
    sshd-session-547     [003] d..2.  3736.280624: sched_switch: prev_comm=sshd-session prev_pid=547 prev_prio=120 prev_state=S ==> next_comm=swapper/3 next_pid=0 next_prio=120
          <idle>-0       [002] dNh2.  3736.280664: sched_wakeup: comm=kworker/u16:2 pid=43 prio=120 target_cpu=002
          <idle>-0       [002] d..2.  3736.280688: sched_switch: prev_comm=swapper/2 prev_pid=0 prev_prio=120 prev_state=R ==> next_comm=kworker/u16:2 next_pid=43 next_prio=120
   kworker/u16:2-43      [002] d..2.  3736.280760: sched_switch: prev_comm=kworker/u16:2 prev_pid=43 prev_prio=120 prev_state=I ==> next_comm=swapper/2 next_pid=0 next_prio=120
          <idle>-0       [001] dNh2.  3736.280868: sched_wakeup: comm=sh pid=548 prio=120 target_cpu=001
          <idle>-0       [001] d..2.  3736.280918: sched_switch: prev_comm=swapper/1 prev_pid=0 prev_prio=120 prev_state=R ==> next_comm=sh next_pid=548 next_prio=120
          <idle>-0       [000] dNs5.  3736.281021: sched_wakeup: comm=kworker/0:1 pid=9 prio=120 target_cpu=000
              sh-548     [001] d..2.  3736.281039: sched_switch: prev_comm=sh prev_pid=548 prev_prio=120 prev_state=S ==> next_comm=swapper/1 next_pid=0 next_prio=120
          <idle>-0       [002] dNh2.  3736.281046: sched_wakeup: comm=kworker/u16:2 pid=43 prio=120 target_cpu=002
          <idle>-0       [000] d..2.  3736.281073: sched_switch: prev_comm=swapper/0 prev_pid=0 prev_prio=120 prev_state=R ==> next_comm=kworker/0:1 next_pid=9 next_prio=120
     kworker/0:1-9       [000] d..2.  3736.281110: sched_switch: prev_comm=kworker/0:1 prev_pid=9 prev_prio=120 prev_state=I ==> next_comm=swapper/0 next_pid=0 next_prio=120
          <idle>-0       [002] d..2.  3736.281236: sched_switch: prev_comm=swapper/2 prev_pid=0 prev_prio=120 prev_state=R ==> next_comm=kworker/u16:2 next_pid=43 next_prio=120
   kworker/u16:2-43      [002] d..2.  3736.281277: sched_switch: prev_comm=kworker/u16:2 prev_pid=43 prev_prio=120 prev_state=I ==> next_comm=swapper/2 next_pid=0 next_prio=120
          <idle>-0       [003] dNh2.  3736.281281: sched_wakeup: comm=sshd-session pid=547 prio=120 target_cpu=003
          <idle>-0       [003] d..2.  3736.281316: sched_switch: prev_comm=swapper/3 prev_pid=0 prev_prio=120 prev_state=R ==> next_comm=sshd-session next_pid=547 next_prio=120
    sshd-session-547     [003] d..2.  3736.281666: sched_switch: prev_comm=sshd-session prev_pid=547 prev_prio=120 prev_state=S ==> next_comm=swapper/3 next_pid=0 next_prio=120
          <idle>-0       [003] dNs4.  3736.352860: sched_wakeup: comm=kcompactd0 pid=44 prio=120 target_cpu=003
          <idle>-0       [003] d..2.  3736.353181: sched_switch: prev_comm=swapper/3 prev_pid=0 prev_prio=120 prev_state=R ==> next_comm=kcompactd0 next_pid=44 next_prio=120
      kcompactd0-44      [003] d..2.  3736.353659: sched_switch: prev_comm=kcompactd0 prev_pid=44 prev_prio=120 prev_state=S ==> next_comm=swapper/3 next_pid=0 next_prio=120
          <idle>-0       [002] dNs5.  3736.448900: sched_wakeup: comm=kworker/2:2 pid=260 prio=120 target_cpu=002
          <idle>-0       [002] d..2.  3736.449147: sched_switch: prev_comm=swapper/2 prev_pid=0 prev_prio=120 prev_state=R ==> next_comm=kworker/2:2 next_pid=260 next_prio=120
     kworker/2:2-260     [002] d..2.  3736.449424: sched_switch: prev_comm=kworker/2:2 prev_pid=260 prev_prio=120 prev_state=I ==> next_comm=swapper/2 next_pid=0 next_prio=120
          <idle>-0       [003] dNh2.  3736.515010: sched_wakeup: comm=sshd-session pid=547 prio=120 target_cpu=003
          <idle>-0       [003] d..2.  3736.515073: sched_switch: prev_comm=swapper/3 prev_pid=0 prev_prio=120 prev_state=R ==> next_comm=sshd-session next_pid=547 next_prio=120
          <idle>-0       [002] dNh2.  3736.515364: sched_wakeup: comm=kworker/u16:2 pid=43 prio=120 target_cpu=002
          <idle>-0       [002] d..2.  3736.515461: sched_switch: prev_comm=swapper/2 prev_pid=0 prev_prio=120 prev_state=R ==> next_comm=kworker/u16:2 next_pid=43 next_prio=120
          <idle>-0       [001] dNh2.  3736.515543: sched_wakeup: comm=sh pid=548 prio=120 target_cpu=001
    sshd-session-547     [003] d..2.  3736.515555: sched_switch: prev_comm=sshd-session prev_pid=547 prev_prio=120 prev_state=S ==> next_comm=swapper/3 next_pid=0 next_prio=120
   kworker/u16:2-43      [002] d..2.  3736.515564: sched_switch: prev_comm=kworker/u16:2 prev_pid=43 prev_prio=120 prev_state=I ==> next_comm=swapper/2 next_pid=0 next_prio=120
          <idle>-0       [001] d..2.  3736.515566: sched_switch: prev_comm=swapper/1 prev_pid=0 prev_prio=120 prev_state=R ==> next_comm=sh next_pid=548 next_prio=120
          <idle>-0       [002] dNh2.  3736.515729: sched_wakeup: comm=kworker/u16:2 pid=43 prio=120 target_cpu=002
          <idle>-0       [002] d..2.  3736.515747: sched_switch: prev_comm=swapper/2 prev_pid=0 prev_prio=120 prev_state=R ==> next_comm=kworker/u16:2 next_pid=43 next_prio=120
   kworker/u16:2-43      [002] d..2.  3736.515784: sched_switch: prev_comm=kworker/u16:2 prev_pid=43 prev_prio=120 prev_state=I ==> next_comm=swapper/2 next_pid=0 next_prio=120
          <idle>-0       [003] dNh2.  3736.515872: sched_wakeup: comm=sshd-session pid=547 prio=120 target_cpu=003
          <idle>-0       [003] d..2.  3736.515931: sched_switch: prev_comm=swapper/3 prev_pid=0 prev_prio=120 prev_state=R ==> next_comm=sshd-session next_pid=547 next_prio=120
              sh-548     [001] .....  3736.516009: __x64_sys_clone+0x4/0x30 <-do_syscall_64+0xb2/0x1d0
              sh-548     [001] .....  3736.516058: <stack trace>
 => [FTRACE TRAMPOLINE]
 => __x64_sys_clone+0x9/0x30
 => do_syscall_64+0xb2/0x1d0
 => entry_SYSCALL_64_after_hwframe+0x77/0x7f
              sh-548     [001] .....  3736.516066: copy_process+0x4/0x1a60 <-kernel_clone+0x9e/0x3b0
              sh-548     [001] .....  3736.516075: <stack trace>
 => [FTRACE TRAMPOLINE]
 => copy_process+0x9/0x1a60
 => kernel_clone+0x9e/0x3b0
 => __do_sys_clone+0x66/0x90
 => do_syscall_64+0xb2/0x1d0
 => entry_SYSCALL_64_after_hwframe+0x77/0x7f
    sshd-session-547     [003] d..2.  3736.516329: sched_switch: prev_comm=sshd-session prev_pid=547 prev_prio=120 prev_state=S ==> next_comm=swapper/3 next_pid=0 next_prio=120
              sh-548     [001] .....  3736.516576: sched_process_fork: comm=sh pid=548 child_comm=sh child_pid=570
          <idle>-0       [000] d..2.  3736.516704: sched_switch: prev_comm=swapper/0 prev_pid=0 prev_prio=120 prev_state=R ==> next_comm=sh next_pid=570 next_prio=120
             exe-570     [000] d.s4.  3736.516973: sched_wakeup: comm=kworker/0:1 pid=9 prio=120 target_cpu=000
              sh-548     [001] d..2.  3736.517059: sched_switch: prev_comm=sh prev_pid=548 prev_prio=120 prev_state=S ==> next_comm=swapper/1 next_pid=0 next_prio=120
             exe-570     [000] dN.4.  3736.517593: sched_wakeup: comm=migration/0 pid=20 prio=0 target_cpu=000
             exe-570     [000] d..2.  3736.517610: sched_switch: prev_comm=sh prev_pid=570 prev_prio=120 prev_state=R+ ==> next_comm=migration/0 next_pid=20 next_prio=0
          <idle>-0       [002] d..2.  3736.517731: sched_switch: prev_comm=swapper/2 prev_pid=0 prev_prio=120 prev_state=R ==> next_comm=sh next_pid=570 next_prio=120
     migration/0-20      [000] d..2.  3736.517747: sched_switch: prev_comm=migration/0 prev_pid=20 prev_prio=0 prev_state=S ==> next_comm=kworker/0:1 next_pid=9 next_prio=120
     kworker/0:1-9       [000] d..2.  3736.517904: sched_switch: prev_comm=kworker/0:1 prev_pid=9 prev_prio=120 prev_state=I ==> next_comm=swapper/0 next_pid=0 next_prio=120
          <idle>-0       [003] dNh2.  3736.518969: sched_wakeup: comm=rcu_preempt pid=17 prio=120 target_cpu=003
          <idle>-0       [003] d..2.  3736.519015: sched_switch: prev_comm=swapper/3 prev_pid=0 prev_prio=120 prev_state=R ==> next_comm=rcu_preempt next_pid=17 next_prio=120
     rcu_preempt-17      [003] d..2.  3736.519048: sched_switch: prev_comm=rcu_preempt prev_pid=17 prev_prio=120 prev_state=I ==> next_comm=swapper/3 next_pid=0 next_prio=120
          <idle>-0       [003] dNh2.  3736.522896: sched_wakeup: comm=rcu_preempt pid=17 prio=120 target_cpu=003
          <idle>-0       [003] d..2.  3736.522931: sched_switch: prev_comm=swapper/3 prev_pid=0 prev_prio=120 prev_state=R ==> next_comm=rcu_preempt next_pid=17 next_prio=120
     rcu_preempt-17      [003] d..2.  3736.522967: sched_switch: prev_comm=rcu_preempt prev_pid=17 prev_prio=120 prev_state=I ==> next_comm=swapper/3 next_pid=0 next_prio=120
          <idle>-0       [003] dNh2.  3736.526855: sched_wakeup: comm=rcu_preempt pid=17 prio=120 target_cpu=003
          <idle>-0       [003] d..2.  3736.526878: sched_switch: prev_comm=swapper/3 prev_pid=0 prev_prio=120 prev_state=R ==> next_comm=rcu_preempt next_pid=17 next_prio=120
     rcu_preempt-17      [003] d..2.  3736.526910: sched_switch: prev_comm=rcu_preempt prev_pid=17 prev_prio=120 prev_state=I ==> next_comm=swapper/3 next_pid=0 next_prio=120
          <idle>-0       [003] dNh2.  3736.530871: sched_wakeup: comm=rcu_preempt pid=17 prio=120 target_cpu=003
          <idle>-0       [003] d..2.  3736.530896: sched_switch: prev_comm=swapper/3 prev_pid=0 prev_prio=120 prev_state=R ==> next_comm=rcu_preempt next_pid=17 next_prio=120
     rcu_preempt-17      [003] d..2.  3736.530914: sched_switch: prev_comm=rcu_preempt prev_pid=17 prev_prio=120 prev_state=I ==> next_comm=swapper/3 next_pid=0 next_prio=120
          <idle>-0       [003] dNh2.  3736.534841: sched_wakeup: comm=rcu_preempt pid=17 prio=120 target_cpu=003
          <idle>-0       [003] d..2.  3736.534860: sched_switch: prev_comm=swapper/3 prev_pid=0 prev_prio=120 prev_state=R ==> next_comm=rcu_preempt next_pid=17 next_prio=120
     rcu_preempt-17      [003] d..2.  3736.534881: sched_switch: prev_comm=rcu_preempt prev_pid=17 prev_prio=120 prev_state=I ==> next_comm=swapper/3 next_pid=0 next_prio=120
          <idle>-0       [003] dNh2.  3736.538827: sched_wakeup: comm=rcu_preempt pid=17 prio=120 target_cpu=003
          <idle>-0       [003] d..2.  3736.538840: sched_switch: prev_comm=swapper/3 prev_pid=0 prev_prio=120 prev_state=R ==> next_comm=rcu_preempt next_pid=17 next_prio=120
     rcu_preempt-17      [003] d..2.  3736.538857: sched_switch: prev_comm=rcu_preempt prev_pid=17 prev_prio=120 prev_state=I ==> next_comm=swapper/3 next_pid=0 next_prio=120
