# tracer: function
#
# entries-in-buffer/entries-written: 916/916   #P:4
#
#                                _-----=> irqs-off/BH-disabled
#                               / _----=> need-resched
#                              | / _---=> hardirq/softirq
#                              || / _--=> preempt-depth
#                              ||| / _-=> migrate-disable
#                              |||| /     delay
#           TASK-PID     CPU#  |||||  TIMESTAMP  FUNCTION
#              | |         |   |||||     |         |
             exe-752     [003] d..2. 24782.377135: sched_switch: prev_comm=exe prev_pid=752 prev_prio=120 prev_state=R ==> next_comm=kworker/3:2 next_pid=688 next_prio=120
     kworker/3:2-688     [003] d..2. 24782.377304: sched_switch: prev_comm=kworker/3:2 prev_pid=688 prev_prio=120 prev_state=I ==> next_comm=exe next_pid=752 next_prio=120
             exe-752     [003] dN.6. 24782.377968: sched_wakeup: comm=kworker/3:2 pid=688 prio=120 target_cpu=003
             exe-752     [003] d..2. 24782.378234: sched_switch: prev_comm=exe prev_pid=752 prev_prio=120 prev_state=R+ ==> next_comm=kworker/3:2 next_pid=688 next_prio=120
     kworker/3:2-688     [003] d..2. 24782.378364: sched_switch: prev_comm=kworker/3:2 prev_pid=688 prev_prio=120 prev_state=I ==> next_comm=exe next_pid=752 next_prio=120
             exe-752     [003] ..... 24782.379733: do_exit+0x4/0xb20 <-do_group_exit+0x30/0x80
             exe-752     [003] ..... 24782.379814: <stack trace>
 => [FTRACE TRAMPOLINE]
 => do_exit+0x9/0xb20
 => do_group_exit+0x30/0x80
 => __x64_sys_exit_group+0x18/0x20
 => x64_sys_call+0xf6f/0x18a0
 => do_syscall_64+0xb2/0x1d0
 => entry_SYSCALL_64_after_hwframe+0x77/0x7f
             exe-752     [003] ..... 24782.380923: sched_process_exit: comm=exe pid=752 prio=120
             exe-752     [003] d..2. 24782.381099: signal_generate: sig=17 errno=0 code=1 comm=exe pid=735 grp=1 res=0
          <idle>-0       [000] dNh2. 24782.381249: sched_wakeup: comm=exe pid=735 prio=120 target_cpu=000
             exe-752     [003] d..2. 24782.381271: sched_switch: prev_comm=exe prev_pid=752 prev_prio=120 prev_state=Z ==> next_comm=swapper/3 next_pid=0 next_prio=120
          <idle>-0       [000] d..2. 24782.381347: sched_switch: prev_comm=swapper/0 prev_pid=0 prev_prio=120 prev_state=R ==> next_comm=exe next_pid=735 next_prio=120
          <idle>-0       [002] dNh2. 24782.381889: sched_wakeup: comm=rcu_preempt pid=17 prio=120 target_cpu=002
          <idle>-0       [002] d..2. 24782.381948: sched_switch: prev_comm=swapper/2 prev_pid=0 prev_prio=120 prev_state=R ==> next_comm=rcu_preempt next_pid=17 next_prio=120
     rcu_preempt-17      [002] d..2. 24782.381996: sched_switch: prev_comm=rcu_preempt prev_pid=17 prev_prio=120 prev_state=I ==> next_comm=swapper/2 next_pid=0 next_prio=120
             exe-735     [000] d..1. 24782.382355: signal_deliver: sig=17 errno=0 code=1 sa_handler=5646cc98ab1d sa_flags=4000000
             exe-735     [000] ..... 24782.383105: do_exit+0x4/0xb20 <-do_group_exit+0x30/0x80
             exe-735     [000] ..... 24782.383151: <stack trace>
 => [FTRACE TRAMPOLINE]
 => do_exit+0x9/0xb20
 => do_group_exit+0x30/0x80
 => __x64_sys_exit_group+0x18/0x20
 => x64_sys_call+0xf6f/0x18a0
 => do_syscall_64+0xb2/0x1d0
 => entry_SYSCALL_64_after_hwframe+0x77/0x7f
             exe-735     [000] ..... 24782.383840: sched_process_exit: comm=exe pid=735 prio=120
             exe-735     [000] d..2. 24782.383985: signal_generate: sig=17 errno=0 code=1 comm=sh pid=148 grp=1 res=0
          <idle>-0       [003] dNh2. 24782.384028: sched_wakeup: comm=sh pid=148 prio=120 target_cpu=003
          <idle>-0       [003] d..2. 24782.384050: sched_switch: prev_comm=swapper/3 prev_pid=0 prev_prio=120 prev_state=R ==> next_comm=sh next_pid=148 next_prio=120
             exe-735     [000] d..2. 24782.384069: sched_switch: prev_comm=exe prev_pid=735 prev_prio=120 prev_state=Z ==> next_comm=swapper/0 next_pid=0 next_prio=120
              sh-148     [003] d..1. 24782.384282: signal_deliver: sig=17 errno=0 code=1 sa_handler=560b95199b1d sa_flags=4000000
              sh-148     [003] d..2. 24782.385183: sched_switch: prev_comm=sh prev_pid=148 prev_prio=120 prev_state=S ==> next_comm=swapper/3 next_pid=0 next_prio=120
          <idle>-0       [002] dNh2. 24782.385762: sched_wakeup: comm=rcu_preempt pid=17 prio=120 target_cpu=002
          <idle>-0       [002] d..2. 24782.385803: sched_switch: prev_comm=swapper/2 prev_pid=0 prev_prio=120 prev_state=R ==> next_comm=rcu_preempt next_pid=17 next_prio=120
     rcu_preempt-17      [002] d..2. 24782.385833: sched_switch: prev_comm=rcu_preempt prev_pid=17 prev_prio=120 prev_state=I ==> next_comm=swapper/2 next_pid=0 next_prio=120
          <idle>-0       [002] dNh2. 24782.389632: sched_wakeup: comm=rcu_preempt pid=17 prio=120 target_cpu=002
          <idle>-0       [002] d..2. 24782.389669: sched_switch: prev_comm=swapper/2 prev_pid=0 prev_prio=120 prev_state=R ==> next_comm=rcu_preempt next_pid=17 next_prio=120
     rcu_preempt-17      [002] d..2. 24782.389709: sched_switch: prev_comm=rcu_preempt prev_pid=17 prev_prio=120 prev_state=I ==> next_comm=swapper/2 next_pid=0 next_prio=120
          <idle>-0       [002] dNh2. 24782.393639: sched_wakeup: comm=rcu_preempt pid=17 prio=120 target_cpu=002
          <idle>-0       [002] d..2. 24782.393659: sched_switch: prev_comm=swapper/2 prev_pid=0 prev_prio=120 prev_state=R ==> next_comm=rcu_preempt next_pid=17 next_prio=120
     rcu_preempt-17      [002] d..2. 24782.393690: sched_switch: prev_comm=rcu_preempt prev_pid=17 prev_prio=120 prev_state=I ==> next_comm=swapper/2 next_pid=0 next_prio=120
          <idle>-0       [002] dNh2. 24782.397675: sched_wakeup: comm=rcu_preempt pid=17 prio=120 target_cpu=002
          <idle>-0       [002] d..2. 24782.397721: sched_switch: prev_comm=swapper/2 prev_pid=0 prev_prio=120 prev_state=R ==> next_comm=rcu_preempt next_pid=17 next_prio=120
     rcu_preempt-17      [002] d..2. 24782.397769: sched_switch: prev_comm=rcu_preempt prev_pid=17 prev_prio=120 prev_state=I ==> next_comm=swapper/2 next_pid=0 next_prio=120
          <idle>-0       [000] ..s1. 24782.398759: sched_process_free: comm=exe pid=752 prio=120
          <idle>-0       [003] ..s1. 24782.398807: sched_process_free: comm=exe pid=735 prio=120
          <idle>-0       [002] dNh2. 24782.402767: sched_wakeup: comm=rcu_preempt pid=17 prio=120 target_cpu=002
          <idle>-0       [002] d..2. 24782.402819: sched_switch: prev_comm=swapper/2 prev_pid=0 prev_prio=120 prev_state=R ==> next_comm=rcu_preempt next_pid=17 next_prio=120
     rcu_preempt-17      [002] d..2. 24782.402862: sched_switch: prev_comm=rcu_preempt prev_pid=17 prev_prio=120 prev_state=I ==> next_comm=swapper/2 next_pid=0 next_prio=120
          <idle>-0       [002] dNh2. 24782.406748: sched_wakeup: comm=rcu_preempt pid=17 prio=120 target_cpu=002
          <idle>-0       [002] d..2. 24782.406811: sched_switch: prev_comm=swapper/2 prev_pid=0 prev_prio=120 prev_state=R ==> next_comm=rcu_preempt next_pid=17 next_prio=120
     rcu_preempt-17      [002] d..2. 24782.406871: sched_switch: prev_comm=rcu_preempt prev_pid=17 prev_prio=120 prev_state=I ==> next_comm=swapper/2 next_pid=0 next_prio=120
          <idle>-0       [002] dNh2. 24782.407776: sched_wakeup: comm=rcu_preempt pid=17 prio=120 target_cpu=002
          <idle>-0       [002] d..2. 24782.407853: sched_switch: prev_comm=swapper/2 prev_pid=0 prev_prio=120 prev_state=R ==> next_comm=rcu_preempt next_pid=17 next_prio=120
          <idle>-0       [000] dNs5. 24782.407876: sched_wakeup: comm=kworker/0:1 pid=683 prio=120 target_cpu=000
     rcu_preempt-17      [002] d..2. 24782.407904: sched_switch: prev_comm=rcu_preempt prev_pid=17 prev_prio=120 prev_state=I ==> next_comm=swapper/2 next_pid=0 next_prio=120
          <idle>-0       [000] d..2. 24782.407914: sched_switch: prev_comm=swapper/0 prev_pid=0 prev_prio=120 prev_state=R ==> next_comm=kworker/0:1 next_pid=683 next_prio=120
     kworker/0:1-683     [000] d..2. 24782.408013: sched_switch: prev_comm=kworker/0:1 prev_pid=683 prev_prio=120 prev_state=I ==> next_comm=swapper/0 next_pid=0 next_prio=120
          <idle>-0       [002] dNh2. 24782.411790: sched_wakeup: comm=rcu_preempt pid=17 prio=120 target_cpu=002
          <idle>-0       [002] d..2. 24782.411844: sched_switch: prev_comm=swapper/2 prev_pid=0 prev_prio=120 prev_state=R ==> next_comm=rcu_preempt next_pid=17 next_prio=120
     rcu_preempt-17      [002] d..2. 24782.411886: sched_switch: prev_comm=rcu_preempt prev_pid=17 prev_prio=120 prev_state=I ==> next_comm=swapper/2 next_pid=0 next_prio=120
          <idle>-0       [002] dNh2. 24782.416305: sched_wakeup: comm=rcu_preempt pid=17 prio=120 target_cpu=002
          <idle>-0       [002] d..2. 24782.416486: sched_switch: prev_comm=swapper/2 prev_pid=0 prev_prio=120 prev_state=R ==> next_comm=rcu_preempt next_pid=17 next_prio=120
     rcu_preempt-17      [002] d..2. 24782.418274: sched_switch: prev_comm=rcu_preempt prev_pid=17 prev_prio=120 prev_state=I ==> next_comm=swapper/2 next_pid=0 next_prio=120
          <idle>-0       [002] dNh2. 24782.546730: sched_wakeup: comm=kworker/u16:0 pid=11 prio=120 target_cpu=002
          <idle>-0       [002] d..2. 24782.547057: sched_switch: prev_comm=swapper/2 prev_pid=0 prev_prio=120 prev_state=R ==> next_comm=kworker/u16:0 next_pid=11 next_prio=120
   kworker/u16:0-11      [002] d..2. 24782.547880: sched_switch: prev_comm=kworker/u16:0 prev_pid=11 prev_prio=120 prev_state=I ==> next_comm=swapper/2 next_pid=0 next_prio=120
          <idle>-0       [001] dNs5. 24782.834087: sched_wakeup: comm=kworker/1:0 pid=626 prio=120 target_cpu=001
          <idle>-0       [002] dNs5. 24782.834164: sched_wakeup: comm=kworker/u16:0 pid=11 prio=120 target_cpu=002
          <idle>-0       [001] d..2. 24782.834796: sched_switch: prev_comm=swapper/1 prev_pid=0 prev_prio=120 prev_state=R ==> next_comm=kworker/1:0 next_pid=626 next_prio=120
          <idle>-0       [002] d..2. 24782.836641: sched_switch: prev_comm=swapper/2 prev_pid=0 prev_prio=120 prev_state=R ==> next_comm=kworker/u16:0 next_pid=11 next_prio=120
     kworker/1:0-626     [001] d..2. 24782.838464: sched_switch: prev_comm=kworker/1:0 prev_pid=626 prev_prio=120 prev_state=I ==> next_comm=swapper/1 next_pid=0 next_prio=120
   kworker/u16:0-11      [002] d..2. 24782.838583: sched_switch: prev_comm=kworker/u16:0 prev_pid=11 prev_prio=120 prev_state=I ==> next_comm=swapper/2 next_pid=0 next_prio=120
          <idle>-0       [000] dNh2. 24782.882784: sched_wakeup: comm=kcompactd0 pid=44 prio=120 target_cpu=000
          <idle>-0       [000] d..2. 24782.883166: sched_switch: prev_comm=swapper/0 prev_pid=0 prev_prio=120 prev_state=R ==> next_comm=kcompactd0 next_pid=44 next_prio=120
      kcompactd0-44      [000] d..2. 24782.883549: sched_switch: prev_comm=kcompactd0 prev_pid=44 prev_prio=120 prev_state=S ==> next_comm=swapper/0 next_pid=0 next_prio=120
          <idle>-0       [000] dNs5. 24782.884130: sched_wakeup: comm=kworker/0:1 pid=683 prio=120 target_cpu=000
          <idle>-0       [000] d..2. 24782.884330: sched_switch: prev_comm=swapper/0 prev_pid=0 prev_prio=120 prev_state=R ==> next_comm=kworker/0:1 next_pid=683 next_prio=120
          <idle>-0       [003] dNh2. 24782.886681: sched_wakeup: comm=kworker/3:2 pid=688 prio=120 target_cpu=003
          <idle>-0       [003] d..2. 24782.887130: sched_switch: prev_comm=swapper/3 prev_pid=0 prev_prio=120 prev_state=R ==> next_comm=kworker/3:2 next_pid=688 next_prio=120
          <idle>-0       [002] dNh2. 24782.887456: sched_wakeup: comm=kworker/2:0 pid=632 prio=120 target_cpu=002
     kworker/3:2-688     [003] d..2. 24782.887638: sched_switch: prev_comm=kworker/3:2 prev_pid=688 prev_prio=120 prev_state=I ==> next_comm=swapper/3 next_pid=0 next_prio=120
          <idle>-0       [002] d..2. 24782.887934: sched_switch: prev_comm=swapper/2 prev_pid=0 prev_prio=120 prev_state=R ==> next_comm=kworker/2:0 next_pid=632 next_prio=120
     kworker/2:0-632     [002] d..2. 24782.888894: sched_switch: prev_comm=kworker/2:0 prev_pid=632 prev_prio=120 prev_state=I ==> next_comm=swapper/2 next_pid=0 next_prio=120
          <idle>-0       [003] dNh6. 24782.889402: sched_wakeup: comm=kworker/3:2 pid=688 prio=120 target_cpu=003
          <idle>-0       [003] d..2. 24782.890404: sched_switch: prev_comm=swapper/3 prev_pid=0 prev_prio=120 prev_state=R ==> next_comm=kworker/3:2 next_pid=688 next_prio=120
     kworker/3:2-688     [003] d..2. 24782.890826: sched_switch: prev_comm=kworker/3:2 prev_pid=688 prev_prio=120 prev_state=I ==> next_comm=swapper/3 next_pid=0 next_prio=120
     kworker/0:1-683     [000] d..2. 24782.892540: sched_switch: prev_comm=kworker/0:1 prev_pid=683 prev_prio=120 prev_state=I ==> next_comm=swapper/0 next_pid=0 next_prio=120
          <idle>-0       [002] dNs5. 24782.896055: sched_wakeup: comm=kworker/2:0 pid=632 prio=120 target_cpu=002
          <idle>-0       [002] d..2. 24782.896335: sched_switch: prev_comm=swapper/2 prev_pid=0 prev_prio=120 prev_state=R ==> next_comm=kworker/2:0 next_pid=632 next_prio=120
     kworker/2:0-632     [002] d..2. 24782.897102: sched_switch: prev_comm=kworker/2:0 prev_pid=632 prev_prio=120 prev_state=I ==> next_comm=swapper/2 next_pid=0 next_prio=120
          <idle>-0       [000] dNH2. 24783.386327: sched_wakeup: comm=kcompactd0 pid=44 prio=120 target_cpu=000
          <idle>-0       [000] d..2. 24783.387624: sched_switch: prev_comm=swapper/0 prev_pid=0 prev_prio=120 prev_state=R ==> next_comm=kcompactd0 next_pid=44 next_prio=120
      kcompactd0-44      [000] d..2. 24783.388281: sched_switch: prev_comm=kcompactd0 prev_pid=44 prev_prio=120 prev_state=S ==> next_comm=swapper/0 next_pid=0 next_prio=120
          <idle>-0       [002] dNh2. 24783.565266: sched_wakeup: comm=kworker/u16:0 pid=11 prio=120 target_cpu=002
          <idle>-0       [002] d..2. 24783.565323: sched_switch: prev_comm=swapper/2 prev_pid=0 prev_prio=120 prev_state=R ==> next_comm=kworker/u16:0 next_pid=11 next_prio=120
   kworker/u16:0-11      [002] d..6. 24783.565380: sched_wakeup: comm=kworker/2:0 pid=632 prio=120 target_cpu=002
   kworker/u16:0-11      [002] d..2. 24783.565442: sched_switch: prev_comm=kworker/u16:0 prev_pid=11 prev_prio=120 prev_state=I ==> next_comm=kworker/2:0 next_pid=632 next_prio=120
          <idle>-0       [003] dNh2. 24783.565656: sched_wakeup: comm=sh pid=148 prio=120 target_cpu=003
     kworker/2:0-632     [002] d..2. 24783.565756: sched_switch: prev_comm=kworker/2:0 prev_pid=632 prev_prio=120 prev_state=I ==> next_comm=swapper/2 next_pid=0 next_prio=120
          <idle>-0       [003] d..2. 24783.565936: sched_switch: prev_comm=swapper/3 prev_pid=0 prev_prio=120 prev_state=R ==> next_comm=sh next_pid=148 next_prio=120
              sh-148     [003] d..2. 24783.566304: sched_switch: prev_comm=sh prev_pid=148 prev_prio=120 prev_state=S ==> next_comm=swapper/3 next_pid=0 next_prio=120
          <idle>-0       [002] dNh2. 24783.754810: sched_wakeup: comm=kworker/u16:0 pid=11 prio=120 target_cpu=002
          <idle>-0       [002] d..2. 24783.754872: sched_switch: prev_comm=swapper/2 prev_pid=0 prev_prio=120 prev_state=R ==> next_comm=kworker/u16:0 next_pid=11 next_prio=120
   kworker/u16:0-11      [002] d..2. 24783.754989: sched_switch: prev_comm=kworker/u16:0 prev_pid=11 prev_prio=120 prev_state=I ==> next_comm=swapper/2 next_pid=0 next_prio=120
          <idle>-0       [003] dNh2. 24783.754990: sched_wakeup: comm=sh pid=148 prio=120 target_cpu=003
          <idle>-0       [003] d..2. 24783.755062: sched_switch: prev_comm=swapper/3 prev_pid=0 prev_prio=120 prev_state=R ==> next_comm=sh next_pid=148 next_prio=120
              sh-148     [003] d..2. 24783.755407: sched_switch: prev_comm=sh prev_pid=148 prev_prio=120 prev_state=S ==> next_comm=swapper/3 next_pid=0 next_prio=120
          <idle>-0       [000] dNs4. 24783.888913: sched_wakeup: comm=kcompactd0 pid=44 prio=120 target_cpu=000
          <idle>-0       [003] dNs5. 24783.889007: sched_wakeup: comm=kworker/3:2 pid=688 prio=120 target_cpu=003
          <idle>-0       [000] dNs5. 24783.889087: sched_wakeup: comm=kworker/0:1 pid=683 prio=120 target_cpu=000
          <idle>-0       [003] d..2. 24783.889641: sched_switch: prev_comm=swapper/3 prev_pid=0 prev_prio=120 prev_state=R ==> next_comm=kworker/3:2 next_pid=688 next_prio=120
          <idle>-0       [000] d..2. 24783.890429: sched_switch: prev_comm=swapper/0 prev_pid=0 prev_prio=120 prev_state=R ==> next_comm=kcompactd0 next_pid=44 next_prio=120
     kworker/3:2-688     [003] d..2. 24783.890897: sched_switch: prev_comm=kworker/3:2 prev_pid=688 prev_prio=120 prev_state=I ==> next_comm=swapper/3 next_pid=0 next_prio=120
      kcompactd0-44      [000] d..2. 24783.891647: sched_switch: prev_comm=kcompactd0 prev_pid=44 prev_prio=120 prev_state=S ==> next_comm=kworker/0:1 next_pid=683 next_prio=120
     kworker/0:1-683     [000] d..2. 24783.893438: sched_switch: prev_comm=kworker/0:1 prev_pid=683 prev_prio=120 prev_state=I ==> next_comm=swapper/0 next_pid=0 next_prio=120
          <idle>-0       [002] dNh6. 24784.381487: sched_wakeup: comm=kworker/2:0 pid=632 prio=120 target_cpu=002
          <idle>-0       [002] d..2. 24784.381892: sched_switch: prev_comm=swapper/2 prev_pid=0 prev_prio=120 prev_state=R ==> next_comm=kworker/2:0 next_pid=632 next_prio=120
     kworker/2:0-632     [002] d..2. 24784.382687: sched_switch: prev_comm=kworker/2:0 prev_pid=632 prev_prio=120 prev_state=I ==> next_comm=swapper/2 next_pid=0 next_prio=120
          <idle>-0       [000] dNs4. 24784.392767: sched_wakeup: comm=kcompactd0 pid=44 prio=120 target_cpu=000
          <idle>-0       [002] dNs5. 24784.392961: sched_wakeup: comm=kworker/2:0 pid=632 prio=120 target_cpu=002
          <idle>-0       [000] d..2. 24784.393137: sched_switch: prev_comm=swapper/0 prev_pid=0 prev_prio=120 prev_state=R ==> next_comm=kcompactd0 next_pid=44 next_prio=120
      kcompactd0-44      [000] d..2. 24784.393397: sched_switch: prev_comm=kcompactd0 prev_pid=44 prev_prio=120 prev_state=S ==> next_comm=swapper/0 next_pid=0 next_prio=120
          <idle>-0       [002] d..2. 24784.394867: sched_switch: prev_comm=swapper/2 prev_pid=0 prev_prio=120 prev_state=R ==> next_comm=kworker/2:0 next_pid=632 next_prio=120
     kworker/2:0-632     [002] d..2. 24784.395585: sched_switch: prev_comm=kworker/2:0 prev_pid=632 prev_prio=120 prev_state=I ==> next_comm=swapper/2 next_pid=0 next_prio=120
          <idle>-0       [000] dNh2. 24784.898606: sched_wakeup: comm=kcompactd0 pid=44 prio=120 target_cpu=000
          <idle>-0       [000] d..2. 24784.899102: sched_switch: prev_comm=swapper/0 prev_pid=0 prev_prio=120 prev_state=R ==> next_comm=kcompactd0 next_pid=44 next_prio=120
      kcompactd0-44      [000] d..2. 24784.899729: sched_switch: prev_comm=kcompactd0 prev_pid=44 prev_prio=120 prev_state=S ==> next_comm=swapper/0 next_pid=0 next_prio=120
          <idle>-0       [002] dNs5. 24784.945564: sched_wakeup: comm=kworker/2:0 pid=632 prio=120 target_cpu=002
          <idle>-0       [000] dNs5. 24784.946483: sched_wakeup: comm=kworker/0:1 pid=683 prio=120 target_cpu=000
          <idle>-0       [002] d..2. 24784.947206: sched_switch: prev_comm=swapper/2 prev_pid=0 prev_prio=120 prev_state=R ==> next_comm=kworker/2:0 next_pid=632 next_prio=120
          <idle>-0       [000] d..2. 24784.947788: sched_switch: prev_comm=swapper/0 prev_pid=0 prev_prio=120 prev_state=R ==> next_comm=kworker/0:1 next_pid=683 next_prio=120
     kworker/0:1-683     [000] d..2. 24784.948798: sched_switch: prev_comm=kworker/0:1 prev_pid=683 prev_prio=120 prev_state=I ==> next_comm=swapper/0 next_pid=0 next_prio=120
     kworker/2:0-632     [002] d..2. 24784.949647: sched_switch: prev_comm=kworker/2:0 prev_pid=632 prev_prio=120 prev_state=I ==> next_comm=swapper/2 next_pid=0 next_prio=120
          <idle>-0       [000] dNh2. 24785.402304: sched_wakeup: comm=kcompactd0 pid=44 prio=120 target_cpu=000
          <idle>-0       [000] d..2. 24785.403025: sched_switch: prev_comm=swapper/0 prev_pid=0 prev_prio=120 prev_state=R ==> next_comm=kcompactd0 next_pid=44 next_prio=120
      kcompactd0-44      [000] d..2. 24785.404267: sched_switch: prev_comm=kcompactd0 prev_pid=44 prev_prio=120 prev_state=S ==> next_comm=swapper/0 next_pid=0 next_prio=120
          <idle>-0       [000] dNs4. 24785.905651: sched_wakeup: comm=kcompactd0 pid=44 prio=120 target_cpu=000
          <idle>-0       [000] dNs5. 24785.905816: sched_wakeup: comm=kworker/0:1 pid=683 prio=120 target_cpu=000
          <idle>-0       [000] d..2. 24785.906266: sched_switch: prev_comm=swapper/0 prev_pid=0 prev_prio=120 prev_state=R ==> next_comm=kcompactd0 next_pid=44 next_prio=120
      kcompactd0-44      [000] d..2. 24785.906488: sched_switch: prev_comm=kcompactd0 prev_pid=44 prev_prio=120 prev_state=S ==> next_comm=kworker/0:1 next_pid=683 next_prio=120
     kworker/0:1-683     [000] d..2. 24785.907373: sched_switch: prev_comm=kworker/0:1 prev_pid=683 prev_prio=120 prev_state=I ==> next_comm=swapper/0 next_pid=0 next_prio=120
          <idle>-0       [000] dNs4. 24786.409799: sched_wakeup: comm=kcompactd0 pid=44 prio=120 target_cpu=000
          <idle>-0       [000] d..2. 24786.410309: sched_switch: prev_comm=swapper/0 prev_pid=0 prev_prio=120 prev_state=R ==> next_comm=kcompactd0 next_pid=44 next_prio=120
      kcompactd0-44      [000] d..2. 24786.410644: sched_switch: prev_comm=kcompactd0 prev_pid=44 prev_prio=120 prev_state=S ==> next_comm=swapper/0 next_pid=0 next_prio=120
          <idle>-0       [000] dNs4. 24786.912988: sched_wakeup: comm=kcompactd0 pid=44 prio=120 target_cpu=000
          <idle>-0       [000] dNs5. 24786.913149: sched_wakeup: comm=kworker/0:1 pid=683 prio=120 target_cpu=000
          <idle>-0       [000] d..2. 24786.913661: sched_switch: prev_comm=swapper/0 prev_pid=0 prev_prio=120 prev_state=R ==> next_comm=kcompactd0 next_pid=44 next_prio=120
      kcompactd0-44      [000] d..2. 24786.913896: sched_switch: prev_comm=kcompactd0 prev_pid=44 prev_prio=120 prev_state=S ==> next_comm=kworker/0:1 next_pid=683 next_prio=120
     kworker/0:1-683     [000] d..2. 24786.915771: sched_switch: prev_comm=kworker/0:1 prev_pid=683 prev_prio=120 prev_state=I ==> next_comm=swapper/0 next_pid=0 next_prio=120
          <idle>-0       [000] dNs5. 24786.993764: sched_wakeup: comm=kworker/0:1 pid=683 prio=120 target_cpu=000
          <idle>-0       [000] d..2. 24786.994851: sched_switch: prev_comm=swapper/0 prev_pid=0 prev_prio=120 prev_state=R ==> next_comm=kworker/0:1 next_pid=683 next_prio=120
     kworker/0:1-683     [000] d..2. 24786.998354: sched_switch: prev_comm=kworker/0:1 prev_pid=683 prev_prio=120 prev_state=I ==> next_comm=swapper/0 next_pid=0 next_prio=120
          <idle>-0       [000] dNs4. 24787.417198: sched_wakeup: comm=kcompactd0 pid=44 prio=120 target_cpu=000
          <idle>-0       [000] d..2. 24787.417978: sched_switch: prev_comm=swapper/0 prev_pid=0 prev_prio=120 prev_state=R ==> next_comm=kcompactd0 next_pid=44 next_prio=120
      kcompactd0-44      [000] d..2. 24787.418667: sched_switch: prev_comm=kcompactd0 prev_pid=44 prev_prio=120 prev_state=S ==> next_comm=swapper/0 next_pid=0 next_prio=120
          <idle>-0       [000] dNs5. 24787.441152: sched_wakeup: comm=kworker/0:1 pid=683 prio=120 target_cpu=000
          <idle>-0       [000] d..2. 24787.442172: sched_switch: prev_comm=swapper/0 prev_pid=0 prev_prio=120 prev_state=R ==> next_comm=kworker/0:1 next_pid=683 next_prio=120
     kworker/0:1-683     [000] d..2. 24787.442443: sched_switch: prev_comm=kworker/0:1 prev_pid=683 prev_prio=120 prev_state=I ==> next_comm=swapper/0 next_pid=0 next_prio=120
          <idle>-0       [002] dNh2. 24787.442551: sched_wakeup: comm=kworker/u16:0 pid=11 prio=120 target_cpu=002
          <idle>-0       [002] d..2. 24787.443344: sched_switch: prev_comm=swapper/2 prev_pid=0 prev_prio=120 prev_state=R ==> next_comm=kworker/u16:0 next_pid=11 next_prio=120
   kworker/u16:0-11      [002] d.s4. 24787.444227: sched_wakeup: comm=kworker/2:0 pid=632 prio=120 target_cpu=002
   kworker/u16:0-11      [002] d..2. 24787.444446: sched_switch: prev_comm=kworker/u16:0 prev_pid=11 prev_prio=120 prev_state=I ==> next_comm=kworker/2:0 next_pid=632 next_prio=120
     kworker/2:0-632     [002] d..2. 24787.444997: sched_switch: prev_comm=kworker/2:0 prev_pid=632 prev_prio=120 prev_state=I ==> next_comm=swapper/2 next_pid=0 next_prio=120
          <idle>-0       [000] dNH2. 24787.921206: sched_wakeup: comm=kcompactd0 pid=44 prio=120 target_cpu=000
          <idle>-0       [000] dNs5. 24787.921388: sched_wakeup: comm=kworker/0:1 pid=683 prio=120 target_cpu=000
          <idle>-0       [000] d..2. 24787.921819: sched_switch: prev_comm=swapper/0 prev_pid=0 prev_prio=120 prev_state=R ==> next_comm=kcompactd0 next_pid=44 next_prio=120
      kcompactd0-44      [000] d..2. 24787.922052: sched_switch: prev_comm=kcompactd0 prev_pid=44 prev_prio=120 prev_state=S ==> next_comm=kworker/0:1 next_pid=683 next_prio=120
     kworker/0:1-683     [000] d..2. 24787.922452: sched_switch: prev_comm=kworker/0:1 prev_pid=683 prev_prio=120 prev_state=I ==> next_comm=swapper/0 next_pid=0 next_prio=120
          <idle>-0       [000] dNh2. 24788.424969: sched_wakeup: comm=kcompactd0 pid=44 prio=120 target_cpu=000
          <idle>-0       [000] d..2. 24788.425154: sched_switch: prev_comm=swapper/0 prev_pid=0 prev_prio=120 prev_state=R ==> next_comm=kcompactd0 next_pid=44 next_prio=120
      kcompactd0-44      [000] d..2. 24788.425489: sched_switch: prev_comm=kcompactd0 prev_pid=44 prev_prio=120 prev_state=S ==> next_comm=swapper/0 next_pid=0 next_prio=120
          <idle>-0       [000] dNs5. 24788.465257: sched_wakeup: comm=kworker/0:1H pid=52 prio=100 target_cpu=000
          <idle>-0       [000] d..2. 24788.466066: sched_switch: prev_comm=swapper/0 prev_pid=0 prev_prio=120 prev_state=R ==> next_comm=kworker/0:1H next_pid=52 next_prio=100
    kworker/0:1H-52      [000] d..2. 24788.466458: sched_switch: prev_comm=kworker/0:1H prev_pid=52 prev_prio=100 prev_state=I ==> next_comm=swapper/0 next_pid=0 next_prio=120
          <idle>-0       [000] dNs4. 24788.929507: sched_wakeup: comm=kcompactd0 pid=44 prio=120 target_cpu=000
          <idle>-0       [000] dNs5. 24788.929635: sched_wakeup: comm=kworker/0:1 pid=683 prio=120 target_cpu=000
          <idle>-0       [000] d..2. 24788.929981: sched_switch: prev_comm=swapper/0 prev_pid=0 prev_prio=120 prev_state=R ==> next_comm=kworker/0:1 next_pid=683 next_prio=120
     kworker/0:1-683     [000] d..2. 24788.930641: sched_switch: prev_comm=kworker/0:1 prev_pid=683 prev_prio=120 prev_state=I ==> next_comm=kcompactd0 next_pid=44 next_prio=120
      kcompactd0-44      [000] d..2. 24788.930933: sched_switch: prev_comm=kcompactd0 prev_pid=44 prev_prio=120 prev_state=S ==> next_comm=swapper/0 next_pid=0 next_prio=120
          <idle>-0       [000] dNs5. 24789.039939: sched_wakeup: comm=kworker/0:1 pid=683 prio=120 target_cpu=000
          <idle>-0       [000] d..2. 24789.040049: sched_switch: prev_comm=swapper/0 prev_pid=0 prev_prio=120 prev_state=R ==> next_comm=kworker/0:1 next_pid=683 next_prio=120
     kworker/0:1-683     [000] d..2. 24789.040310: sched_switch: prev_comm=kworker/0:1 prev_pid=683 prev_prio=120 prev_state=I ==> next_comm=swapper/0 next_pid=0 next_prio=120
          <idle>-0       [000] dNs4. 24789.433768: sched_wakeup: comm=kcompactd0 pid=44 prio=120 target_cpu=000
          <idle>-0       [000] d..2. 24789.434279: sched_switch: prev_comm=swapper/0 prev_pid=0 prev_prio=120 prev_state=R ==> next_comm=kcompactd0 next_pid=44 next_prio=120
      kcompactd0-44      [000] d..2. 24789.434573: sched_switch: prev_comm=kcompactd0 prev_pid=44 prev_prio=120 prev_state=S ==> next_comm=swapper/0 next_pid=0 next_prio=120
          <idle>-0       [000] dNs4. 24789.936784: sched_wakeup: comm=kcompactd0 pid=44 prio=120 target_cpu=000
          <idle>-0       [000] dNs5. 24789.936964: sched_wakeup: comm=kworker/0:1 pid=683 prio=120 target_cpu=000
          <idle>-0       [000] d..2. 24789.937421: sched_switch: prev_comm=swapper/0 prev_pid=0 prev_prio=120 prev_state=R ==> next_comm=kcompactd0 next_pid=44 next_prio=120
      kcompactd0-44      [000] d..2. 24789.937641: sched_switch: prev_comm=kcompactd0 prev_pid=44 prev_prio=120 prev_state=S ==> next_comm=kworker/0:1 next_pid=683 next_prio=120
     kworker/0:1-683     [000] d..2. 24789.938453: sched_switch: prev_comm=kworker/0:1 prev_pid=683 prev_prio=120 prev_state=I ==> next_comm=swapper/0 next_pid=0 next_prio=120
          <idle>-0       [002] dNh2. 24790.298939: sched_wakeup: comm=kworker/u16:0 pid=11 prio=120 target_cpu=002
          <idle>-0       [002] d..2. 24790.299158: sched_switch: prev_comm=swapper/2 prev_pid=0 prev_prio=120 prev_state=R ==> next_comm=kworker/u16:0 next_pid=11 next_prio=120
   kworker/u16:0-11      [002] dN.6. 24790.299325: sched_wakeup: comm=kworker/2:0 pid=632 prio=120 target_cpu=002
   kworker/u16:0-11      [002] d..2. 24790.299522: sched_switch: prev_comm=kworker/u16:0 prev_pid=11 prev_prio=120 prev_state=R+ ==> next_comm=kworker/2:0 next_pid=632 next_prio=120
          <idle>-0       [003] dNh2. 24790.299654: sched_wakeup: comm=sh pid=148 prio=120 target_cpu=003
     kworker/2:0-632     [002] d..2. 24790.299840: sched_switch: prev_comm=kworker/2:0 prev_pid=632 prev_prio=120 prev_state=I ==> next_comm=kworker/u16:0 next_pid=11 next_prio=120
          <idle>-0       [003] d..2. 24790.300017: sched_switch: prev_comm=swapper/3 prev_pid=0 prev_prio=120 prev_state=R ==> next_comm=sh next_pid=148 next_prio=120
   kworker/u16:0-11      [002] d..2. 24790.301269: sched_switch: prev_comm=kworker/u16:0 prev_pid=11 prev_prio=120 prev_state=I ==> next_comm=swapper/2 next_pid=0 next_prio=120
              sh-148     [003] d..2. 24790.304523: sched_switch: prev_comm=sh prev_pid=148 prev_prio=120 prev_state=S ==> next_comm=swapper/3 next_pid=0 next_prio=120
          <idle>-0       [000] dNs4. 24790.440782: sched_wakeup: comm=kcompactd0 pid=44 prio=120 target_cpu=000
          <idle>-0       [000] d..2. 24790.441126: sched_switch: prev_comm=swapper/0 prev_pid=0 prev_prio=120 prev_state=R ==> next_comm=kcompactd0 next_pid=44 next_prio=120
      kcompactd0-44      [000] d..2. 24790.441441: sched_switch: prev_comm=kcompactd0 prev_pid=44 prev_prio=120 prev_state=S ==> next_comm=swapper/0 next_pid=0 next_prio=120
          <idle>-0       [002] dNh2. 24790.491276: sched_wakeup: comm=kworker/u16:0 pid=11 prio=120 target_cpu=002
          <idle>-0       [002] d..2. 24790.491458: sched_switch: prev_comm=swapper/2 prev_pid=0 prev_prio=120 prev_state=R ==> next_comm=kworker/u16:0 next_pid=11 next_prio=120
   kworker/u16:0-11      [002] d..2. 24790.492226: sched_switch: prev_comm=kworker/u16:0 prev_pid=11 prev_prio=120 prev_state=I ==> next_comm=swapper/2 next_pid=0 next_prio=120
          <idle>-0       [003] dNh2. 24790.493025: sched_wakeup: comm=sh pid=148 prio=120 target_cpu=003
          <idle>-0       [003] d..2. 24790.493161: sched_switch: prev_comm=swapper/3 prev_pid=0 prev_prio=120 prev_state=R ==> next_comm=sh next_pid=148 next_prio=120
              sh-148     [003] d..2. 24790.493879: sched_switch: prev_comm=sh prev_pid=148 prev_prio=120 prev_state=S ==> next_comm=swapper/3 next_pid=0 next_prio=120
          <idle>-0       [002] dNh2. 24790.700199: sched_wakeup: comm=kworker/u16:0 pid=11 prio=120 target_cpu=002
          <idle>-0       [002] d..2. 24790.700316: sched_switch: prev_comm=swapper/2 prev_pid=0 prev_prio=120 prev_state=R ==> next_comm=kworker/u16:0 next_pid=11 next_prio=120
   kworker/u16:0-11      [002] d..2. 24790.700556: sched_switch: prev_comm=kworker/u16:0 prev_pid=11 prev_prio=120 prev_state=I ==> next_comm=swapper/2 next_pid=0 next_prio=120
          <idle>-0       [003] dNh2. 24790.700654: sched_wakeup: comm=sh pid=148 prio=120 target_cpu=003
          <idle>-0       [003] d..2. 24790.700770: sched_switch: prev_comm=swapper/3 prev_pid=0 prev_prio=120 prev_state=R ==> next_comm=sh next_pid=148 next_prio=120
              sh-148     [003] d..2. 24790.701089: sched_switch: prev_comm=sh prev_pid=148 prev_prio=120 prev_state=S ==> next_comm=swapper/3 next_pid=0 next_prio=120
          <idle>-0       [000] dNs4. 24790.944987: sched_wakeup: comm=kcompactd0 pid=44 prio=120 target_cpu=000
          <idle>-0       [000] dNs5. 24790.945155: sched_wakeup: comm=kworker/0:1 pid=683 prio=120 target_cpu=000
          <idle>-0       [000] d..2. 24790.946186: sched_switch: prev_comm=swapper/0 prev_pid=0 prev_prio=120 prev_state=R ==> next_comm=kcompactd0 next_pid=44 next_prio=120
      kcompactd0-44      [000] d..2. 24790.947044: sched_switch: prev_comm=kcompactd0 prev_pid=44 prev_prio=120 prev_state=S ==> next_comm=kworker/0:1 next_pid=683 next_prio=120
     kworker/0:1-683     [000] d..2. 24790.948272: sched_switch: prev_comm=kworker/0:1 prev_pid=683 prev_prio=120 prev_state=I ==> next_comm=swapper/0 next_pid=0 next_prio=120
          <idle>-0       [002] dNh2. 24791.027029: sched_wakeup: comm=kworker/u16:0 pid=11 prio=120 target_cpu=002
          <idle>-0       [002] d..2. 24791.027159: sched_switch: prev_comm=swapper/2 prev_pid=0 prev_prio=120 prev_state=R ==> next_comm=kworker/u16:0 next_pid=11 next_prio=120
   kworker/u16:0-11      [002] d..2. 24791.027645: sched_switch: prev_comm=kworker/u16:0 prev_pid=11 prev_prio=120 prev_state=I ==> next_comm=swapper/2 next_pid=0 next_prio=120
          <idle>-0       [003] dNh2. 24791.027764: sched_wakeup: comm=sh pid=148 prio=120 target_cpu=003
          <idle>-0       [003] d..2. 24791.027936: sched_switch: prev_comm=swapper/3 prev_pid=0 prev_prio=120 prev_state=R ==> next_comm=sh next_pid=148 next_prio=120
              sh-148     [003] d..2. 24791.028359: sched_switch: prev_comm=sh prev_pid=148 prev_prio=120 prev_state=S ==> next_comm=swapper/3 next_pid=0 next_prio=120
          <idle>-0       [000] dNs5. 24791.089502: sched_wakeup: comm=kworker/0:1 pid=683 prio=120 target_cpu=000
          <idle>-0       [000] d..2. 24791.089987: sched_switch: prev_comm=swapper/0 prev_pid=0 prev_prio=120 prev_state=R ==> next_comm=kworker/0:1 next_pid=683 next_prio=120
     kworker/0:1-683     [000] d..2. 24791.091572: sched_switch: prev_comm=kworker/0:1 prev_pid=683 prev_prio=120 prev_state=I ==> next_comm=swapper/0 next_pid=0 next_prio=120
          <idle>-0       [002] dNh2. 24791.175467: sched_wakeup: comm=kworker/u16:0 pid=11 prio=120 target_cpu=002
          <idle>-0       [002] d..2. 24791.175764: sched_switch: prev_comm=swapper/2 prev_pid=0 prev_prio=120 prev_state=R ==> next_comm=kworker/u16:0 next_pid=11 next_prio=120
   kworker/u16:0-11      [002] d..2. 24791.176640: sched_switch: prev_comm=kworker/u16:0 prev_pid=11 prev_prio=120 prev_state=I ==> next_comm=swapper/2 next_pid=0 next_prio=120
          <idle>-0       [003] dNh2. 24791.176900: sched_wakeup: comm=sh pid=148 prio=120 target_cpu=003
          <idle>-0       [003] d..2. 24791.177200: sched_switch: prev_comm=swapper/3 prev_pid=0 prev_prio=120 prev_state=R ==> next_comm=sh next_pid=148 next_prio=120
              sh-148     [003] d..2. 24791.178104: sched_switch: prev_comm=sh prev_pid=148 prev_prio=120 prev_state=S ==> next_comm=swapper/3 next_pid=0 next_prio=120
          <idle>-0       [000] dNH2. 24791.448322: sched_wakeup: comm=kcompactd0 pid=44 prio=120 target_cpu=000
          <idle>-0       [000] d..2. 24791.448602: sched_switch: prev_comm=swapper/0 prev_pid=0 prev_prio=120 prev_state=R ==> next_comm=kcompactd0 next_pid=44 next_prio=120
      kcompactd0-44      [000] d..2. 24791.448752: sched_switch: prev_comm=kcompactd0 prev_pid=44 prev_prio=120 prev_state=S ==> next_comm=swapper/0 next_pid=0 next_prio=120
          <idle>-0       [002] dNh2. 24791.486907: sched_wakeup: comm=kworker/u16:0 pid=11 prio=120 target_cpu=002
          <idle>-0       [002] d..2. 24791.487055: sched_switch: prev_comm=swapper/2 prev_pid=0 prev_prio=120 prev_state=R ==> next_comm=kworker/u16:0 next_pid=11 next_prio=120
   kworker/u16:0-11      [002] d..2. 24791.487354: sched_switch: prev_comm=kworker/u16:0 prev_pid=11 prev_prio=120 prev_state=I ==> next_comm=swapper/2 next_pid=0 next_prio=120
          <idle>-0       [003] dNh2. 24791.487370: sched_wakeup: comm=sh pid=148 prio=120 target_cpu=003
          <idle>-0       [003] d..2. 24791.487607: sched_switch: prev_comm=swapper/3 prev_pid=0 prev_prio=120 prev_state=R ==> next_comm=sh next_pid=148 next_prio=120
              sh-148     [003] d..2. 24791.488554: sched_switch: prev_comm=sh prev_pid=148 prev_prio=120 prev_state=S ==> next_comm=swapper/3 next_pid=0 next_prio=120
          <idle>-0       [002] dNh2. 24791.695416: sched_wakeup: comm=kworker/u16:0 pid=11 prio=120 target_cpu=002
          <idle>-0       [002] d..2. 24791.695481: sched_switch: prev_comm=swapper/2 prev_pid=0 prev_prio=120 prev_state=R ==> next_comm=kworker/u16:0 next_pid=11 next_prio=120
          <idle>-0       [003] dNh2. 24791.695574: sched_wakeup: comm=sh pid=148 prio=120 target_cpu=003
          <idle>-0       [003] d..2. 24791.695696: sched_switch: prev_comm=swapper/3 prev_pid=0 prev_prio=120 prev_state=R ==> next_comm=sh next_pid=148 next_prio=120
   kworker/u16:0-11      [002] d..2. 24791.695754: sched_switch: prev_comm=kworker/u16:0 prev_pid=11 prev_prio=120 prev_state=I ==> next_comm=swapper/2 next_pid=0 next_prio=120
              sh-148     [003] ..... 24791.696390: __x64_sys_clone+0x4/0x30 <-do_syscall_64+0xb2/0x1d0
              sh-148     [003] ..... 24791.696433: <stack trace>
 => [FTRACE TRAMPOLINE]
 => __x64_sys_clone+0x9/0x30
 => do_syscall_64+0xb2/0x1d0
 => entry_SYSCALL_64_after_hwframe+0x77/0x7f
              sh-148     [003] ..... 24791.696438: kernel_clone+0x4/0x3b0 <-__do_sys_clone+0x66/0x90
              sh-148     [003] ..... 24791.696445: <stack trace>
 => [FTRACE TRAMPOLINE]
 => kernel_clone+0x9/0x3b0
 => __do_sys_clone+0x66/0x90
 => do_syscall_64+0xb2/0x1d0
 => entry_SYSCALL_64_after_hwframe+0x77/0x7f
              sh-148     [003] ..... 24791.696447: copy_process+0x4/0x1a60 <-kernel_clone+0x9e/0x3b0
              sh-148     [003] ..... 24791.696452: <stack trace>
 => [FTRACE TRAMPOLINE]
 => copy_process+0x9/0x1a60
 => kernel_clone+0x9e/0x3b0
 => __do_sys_clone+0x66/0x90
 => do_syscall_64+0xb2/0x1d0
 => entry_SYSCALL_64_after_hwframe+0x77/0x7f
              sh-148     [003] ..... 24791.697074: sched_process_fork: comm=sh pid=148 child_comm=sh child_pid=754
          <idle>-0       [000] d..2. 24791.697186: sched_switch: prev_comm=swapper/0 prev_pid=0 prev_prio=120 prev_state=R ==> next_comm=sh next_pid=754 next_prio=120
              sh-148     [003] d..2. 24791.697387: sched_switch: prev_comm=sh prev_pid=148 prev_prio=120 prev_state=S ==> next_comm=swapper/3 next_pid=0 next_prio=120
          whoami-754     [000] ..... 24791.698049: __x64_sys_execve+0x4/0x50 <-do_syscall_64+0xb2/0x1d0
          whoami-754     [000] ..... 24791.698083: <stack trace>
 => [FTRACE TRAMPOLINE]
 => __x64_sys_execve+0x9/0x50
 => do_syscall_64+0xb2/0x1d0
 => entry_SYSCALL_64_after_hwframe+0x77/0x7f
          whoami-754     [000] ..... 24791.699345: sched_process_exec: filename=/usr/bin/whoami pid=754 old_pid=754
          <idle>-0       [002] dNh2. 24791.699705: sched_wakeup: comm=rcu_preempt pid=17 prio=120 target_cpu=002
          <idle>-0       [002] d..2. 24791.699739: sched_switch: prev_comm=swapper/2 prev_pid=0 prev_prio=120 prev_state=R ==> next_comm=rcu_preempt next_pid=17 next_prio=120
     rcu_preempt-17      [002] d..2. 24791.699777: sched_switch: prev_comm=rcu_preempt prev_pid=17 prev_prio=120 prev_state=I ==> next_comm=swapper/2 next_pid=0 next_prio=120
          <idle>-0       [002] dNh2. 24791.703626: sched_wakeup: comm=rcu_preempt pid=17 prio=120 target_cpu=002
          <idle>-0       [002] d..2. 24791.703654: sched_switch: prev_comm=swapper/2 prev_pid=0 prev_prio=120 prev_state=R ==> next_comm=rcu_preempt next_pid=17 next_prio=120
     rcu_preempt-17      [002] d..2. 24791.703680: sched_switch: prev_comm=rcu_preempt prev_pid=17 prev_prio=120 prev_state=I ==> next_comm=swapper/2 next_pid=0 next_prio=120
          <idle>-0       [002] dNh2. 24791.707681: sched_wakeup: comm=rcu_preempt pid=17 prio=120 target_cpu=002
          <idle>-0       [002] d..2. 24791.707717: sched_switch: prev_comm=swapper/2 prev_pid=0 prev_prio=120 prev_state=R ==> next_comm=rcu_preempt next_pid=17 next_prio=120
     rcu_preempt-17      [002] d..2. 24791.707754: sched_switch: prev_comm=rcu_preempt prev_pid=17 prev_prio=120 prev_state=I ==> next_comm=swapper/2 next_pid=0 next_prio=120
          <idle>-0       [002] dNh2. 24791.708670: sched_wakeup: comm=rcu_preempt pid=17 prio=120 target_cpu=002
          <idle>-0       [002] d..2. 24791.708705: sched_switch: prev_comm=swapper/2 prev_pid=0 prev_prio=120 prev_state=R ==> next_comm=rcu_preempt next_pid=17 next_prio=120
     rcu_preempt-17      [002] d..2. 24791.708734: sched_switch: prev_comm=rcu_preempt prev_pid=17 prev_prio=120 prev_state=I ==> next_comm=swapper/2 next_pid=0 next_prio=120
          <idle>-0       [002] dNh2. 24791.712663: sched_wakeup: comm=rcu_preempt pid=17 prio=120 target_cpu=002
          <idle>-0       [002] d..2. 24791.712700: sched_switch: prev_comm=swapper/2 prev_pid=0 prev_prio=120 prev_state=R ==> next_comm=rcu_preempt next_pid=17 next_prio=120
     rcu_preempt-17      [002] d..2. 24791.712736: sched_switch: prev_comm=rcu_preempt prev_pid=17 prev_prio=120 prev_state=I ==> next_comm=swapper/2 next_pid=0 next_prio=120
          <idle>-0       [002] dNh2. 24791.716647: sched_wakeup: comm=rcu_preempt pid=17 prio=120 target_cpu=002
          <idle>-0       [002] d..2. 24791.716685: sched_switch: prev_comm=swapper/2 prev_pid=0 prev_prio=120 prev_state=R ==> next_comm=rcu_preempt next_pid=17 next_prio=120
     rcu_preempt-17      [002] d..2. 24791.716722: sched_switch: prev_comm=rcu_preempt prev_pid=17 prev_prio=120 prev_state=I ==> next_comm=swapper/2 next_pid=0 next_prio=120
          whoami-754     [000] ..... 24791.719982: do_exit+0x4/0xb20 <-do_group_exit+0x30/0x80
          whoami-754     [000] ..... 24791.720031: <stack trace>
 => [FTRACE TRAMPOLINE]
 => do_exit+0x9/0xb20
 => do_group_exit+0x30/0x80
 => __x64_sys_exit_group+0x18/0x20
 => x64_sys_call+0xf6f/0x18a0
 => do_syscall_64+0xb2/0x1d0
 => entry_SYSCALL_64_after_hwframe+0x77/0x7f
          whoami-754     [000] ..... 24791.720411: sched_process_exit: comm=whoami pid=754 prio=120
          whoami-754     [000] d..2. 24791.720539: signal_generate: sig=17 errno=0 code=1 comm=sh pid=148 grp=1 res=0
          <idle>-0       [003] dNh2. 24791.720693: sched_wakeup: comm=sh pid=148 prio=120 target_cpu=003
          <idle>-0       [003] d..2. 24791.720754: sched_switch: prev_comm=swapper/3 prev_pid=0 prev_prio=120 prev_state=R ==> next_comm=sh next_pid=148 next_prio=120
              sh-148     [003] d..1. 24791.720831: signal_deliver: sig=17 errno=0 code=1 sa_handler=560b95199b1d sa_flags=4000000
          <idle>-0       [002] dNh2. 24791.720895: sched_wakeup: comm=rcu_preempt pid=17 prio=120 target_cpu=002
          whoami-754     [000] d..2. 24791.720911: sched_switch: prev_comm=whoami prev_pid=754 prev_prio=120 prev_state=X ==> next_comm=swapper/0 next_pid=0 next_prio=120
          <idle>-0       [002] d..2. 24791.720929: sched_switch: prev_comm=swapper/2 prev_pid=0 prev_prio=120 prev_state=R ==> next_comm=rcu_preempt next_pid=17 next_prio=120
     rcu_preempt-17      [002] d..2. 24791.720957: sched_switch: prev_comm=rcu_preempt prev_pid=17 prev_prio=120 prev_state=I ==> next_comm=swapper/2 next_pid=0 next_prio=120
              sh-148     [003] d..2. 24791.721254: sched_switch: prev_comm=sh prev_pid=148 prev_prio=120 prev_state=S ==> next_comm=swapper/3 next_pid=0 next_prio=120
          <idle>-0       [002] dNh2. 24791.724733: sched_wakeup: comm=rcu_preempt pid=17 prio=120 target_cpu=002
          <idle>-0       [002] d..2. 24791.724772: sched_switch: prev_comm=swapper/2 prev_pid=0 prev_prio=120 prev_state=R ==> next_comm=rcu_preempt next_pid=17 next_prio=120
     rcu_preempt-17      [002] d..2. 24791.724823: sched_switch: prev_comm=rcu_preempt prev_pid=17 prev_prio=120 prev_state=I ==> next_comm=swapper/2 next_pid=0 next_prio=120
          <idle>-0       [002] dNh2. 24791.728757: sched_wakeup: comm=rcu_preempt pid=17 prio=120 target_cpu=002
          <idle>-0       [002] d..2. 24791.728802: sched_switch: prev_comm=swapper/2 prev_pid=0 prev_prio=120 prev_state=R ==> next_comm=rcu_preempt next_pid=17 next_prio=120
     rcu_preempt-17      [002] d..2. 24791.728838: sched_switch: prev_comm=rcu_preempt prev_pid=17 prev_prio=120 prev_state=I ==> next_comm=swapper/2 next_pid=0 next_prio=120
          <idle>-0       [002] dNh2. 24791.732714: sched_wakeup: comm=rcu_preempt pid=17 prio=120 target_cpu=002
          <idle>-0       [002] d..2. 24791.732735: sched_switch: prev_comm=swapper/2 prev_pid=0 prev_prio=120 prev_state=R ==> next_comm=rcu_preempt next_pid=17 next_prio=120
     rcu_preempt-17      [002] d..2. 24791.732774: sched_switch: prev_comm=rcu_preempt prev_pid=17 prev_prio=120 prev_state=I ==> next_comm=swapper/2 next_pid=0 next_prio=120
          <idle>-0       [002] dNh2. 24791.736672: sched_wakeup: comm=rcu_preempt pid=17 prio=120 target_cpu=002
          <idle>-0       [002] d..2. 24791.736696: sched_switch: prev_comm=swapper/2 prev_pid=0 prev_prio=120 prev_state=R ==> next_comm=rcu_preempt next_pid=17 next_prio=120
     rcu_preempt-17      [002] d..2. 24791.736725: sched_switch: prev_comm=rcu_preempt prev_pid=17 prev_prio=120 prev_state=I ==> next_comm=swapper/2 next_pid=0 next_prio=120
          <idle>-0       [002] dNh2. 24791.740711: sched_wakeup: comm=rcu_preempt pid=17 prio=120 target_cpu=002
          <idle>-0       [002] d..2. 24791.740742: sched_switch: prev_comm=swapper/2 prev_pid=0 prev_prio=120 prev_state=R ==> next_comm=rcu_preempt next_pid=17 next_prio=120
     rcu_preempt-17      [002] d..2. 24791.740784: sched_switch: prev_comm=rcu_preempt prev_pid=17 prev_prio=120 prev_state=I ==> next_comm=swapper/2 next_pid=0 next_prio=120
          <idle>-0       [000] dNs5. 24791.741668: sched_wakeup: comm=kworker/0:1 pid=683 prio=120 target_cpu=000
          <idle>-0       [000] .Ns1. 24791.741678: sched_process_free: comm=whoami pid=754 prio=120
          <idle>-0       [000] d..2. 24791.741708: sched_switch: prev_comm=swapper/0 prev_pid=0 prev_prio=120 prev_state=R ==> next_comm=kworker/0:1 next_pid=683 next_prio=120
     kworker/0:1-683     [000] d..2. 24791.741762: sched_switch: prev_comm=kworker/0:1 prev_pid=683 prev_prio=120 prev_state=I ==> next_comm=swapper/0 next_pid=0 next_prio=120
          <idle>-0       [002] dNh2. 24791.742643: sched_wakeup: comm=rcu_preempt pid=17 prio=120 target_cpu=002
          <idle>-0       [002] d..2. 24791.742659: sched_switch: prev_comm=swapper/2 prev_pid=0 prev_prio=120 prev_state=R ==> next_comm=rcu_preempt next_pid=17 next_prio=120
     rcu_preempt-17      [002] d..2. 24791.742683: sched_switch: prev_comm=rcu_preempt prev_pid=17 prev_prio=120 prev_state=I ==> next_comm=swapper/2 next_pid=0 next_prio=120
          <idle>-0       [002] dNh2. 24791.746616: sched_wakeup: comm=rcu_preempt pid=17 prio=120 target_cpu=002
          <idle>-0       [002] d..2. 24791.746627: sched_switch: prev_comm=swapper/2 prev_pid=0 prev_prio=120 prev_state=R ==> next_comm=rcu_preempt next_pid=17 next_prio=120
     rcu_preempt-17      [002] d..2. 24791.746660: sched_switch: prev_comm=rcu_preempt prev_pid=17 prev_prio=120 prev_state=I ==> next_comm=swapper/2 next_pid=0 next_prio=120
          <idle>-0       [002] dNh2. 24791.750704: sched_wakeup: comm=rcu_preempt pid=17 prio=120 target_cpu=002
          <idle>-0       [002] d..2. 24791.750726: sched_switch: prev_comm=swapper/2 prev_pid=0 prev_prio=120 prev_state=R ==> next_comm=rcu_preempt next_pid=17 next_prio=120
     rcu_preempt-17      [002] d..2. 24791.750768: sched_switch: prev_comm=rcu_preempt prev_pid=17 prev_prio=120 prev_state=I ==> next_comm=swapper/2 next_pid=0 next_prio=120
          <idle>-0       [000] dNs4. 24791.953191: sched_wakeup: comm=kcompactd0 pid=44 prio=120 target_cpu=000
          <idle>-0       [000] dNs5. 24791.953333: sched_wakeup: comm=kworker/0:1 pid=683 prio=120 target_cpu=000
          <idle>-0       [000] d..2. 24791.954007: sched_switch: prev_comm=swapper/0 prev_pid=0 prev_prio=120 prev_state=R ==> next_comm=kcompactd0 next_pid=44 next_prio=120
      kcompactd0-44      [000] d..2. 24791.954298: sched_switch: prev_comm=kcompactd0 prev_pid=44 prev_prio=120 prev_state=S ==> next_comm=kworker/0:1 next_pid=683 next_prio=120
          <idle>-0       [003] dNh2. 24791.955274: sched_wakeup: comm=kworker/3:2 pid=688 prio=120 target_cpu=003
          <idle>-0       [003] d..2. 24791.955828: sched_switch: prev_comm=swapper/3 prev_pid=0 prev_prio=120 prev_state=R ==> next_comm=kworker/3:2 next_pid=688 next_prio=120
     kworker/0:1-683     [000] d..2. 24791.958412: sched_switch: prev_comm=kworker/0:1 prev_pid=683 prev_prio=120 prev_state=I ==> next_comm=swapper/0 next_pid=0 next_prio=120
     kworker/3:2-688     [003] d..2. 24791.960514: sched_switch: prev_comm=kworker/3:2 prev_pid=688 prev_prio=120 prev_state=I ==> next_comm=swapper/3 next_pid=0 next_prio=120
          <idle>-0       [002] dNh6. 24792.322487: sched_wakeup: comm=kworker/2:0 pid=632 prio=120 target_cpu=002
          <idle>-0       [002] d..2. 24792.322953: sched_switch: prev_comm=swapper/2 prev_pid=0 prev_prio=120 prev_state=R ==> next_comm=kworker/2:0 next_pid=632 next_prio=120
     kworker/2:0-632     [002] d..2. 24792.323412: sched_switch: prev_comm=kworker/2:0 prev_pid=632 prev_prio=120 prev_state=I ==> next_comm=swapper/2 next_pid=0 next_prio=120
          <idle>-0       [000] dNh2. 24792.457928: sched_wakeup: comm=kcompactd0 pid=44 prio=120 target_cpu=000
