     kworker/0:1-9       [000] d..2.  3724.753134: sched_switch: prev_comm=kworker/0:1 prev_pid=9 prev_prio=120 prev_state=I ==> next_comm=swapper/0 next_pid=0 next_prio=120
          <idle>-0       [002] dNs5.  3724.753200: sched_wakeup: comm=kworker/2:2 pid=260 prio=120 target_cpu=002
          <idle>-0       [002] d..2.  3724.753463: sched_switch: prev_comm=swapper/2 prev_pid=0 prev_prio=120 prev_state=R ==> next_comm=kworker/2:2 next_pid=260 next_prio=120
     kworker/2:2-260     [002] d..2.  3724.753911: sched_switch: prev_comm=kworker/2:2 prev_pid=260 prev_prio=120 prev_state=I ==> next_comm=swapper/2 next_pid=0 next_prio=120
          <idle>-0       [003] dNh2.  3725.100217: sched_wakeup: comm=sshd-session pid=547 prio=120 target_cpu=003
          <idle>-0       [003] d..2.  3725.100361: sched_switch: prev_comm=swapper/3 prev_pid=0 prev_prio=120 prev_state=R ==> next_comm=sshd-session next_pid=547 next_prio=120
          <idle>-0       [002] dNh2.  3725.100992: sched_wakeup: comm=kworker/u16:2 pid=43 prio=120 target_cpu=002
          <idle>-0       [002] d..2.  3725.101142: sched_switch: prev_comm=swapper/2 prev_pid=0 prev_prio=120 prev_state=R ==> next_comm=kworker/u16:2 next_pid=43 next_prio=120
          <idle>-0       [000] dNh2.  3725.101244: sched_wakeup: comm=sh pid=548 prio=120 target_cpu=000
   kworker/u16:2-43      [002] d..2.  3725.101271: sched_switch: prev_comm=kworker/u16:2 prev_pid=43 prev_prio=120 prev_state=I ==> next_comm=swapper/2 next_pid=0 next_prio=120
          <idle>-0       [000] d..2.  3725.101296: sched_switch: prev_comm=swapper/0 prev_pid=0 prev_prio=120 prev_state=R ==> next_comm=sh next_pid=548 next_prio=120
    sshd-session-547     [003] d..2.  3725.101329: sched_switch: prev_comm=sshd-session prev_pid=547 prev_prio=120 prev_state=S ==> next_comm=swapper/3 next_pid=0 next_prio=120
          <idle>-0       [002] dNh2.  3725.101514: sched_wakeup: comm=kworker/u16:2 pid=43 prio=120 target_cpu=002
          <idle>-0       [002] d..2.  3725.101542: sched_switch: prev_comm=swapper/2 prev_pid=0 prev_prio=120 prev_state=R ==> next_comm=kworker/u16:2 next_pid=43 next_prio=120
              sh-548     [000] d..2.  3725.101578: sched_switch: prev_comm=sh prev_pid=548 prev_prio=120 prev_state=S ==> next_comm=swapper/0 next_pid=0 next_prio=120
   kworker/u16:2-43      [002] d..2.  3725.101636: sched_switch: prev_comm=kworker/u16:2 prev_pid=43 prev_prio=120 prev_state=I ==> next_comm=swapper/2 next_pid=0 next_prio=120
          <idle>-0       [003] dNh2.  3725.101706: sched_wakeup: comm=sshd-session pid=547 prio=120 target_cpu=003
          <idle>-0       [003] d..2.  3725.101841: sched_switch: prev_comm=swapper/3 prev_pid=0 prev_prio=120 prev_state=R ==> next_comm=sshd-session next_pid=547 next_prio=120
    sshd-session-547     [003] d..2.  3725.102485: sched_switch: prev_comm=sshd-session prev_pid=547 prev_prio=120 prev_state=S ==> next_comm=swapper/3 next_pid=0 next_prio=120
          <idle>-0       [003] dNs5.  3725.257333: sched_wakeup: comm=kworker/3:2 pid=401 prio=120 target_cpu=003
          <idle>-0       [003] d..2.  3725.257918: sched_switch: prev_comm=swapper/3 prev_pid=0 prev_prio=120 prev_state=R ==> next_comm=kworker/3:2 next_pid=401 next_prio=120
          <idle>-0       [000] dNh2.  3725.258880: sched_wakeup: comm=kcompactd0 pid=44 prio=120 target_cpu=000
          <idle>-0       [000] d..2.  3725.259271: sched_switch: prev_comm=swapper/0 prev_pid=0 prev_prio=120 prev_state=R ==> next_comm=kcompactd0 next_pid=44 next_prio=120
      kcompactd0-44      [000] d..2.  3725.259503: sched_switch: prev_comm=kcompactd0 prev_pid=44 prev_prio=120 prev_state=S ==> next_comm=swapper/0 next_pid=0 next_prio=120
     kworker/3:2-401     [003] d..2.  3725.260610: sched_switch: prev_comm=kworker/3:2 prev_pid=401 prev_prio=120 prev_state=I ==> next_comm=swapper/3 next_pid=0 next_prio=120
          <idle>-0       [003] dNh2.  3725.311354: sched_wakeup: comm=sshd-session pid=547 prio=120 target_cpu=003
          <idle>-0       [003] d..2.  3725.311515: sched_switch: prev_comm=swapper/3 prev_pid=0 prev_prio=120 prev_state=R ==> next_comm=sshd-session next_pid=547 next_prio=120
          <idle>-0       [002] dNh2.  3725.312965: sched_wakeup: comm=kworker/u16:2 pid=43 prio=120 target_cpu=002
          <idle>-0       [002] d..2.  3725.313287: sched_switch: prev_comm=swapper/2 prev_pid=0 prev_prio=120 prev_state=R ==> next_comm=kworker/u16:2 next_pid=43 next_prio=120
    sshd-session-547     [003] d..2.  3725.313354: sched_switch: prev_comm=sshd-session prev_pid=547 prev_prio=120 prev_state=S ==> next_comm=swapper/3 next_pid=0 next_prio=120
          <idle>-0       [000] dNh2.  3725.313542: sched_wakeup: comm=sh pid=548 prio=120 target_cpu=000
   kworker/u16:2-43      [002] d..2.  3725.313594: sched_switch: prev_comm=kworker/u16:2 prev_pid=43 prev_prio=120 prev_state=I ==> next_comm=swapper/2 next_pid=0 next_prio=120
          <idle>-0       [000] d..2.  3725.313629: sched_switch: prev_comm=swapper/0 prev_pid=0 prev_prio=120 prev_state=R ==> next_comm=sh next_pid=548 next_prio=120
          <idle>-0       [002] dNh2.  3725.314141: sched_wakeup: comm=kworker/u16:2 pid=43 prio=120 target_cpu=002
          <idle>-0       [002] d..2.  3725.314235: sched_switch: prev_comm=swapper/2 prev_pid=0 prev_prio=120 prev_state=R ==> next_comm=kworker/u16:2 next_pid=43 next_prio=120
   kworker/u16:2-43      [002] d..2.  3725.314435: sched_switch: prev_comm=kworker/u16:2 prev_pid=43 prev_prio=120 prev_state=I ==> next_comm=swapper/2 next_pid=0 next_prio=120
          <idle>-0       [003] dNh2.  3725.314493: sched_wakeup: comm=sshd-session pid=547 prio=120 target_cpu=003
              sh-548     [000] d..2.  3725.314529: sched_switch: prev_comm=sh prev_pid=548 prev_prio=120 prev_state=S ==> next_comm=swapper/0 next_pid=0 next_prio=120
          <idle>-0       [003] d..2.  3725.314656: sched_switch: prev_comm=swapper/3 prev_pid=0 prev_prio=120 prev_state=R ==> next_comm=sshd-session next_pid=547 next_prio=120
    sshd-session-547     [003] d..2.  3725.315939: sched_switch: prev_comm=sshd-session prev_pid=547 prev_prio=120 prev_state=S ==> next_comm=swapper/3 next_pid=0 next_prio=120
          <idle>-0       [002] dNh4.  3725.539777: sched_wakeup: comm=a.out pid=568 prio=120 target_cpu=002
          <idle>-0       [002] d..2.  3725.540099: sched_switch: prev_comm=swapper/2 prev_pid=0 prev_prio=120 prev_state=R ==> next_comm=a.out next_pid=568 next_prio=120
           a.out-568     [002] d..6.  3725.540467: sched_wakeup: comm=kworker/2:2 pid=260 prio=120 target_cpu=002
           a.out-568     [002] d..2.  3725.540838: sched_switch: prev_comm=a.out prev_pid=568 prev_prio=120 prev_state=S ==> next_comm=kworker/2:2 next_pid=260 next_prio=120
     kworker/2:2-260     [002] d..2.  3725.543740: sched_switch: prev_comm=kworker/2:2 prev_pid=260 prev_prio=120 prev_state=I ==> next_comm=swapper/2 next_pid=0 next_prio=120
          <idle>-0       [002] dNs5.  3725.705990: sched_wakeup: comm=kworker/u16:2 pid=43 prio=120 target_cpu=002
          <idle>-0       [002] d..2.  3725.706415: sched_switch: prev_comm=swapper/2 prev_pid=0 prev_prio=120 prev_state=R ==> next_comm=kworker/u16:2 next_pid=43 next_prio=120
          <idle>-0       [000] dNs5.  3725.706430: sched_wakeup: comm=kworker/0:1 pid=9 prio=120 target_cpu=000
          <idle>-0       [000] d..2.  3725.706875: sched_switch: prev_comm=swapper/0 prev_pid=0 prev_prio=120 prev_state=R ==> next_comm=kworker/0:1 next_pid=9 next_prio=120
     kworker/0:1-9       [000] d..4.  3725.708668: sched_wakeup: comm=kworker/2:2 pid=260 prio=120 target_cpu=002
   kworker/u16:2-43      [002] d..2.  3725.709268: sched_switch: prev_comm=kworker/u16:2 prev_pid=43 prev_prio=120 prev_state=R+ ==> next_comm=kworker/2:2 next_pid=260 next_prio=120
     kworker/2:2-260     [002] d..2.  3725.709466: sched_switch: prev_comm=kworker/2:2 prev_pid=260 prev_prio=120 prev_state=I ==> next_comm=kworker/u16:2 next_pid=43 next_prio=120
     kworker/0:1-9       [000] d..2.  3725.709747: sched_switch: prev_comm=kworker/0:1 prev_pid=9 prev_prio=120 prev_state=I ==> next_comm=swapper/0 next_pid=0 next_prio=120
   kworker/u16:2-43      [002] d..2.  3725.711655: sched_switch: prev_comm=kworker/u16:2 prev_pid=43 prev_prio=120 prev_state=I ==> next_comm=swapper/2 next_pid=0 next_prio=120
          <idle>-0       [000] dNh2.  3725.761511: sched_wakeup: comm=kcompactd0 pid=44 prio=120 target_cpu=000
          <idle>-0       [000] d..2.  3725.761841: sched_switch: prev_comm=swapper/0 prev_pid=0 prev_prio=120 prev_state=R ==> next_comm=kcompactd0 next_pid=44 next_prio=120
      kcompactd0-44      [000] d..2.  3725.762098: sched_switch: prev_comm=kcompactd0 prev_pid=44 prev_prio=120 prev_state=S ==> next_comm=swapper/0 next_pid=0 next_prio=120
          <idle>-0       [002] dNH2.  3725.922148: sched_wakeup: comm=kworker/u16:2 pid=43 prio=120 target_cpu=002
          <idle>-0       [002] d..2.  3725.922424: sched_switch: prev_comm=swapper/2 prev_pid=0 prev_prio=120 prev_state=R ==> next_comm=kworker/u16:2 next_pid=43 next_prio=120
   kworker/u16:2-43      [002] d..2.  3725.922746: sched_switch: prev_comm=kworker/u16:2 prev_pid=43 prev_prio=120 prev_state=I ==> next_comm=swapper/2 next_pid=0 next_prio=120
          <idle>-0       [003] dNh2.  3725.960123: sched_wakeup: comm=sshd-session pid=547 prio=120 target_cpu=003
          <idle>-0       [003] d..2.  3725.960413: sched_switch: prev_comm=swapper/3 prev_pid=0 prev_prio=120 prev_state=R ==> next_comm=sshd-session next_pid=547 next_prio=120
    sshd-session-547     [003] d..2.  3725.961825: sched_switch: prev_comm=sshd-session prev_pid=547 prev_prio=120 prev_state=S ==> next_comm=swapper/3 next_pid=0 next_prio=120
          <idle>-0       [002] dNh2.  3725.961870: sched_wakeup: comm=kworker/u16:2 pid=43 prio=120 target_cpu=002
          <idle>-0       [002] d..2.  3725.962053: sched_switch: prev_comm=swapper/2 prev_pid=0 prev_prio=120 prev_state=R ==> next_comm=kworker/u16:2 next_pid=43 next_prio=120
   kworker/u16:2-43      [002] d..2.  3725.962222: sched_switch: prev_comm=kworker/u16:2 prev_pid=43 prev_prio=120 prev_state=I ==> next_comm=swapper/2 next_pid=0 next_prio=120
          <idle>-0       [000] dNh2.  3725.962226: sched_wakeup: comm=sh pid=548 prio=120 target_cpu=000
          <idle>-0       [000] d..2.  3725.962325: sched_switch: prev_comm=swapper/0 prev_pid=0 prev_prio=120 prev_state=R ==> next_comm=sh next_pid=548 next_prio=120
          <idle>-0       [002] dNh2.  3725.962620: sched_wakeup: comm=kworker/u16:2 pid=43 prio=120 target_cpu=002
              sh-548     [000] d..2.  3725.962666: sched_switch: prev_comm=sh prev_pid=548 prev_prio=120 prev_state=S ==> next_comm=swapper/0 next_pid=0 next_prio=120
          <idle>-0       [002] d..2.  3725.962673: sched_switch: prev_comm=swapper/2 prev_pid=0 prev_prio=120 prev_state=R ==> next_comm=kworker/u16:2 next_pid=43 next_prio=120
   kworker/u16:2-43      [002] d..2.  3725.962817: sched_switch: prev_comm=kworker/u16:2 prev_pid=43 prev_prio=120 prev_state=I ==> next_comm=swapper/2 next_pid=0 next_prio=120
          <idle>-0       [003] dNh2.  3725.962925: sched_wakeup: comm=sshd-session pid=547 prio=120 target_cpu=003
          <idle>-0       [003] d..2.  3725.963052: sched_switch: prev_comm=swapper/3 prev_pid=0 prev_prio=120 prev_state=R ==> next_comm=sshd-session next_pid=547 next_prio=120
    sshd-session-547     [003] d..2.  3725.963722: sched_switch: prev_comm=sshd-session prev_pid=547 prev_prio=120 prev_state=S ==> next_comm=swapper/3 next_pid=0 next_prio=120
          <idle>-0       [003] dNh2.  3726.085393: sched_wakeup: comm=sshd-session pid=547 prio=120 target_cpu=003
          <idle>-0       [003] d..2.  3726.085570: sched_switch: prev_comm=swapper/3 prev_pid=0 prev_prio=120 prev_state=R ==> next_comm=sshd-session next_pid=547 next_prio=120
          <idle>-0       [002] dNh2.  3726.086692: sched_wakeup: comm=kworker/u16:2 pid=43 prio=120 target_cpu=002
    sshd-session-547     [003] d..2.  3726.086775: sched_switch: prev_comm=sshd-session prev_pid=547 prev_prio=120 prev_state=S ==> next_comm=swapper/3 next_pid=0 next_prio=120
          <idle>-0       [002] d..2.  3726.086808: sched_switch: prev_comm=swapper/2 prev_pid=0 prev_prio=120 prev_state=R ==> next_comm=kworker/u16:2 next_pid=43 next_prio=120
   kworker/u16:2-43      [002] d..2.  3726.087458: sched_switch: prev_comm=kworker/u16:2 prev_pid=43 prev_prio=120 prev_state=I ==> next_comm=swapper/2 next_pid=0 next_prio=120
          <idle>-0       [000] dNh2.  3726.087463: sched_wakeup: comm=sh pid=548 prio=120 target_cpu=000
          <idle>-0       [000] d..2.  3726.087598: sched_switch: prev_comm=swapper/0 prev_pid=0 prev_prio=120 prev_state=R ==> next_comm=sh next_pid=548 next_prio=120
          <idle>-0       [002] dNh2.  3726.087906: sched_wakeup: comm=kworker/u16:2 pid=43 prio=120 target_cpu=002
          <idle>-0       [002] d..2.  3726.088144: sched_switch: prev_comm=swapper/2 prev_pid=0 prev_prio=120 prev_state=R ==> next_comm=kworker/u16:2 next_pid=43 next_prio=120
              sh-548     [000] d..2.  3726.088236: sched_switch: prev_comm=sh prev_pid=548 prev_prio=120 prev_state=S ==> next_comm=swapper/0 next_pid=0 next_prio=120
   kworker/u16:2-43      [002] d..2.  3726.088255: sched_switch: prev_comm=kworker/u16:2 prev_pid=43 prev_prio=120 prev_state=I ==> next_comm=swapper/2 next_pid=0 next_prio=120
          <idle>-0       [003] dNh2.  3726.088316: sched_wakeup: comm=sshd-session pid=547 prio=120 target_cpu=003
          <idle>-0       [003] d..2.  3726.088404: sched_switch: prev_comm=swapper/3 prev_pid=0 prev_prio=120 prev_state=R ==> next_comm=sshd-session next_pid=547 next_prio=120
    sshd-session-547     [003] d..2.  3726.089420: sched_switch: prev_comm=sshd-session prev_pid=547 prev_prio=120 prev_state=S ==> next_comm=swapper/3 next_pid=0 next_prio=120
          <idle>-0       [002] dNh6.  3726.125834: sched_wakeup: comm=kworker/2:2 pid=260 prio=120 target_cpu=002
          <idle>-0       [002] d..2.  3726.126676: sched_switch: prev_comm=swapper/2 prev_pid=0 prev_prio=120 prev_state=R ==> next_comm=kworker/2:2 next_pid=260 next_prio=120
     kworker/2:2-260     [002] d..2.  3726.127015: sched_switch: prev_comm=kworker/2:2 prev_pid=260 prev_prio=120 prev_state=I ==> next_comm=swapper/2 next_pid=0 next_prio=120
          <idle>-0       [003] dNh2.  3726.226415: sched_wakeup: comm=sshd-session pid=547 prio=120 target_cpu=003
          <idle>-0       [003] d..2.  3726.226560: sched_switch: prev_comm=swapper/3 prev_pid=0 prev_prio=120 prev_state=R ==> next_comm=sshd-session next_pid=547 next_prio=120
          <idle>-0       [002] dNh2.  3726.228191: sched_wakeup: comm=kworker/u16:2 pid=43 prio=120 target_cpu=002
          <idle>-0       [002] d..2.  3726.228328: sched_switch: prev_comm=swapper/2 prev_pid=0 prev_prio=120 prev_state=R ==> next_comm=kworker/u16:2 next_pid=43 next_prio=120
    sshd-session-547     [003] d..2.  3726.228340: sched_switch: prev_comm=sshd-session prev_pid=547 prev_prio=120 prev_state=S ==> next_comm=swapper/3 next_pid=0 next_prio=120
   kworker/u16:2-43      [002] d..2.  3726.228534: sched_switch: prev_comm=kworker/u16:2 prev_pid=43 prev_prio=120 prev_state=I ==> next_comm=swapper/2 next_pid=0 next_prio=120
          <idle>-0       [000] dNh2.  3726.228541: sched_wakeup: comm=sh pid=548 prio=120 target_cpu=000
          <idle>-0       [000] d..2.  3726.228671: sched_switch: prev_comm=swapper/0 prev_pid=0 prev_prio=120 prev_state=R ==> next_comm=sh next_pid=548 next_prio=120
          <idle>-0       [002] dNh2.  3726.228947: sched_wakeup: comm=kworker/u16:2 pid=43 prio=120 target_cpu=002
          <idle>-0       [002] d..2.  3726.229053: sched_switch: prev_comm=swapper/2 prev_pid=0 prev_prio=120 prev_state=R ==> next_comm=kworker/u16:2 next_pid=43 next_prio=120
              sh-548     [000] d..2.  3726.229376: sched_switch: prev_comm=sh prev_pid=548 prev_prio=120 prev_state=S ==> next_comm=swapper/0 next_pid=0 next_prio=120
   kworker/u16:2-43      [002] d..2.  3726.229463: sched_switch: prev_comm=kworker/u16:2 prev_pid=43 prev_prio=120 prev_state=I ==> next_comm=swapper/2 next_pid=0 next_prio=120
          <idle>-0       [003] dNh2.  3726.229580: sched_wakeup: comm=sshd-session pid=547 prio=120 target_cpu=003
          <idle>-0       [003] d..2.  3726.229672: sched_switch: prev_comm=swapper/3 prev_pid=0 prev_prio=120 prev_state=R ==> next_comm=sshd-session next_pid=547 next_prio=120
    sshd-session-547     [003] d..2.  3726.230695: sched_switch: prev_comm=sshd-session prev_pid=547 prev_prio=120 prev_state=S ==> next_comm=swapper/3 next_pid=0 next_prio=120
          <idle>-0       [000] dNh2.  3726.265795: sched_wakeup: comm=kcompactd0 pid=44 prio=120 target_cpu=000
          <idle>-0       [000] d..2.  3726.266150: sched_switch: prev_comm=swapper/0 prev_pid=0 prev_prio=120 prev_state=R ==> next_comm=kcompactd0 next_pid=44 next_prio=120
      kcompactd0-44      [000] d..2.  3726.266379: sched_switch: prev_comm=kcompactd0 prev_pid=44 prev_prio=120 prev_state=S ==> next_comm=swapper/0 next_pid=0 next_prio=120
          <idle>-0       [003] dNh2.  3726.353113: sched_wakeup: comm=sshd-session pid=547 prio=120 target_cpu=003
          <idle>-0       [003] d..2.  3726.353271: sched_switch: prev_comm=swapper/3 prev_pid=0 prev_prio=120 prev_state=R ==> next_comm=sshd-session next_pid=547 next_prio=120
          <idle>-0       [002] dNh2.  3726.354100: sched_wakeup: comm=kworker/u16:2 pid=43 prio=120 target_cpu=002
          <idle>-0       [002] d..2.  3726.354260: sched_switch: prev_comm=swapper/2 prev_pid=0 prev_prio=120 prev_state=R ==> next_comm=kworker/u16:2 next_pid=43 next_prio=120
   kworker/u16:2-43      [002] d..2.  3726.354717: sched_switch: prev_comm=kworker/u16:2 prev_pid=43 prev_prio=120 prev_state=I ==> next_comm=swapper/2 next_pid=0 next_prio=120
          <idle>-0       [000] dNh2.  3726.354774: sched_wakeup: comm=sh pid=548 prio=120 target_cpu=000
          <idle>-0       [000] d..2.  3726.354867: sched_switch: prev_comm=swapper/0 prev_pid=0 prev_prio=120 prev_state=R ==> next_comm=sh next_pid=548 next_prio=120
    sshd-session-547     [003] d..2.  3726.354922: sched_switch: prev_comm=sshd-session prev_pid=547 prev_prio=120 prev_state=S ==> next_comm=swapper/3 next_pid=0 next_prio=120
          <idle>-0       [002] dNh2.  3726.355196: sched_wakeup: comm=kworker/u16:2 pid=43 prio=120 target_cpu=002
          <idle>-0       [002] d..2.  3726.355344: sched_switch: prev_comm=swapper/2 prev_pid=0 prev_prio=120 prev_state=R ==> next_comm=kworker/u16:2 next_pid=43 next_prio=120
              sh-548     [000] d..2.  3726.355352: sched_switch: prev_comm=sh prev_pid=548 prev_prio=120 prev_state=S ==> next_comm=swapper/0 next_pid=0 next_prio=120
   kworker/u16:2-43      [002] d..2.  3726.355460: sched_switch: prev_comm=kworker/u16:2 prev_pid=43 prev_prio=120 prev_state=I ==> next_comm=swapper/2 next_pid=0 next_prio=120
          <idle>-0       [003] dNh2.  3726.355551: sched_wakeup: comm=sshd-session pid=547 prio=120 target_cpu=003
          <idle>-0       [003] d..2.  3726.356062: sched_switch: prev_comm=swapper/3 prev_pid=0 prev_prio=120 prev_state=R ==> next_comm=sshd-session next_pid=547 next_prio=120
    sshd-session-547     [003] d..2.  3726.357457: sched_switch: prev_comm=sshd-session prev_pid=547 prev_prio=120 prev_state=S ==> next_comm=swapper/3 next_pid=0 next_prio=120
          <idle>-0       [000] dNh2.  3726.770449: sched_wakeup: comm=kcompactd0 pid=44 prio=120 target_cpu=000
          <idle>-0       [000] d..2.  3726.770868: sched_switch: prev_comm=swapper/0 prev_pid=0 prev_prio=120 prev_state=R ==> next_comm=kcompactd0 next_pid=44 next_prio=120
      kcompactd0-44      [000] d..2.  3726.771206: sched_switch: prev_comm=kcompactd0 prev_pid=44 prev_prio=120 prev_state=S ==> next_comm=swapper/0 next_pid=0 next_prio=120
          <idle>-0       [000] dNs5.  3726.771659: sched_wakeup: comm=kworker/0:1 pid=9 prio=120 target_cpu=000
          <idle>-0       [000] d..2.  3726.772568: sched_switch: prev_comm=swapper/0 prev_pid=0 prev_prio=120 prev_state=R ==> next_comm=kworker/0:1 next_pid=9 next_prio=120
     kworker/0:1-9       [000] d..2.  3726.773266: sched_switch: prev_comm=kworker/0:1 prev_pid=9 prev_prio=120 prev_state=I ==> next_comm=swapper/0 next_pid=0 next_prio=120
          <idle>-0       [003] dNh2.  3727.077348: sched_wakeup: comm=sshd-session pid=547 prio=120 target_cpu=003
          <idle>-0       [003] d..2.  3727.077527: sched_switch: prev_comm=swapper/3 prev_pid=0 prev_prio=120 prev_state=R ==> next_comm=sshd-session next_pid=547 next_prio=120
          <idle>-0       [002] dNh2.  3727.078694: sched_wakeup: comm=kworker/u16:2 pid=43 prio=120 target_cpu=002
    sshd-session-547     [003] d..2.  3727.078756: sched_switch: prev_comm=sshd-session prev_pid=547 prev_prio=120 prev_state=S ==> next_comm=swapper/3 next_pid=0 next_prio=120
          <idle>-0       [002] d..2.  3727.078786: sched_switch: prev_comm=swapper/2 prev_pid=0 prev_prio=120 prev_state=R ==> next_comm=kworker/u16:2 next_pid=43 next_prio=120
   kworker/u16:2-43      [002] d.s4.  3727.079266: sched_wakeup: comm=kworker/2:2 pid=260 prio=120 target_cpu=002
   kworker/u16:2-43      [002] d..2.  3727.079391: sched_switch: prev_comm=kworker/u16:2 prev_pid=43 prev_prio=120 prev_state=I ==> next_comm=kworker/2:2 next_pid=260 next_prio=120
          <idle>-0       [000] dNh2.  3727.079404: sched_wakeup: comm=sh pid=548 prio=120 target_cpu=000
     kworker/2:2-260     [002] d..2.  3727.079475: sched_switch: prev_comm=kworker/2:2 prev_pid=260 prev_prio=120 prev_state=I ==> next_comm=swapper/2 next_pid=0 next_prio=120
          <idle>-0       [000] d..2.  3727.079477: sched_switch: prev_comm=swapper/0 prev_pid=0 prev_prio=120 prev_state=R ==> next_comm=sh next_pid=548 next_prio=120
          <idle>-0       [002] dNh2.  3727.079709: sched_wakeup: comm=kworker/u16:2 pid=43 prio=120 target_cpu=002
              sh-548     [000] d..2.  3727.079743: sched_switch: prev_comm=sh prev_pid=548 prev_prio=120 prev_state=S ==> next_comm=swapper/0 next_pid=0 next_prio=120
          <idle>-0       [002] d..2.  3727.079746: sched_switch: prev_comm=swapper/2 prev_pid=0 prev_prio=120 prev_state=R ==> next_comm=kworker/u16:2 next_pid=43 next_prio=120
   kworker/u16:2-43      [002] d..2.  3727.080053: sched_switch: prev_comm=kworker/u16:2 prev_pid=43 prev_prio=120 prev_state=I ==> next_comm=swapper/2 next_pid=0 next_prio=120
          <idle>-0       [003] dNh2.  3727.080056: sched_wakeup: comm=sshd-session pid=547 prio=120 target_cpu=003
          <idle>-0       [003] d..2.  3727.080477: sched_switch: prev_comm=swapper/3 prev_pid=0 prev_prio=120 prev_state=R ==> next_comm=sshd-session next_pid=547 next_prio=120
    sshd-session-547     [003] d..2.  3727.081283: sched_switch: prev_comm=sshd-session prev_pid=547 prev_prio=120 prev_state=S ==> next_comm=swapper/3 next_pid=0 next_prio=120
          <idle>-0       [000] dNh2.  3727.274018: sched_wakeup: comm=kcompactd0 pid=44 prio=120 target_cpu=000
          <idle>-0       [000] d..2.  3727.274365: sched_switch: prev_comm=swapper/0 prev_pid=0 prev_prio=120 prev_state=R ==> next_comm=kcompactd0 next_pid=44 next_prio=120
      kcompactd0-44      [000] d..2.  3727.275157: sched_switch: prev_comm=kcompactd0 prev_pid=44 prev_prio=120 prev_state=S ==> next_comm=swapper/0 next_pid=0 next_prio=120
          <idle>-0       [003] dNh2.  3727.299772: sched_wakeup: comm=sshd-session pid=547 prio=120 target_cpu=003
          <idle>-0       [003] d..2.  3727.300153: sched_switch: prev_comm=swapper/3 prev_pid=0 prev_prio=120 prev_state=R ==> next_comm=sshd-session next_pid=547 next_prio=120
          <idle>-0       [002] dNh2.  3727.301030: sched_wakeup: comm=kworker/u16:2 pid=43 prio=120 target_cpu=002
          <idle>-0       [002] d..2.  3727.301274: sched_switch: prev_comm=swapper/2 prev_pid=0 prev_prio=120 prev_state=R ==> next_comm=kworker/u16:2 next_pid=43 next_prio=120
          <idle>-0       [000] dN.2.  3727.301511: sched_wakeup: comm=sh pid=548 prio=120 target_cpu=000
          <idle>-0       [000] d..2.  3727.301547: sched_switch: prev_comm=swapper/0 prev_pid=0 prev_prio=120 prev_state=R ==> next_comm=sh next_pid=548 next_prio=120
   kworker/u16:2-43      [002] d..2.  3727.301559: sched_switch: prev_comm=kworker/u16:2 prev_pid=43 prev_prio=120 prev_state=I ==> next_comm=swapper/2 next_pid=0 next_prio=120
    sshd-session-547     [003] d..2.  3727.301662: sched_switch: prev_comm=sshd-session prev_pid=547 prev_prio=120 prev_state=S ==> next_comm=swapper/3 next_pid=0 next_prio=120
          <idle>-0       [002] dN.2.  3727.301799: sched_wakeup: comm=kworker/u16:2 pid=43 prio=120 target_cpu=002
          <idle>-0       [002] d..2.  3727.301825: sched_switch: prev_comm=swapper/2 prev_pid=0 prev_prio=120 prev_state=R ==> next_comm=kworker/u16:2 next_pid=43 next_prio=120
              sh-548     [000] d..2.  3727.301897: sched_switch: prev_comm=sh prev_pid=548 prev_prio=120 prev_state=S ==> next_comm=swapper/0 next_pid=0 next_prio=120
   kworker/u16:2-43      [002] d..2.  3727.302195: sched_switch: prev_comm=kworker/u16:2 prev_pid=43 prev_prio=120 prev_state=I ==> next_comm=swapper/2 next_pid=0 next_prio=120
          <idle>-0       [003] dNh2.  3727.302249: sched_wakeup: comm=sshd-session pid=547 prio=120 target_cpu=003
          <idle>-0       [003] d..2.  3727.302373: sched_switch: prev_comm=swapper/3 prev_pid=0 prev_prio=120 prev_state=R ==> next_comm=sshd-session next_pid=547 next_prio=120
    sshd-session-547     [003] d..2.  3727.303541: sched_switch: prev_comm=sshd-session prev_pid=547 prev_prio=120 prev_state=S ==> next_comm=swapper/3 next_pid=0 next_prio=120
          <idle>-0       [003] dNs5.  3727.304415: sched_wakeup: comm=kworker/3:2 pid=401 prio=120 target_cpu=003
          <idle>-0       [003] d..2.  3727.304510: sched_switch: prev_comm=swapper/3 prev_pid=0 prev_prio=120 prev_state=R ==> next_comm=kworker/3:2 next_pid=401 next_prio=120
     kworker/3:2-401     [003] d..2.  3727.304881: sched_switch: prev_comm=kworker/3:2 prev_pid=401 prev_prio=120 prev_state=I ==> next_comm=swapper/3 next_pid=0 next_prio=120
          <idle>-0       [000] dNs5.  3727.778709: sched_wakeup: comm=kworker/0:1 pid=9 prio=120 target_cpu=000
          <idle>-0       [000] dNH2.  3727.778837: sched_wakeup: comm=kcompactd0 pid=44 prio=120 target_cpu=000
          <idle>-0       [000] d..2.  3727.779265: sched_switch: prev_comm=swapper/0 prev_pid=0 prev_prio=120 prev_state=R ==> next_comm=kworker/0:1 next_pid=9 next_prio=120
     kworker/0:1-9       [000] d..2.  3727.779527: sched_switch: prev_comm=kworker/0:1 prev_pid=9 prev_prio=120 prev_state=I ==> next_comm=kcompactd0 next_pid=44 next_prio=120
      kcompactd0-44      [000] d..2.  3727.779774: sched_switch: prev_comm=kcompactd0 prev_pid=44 prev_prio=120 prev_state=S ==> next_comm=swapper/0 next_pid=0 next_prio=120
          <idle>-0       [000] dNH2.  3728.282298: sched_wakeup: comm=kcompactd0 pid=44 prio=120 target_cpu=000
          <idle>-0       [000] d..2.  3728.282838: sched_switch: prev_comm=swapper/0 prev_pid=0 prev_prio=120 prev_state=R ==> next_comm=kcompactd0 next_pid=44 next_prio=120
      kcompactd0-44      [000] d..2.  3728.283188: sched_switch: prev_comm=kcompactd0 prev_pid=44 prev_prio=120 prev_state=S ==> next_comm=swapper/0 next_pid=0 next_prio=120
          <idle>-0       [002] dNh4.  3728.541953: sched_wakeup: comm=a.out pid=568 prio=120 target_cpu=002
          <idle>-0       [002] d..2.  3728.542396: sched_switch: prev_comm=swapper/2 prev_pid=0 prev_prio=120 prev_state=R ==> next_comm=a.out next_pid=568 next_prio=120
           a.out-568     [002] dN.6.  3728.542881: sched_wakeup: comm=kworker/2:2 pid=260 prio=120 target_cpu=002
           a.out-568     [002] d..2.  3728.543815: sched_switch: prev_comm=a.out prev_pid=568 prev_prio=120 prev_state=R+ ==> next_comm=kworker/2:2 next_pid=260 next_prio=120
     kworker/2:2-260     [002] d..2.  3728.546998: sched_switch: prev_comm=kworker/2:2 prev_pid=260 prev_prio=120 prev_state=I ==> next_comm=swapper/2 next_pid=0 next_prio=120
          <idle>-0       [001] d..2.  3728.547211: sched_switch: prev_comm=swapper/1 prev_pid=0 prev_prio=120 prev_state=R ==> next_comm=a.out next_pid=568 next_prio=120
           a.out-568     [001] d..2.  3728.547441: sched_switch: prev_comm=a.out prev_pid=568 prev_prio=120 prev_state=S ==> next_comm=swapper/1 next_pid=0 next_prio=120
          <idle>-0       [003] dNh2.  3728.591325: sched_wakeup: comm=sshd-session pid=547 prio=120 target_cpu=003
          <idle>-0       [003] d..2.  3728.591366: sched_switch: prev_comm=swapper/3 prev_pid=0 prev_prio=120 prev_state=R ==> next_comm=sshd-session next_pid=547 next_prio=120
          <idle>-0       [002] dNh2.  3728.591677: sched_wakeup: comm=kworker/u16:2 pid=43 prio=120 target_cpu=002
    sshd-session-547     [003] d..2.  3728.591694: sched_switch: prev_comm=sshd-session prev_pid=547 prev_prio=120 prev_state=S ==> next_comm=swapper/3 next_pid=0 next_prio=120
          <idle>-0       [002] d..2.  3728.591720: sched_switch: prev_comm=swapper/2 prev_pid=0 prev_prio=120 prev_state=R ==> next_comm=kworker/u16:2 next_pid=43 next_prio=120
   kworker/u16:2-43      [002] d..2.  3728.591892: sched_switch: prev_comm=kworker/u16:2 prev_pid=43 prev_prio=120 prev_state=I ==> next_comm=swapper/2 next_pid=0 next_prio=120
          <idle>-0       [000] dNh2.  3728.591940: sched_wakeup: comm=sh pid=548 prio=120 target_cpu=000
          <idle>-0       [000] d..2.  3728.592020: sched_switch: prev_comm=swapper/0 prev_pid=0 prev_prio=120 prev_state=R ==> next_comm=sh next_pid=548 next_prio=120
          <idle>-0       [002] dNh2.  3728.592124: sched_wakeup: comm=kworker/u16:2 pid=43 prio=120 target_cpu=002
          <idle>-0       [002] d..2.  3728.592153: sched_switch: prev_comm=swapper/2 prev_pid=0 prev_prio=120 prev_state=R ==> next_comm=kworker/u16:2 next_pid=43 next_prio=120
   kworker/u16:2-43      [002] d..2.  3728.592196: sched_switch: prev_comm=kworker/u16:2 prev_pid=43 prev_prio=120 prev_state=I ==> next_comm=swapper/2 next_pid=0 next_prio=120
              sh-548     [000] d..2.  3728.592225: sched_switch: prev_comm=sh prev_pid=548 prev_prio=120 prev_state=S ==> next_comm=swapper/0 next_pid=0 next_prio=120
          <idle>-0       [003] dNh2.  3728.592284: sched_wakeup: comm=sshd-session pid=547 prio=120 target_cpu=003
          <idle>-0       [003] d..2.  3728.592317: sched_switch: prev_comm=swapper/3 prev_pid=0 prev_prio=120 prev_state=R ==> next_comm=sshd-session next_pid=547 next_prio=120
    sshd-session-547     [003] d..2.  3728.592763: sched_switch: prev_comm=sshd-session prev_pid=547 prev_prio=120 prev_state=S ==> next_comm=swapper/3 next_pid=0 next_prio=120
          <idle>-0       [000] dNh2.  3728.786521: sched_wakeup: comm=kcompactd0 pid=44 prio=120 target_cpu=000
          <idle>-0       [000] d..2.  3728.786925: sched_switch: prev_comm=swapper/0 prev_pid=0 prev_prio=120 prev_state=R ==> next_comm=kcompactd0 next_pid=44 next_prio=120
      kcompactd0-44      [000] d..2.  3728.787180: sched_switch: prev_comm=kcompactd0 prev_pid=44 prev_prio=120 prev_state=S ==> next_comm=swapper/0 next_pid=0 next_prio=120
          <idle>-0       [000] dNs5.  3728.787727: sched_wakeup: comm=kworker/0:1 pid=9 prio=120 target_cpu=000
          <idle>-0       [000] dNs4.  3728.788698: sched_wakeup: comm=ksoftirqd/0 pid=16 prio=120 target_cpu=000
          <idle>-0       [000] d..2.  3728.788822: sched_switch: prev_comm=swapper/0 prev_pid=0 prev_prio=120 prev_state=R ==> next_comm=ksoftirqd/0 next_pid=16 next_prio=120
     ksoftirqd/0-16      [000] d..2.  3728.790414: sched_switch: prev_comm=ksoftirqd/0 prev_pid=16 prev_prio=120 prev_state=S ==> next_comm=kworker/0:1 next_pid=9 next_prio=120
          <idle>-0       [001] dNh2.  3728.790762: sched_wakeup: comm=kworker/1:1 pid=404 prio=120 target_cpu=001
     kworker/0:1-9       [000] d..2.  3728.790823: sched_switch: prev_comm=kworker/0:1 prev_pid=9 prev_prio=120 prev_state=I ==> next_comm=swapper/0 next_pid=0 next_prio=120
          <idle>-0       [001] d..2.  3728.790999: sched_switch: prev_comm=swapper/1 prev_pid=0 prev_prio=120 prev_state=R ==> next_comm=kworker/1:1 next_pid=404 next_prio=120
     kworker/1:1-404     [001] d..2.  3728.791505: sched_switch: prev_comm=kworker/1:1 prev_pid=404 prev_prio=120 prev_state=I ==> next_comm=swapper/1 next_pid=0 next_prio=120
          <idle>-0       [003] dNh2.  3728.989049: sched_wakeup: comm=sshd-session pid=547 prio=120 target_cpu=003
          <idle>-0       [003] d..2.  3728.989105: sched_switch: prev_comm=swapper/3 prev_pid=0 prev_prio=120 prev_state=R ==> next_comm=sshd-session next_pid=547 next_prio=120
          <idle>-0       [002] dNh2.  3728.989365: sched_wakeup: comm=kworker/u16:2 pid=43 prio=120 target_cpu=002
          <idle>-0       [002] d..2.  3728.989388: sched_switch: prev_comm=swapper/2 prev_pid=0 prev_prio=120 prev_state=R ==> next_comm=kworker/u16:2 next_pid=43 next_prio=120
    sshd-session-547     [003] d..2.  3728.989409: sched_switch: prev_comm=sshd-session prev_pid=547 prev_prio=120 prev_state=S ==> next_comm=swapper/3 next_pid=0 next_prio=120
          <idle>-0       [000] dNh2.  3728.989446: sched_wakeup: comm=sh pid=548 prio=120 target_cpu=000
   kworker/u16:2-43      [002] d..2.  3728.989475: sched_switch: prev_comm=kworker/u16:2 prev_pid=43 prev_prio=120 prev_state=I ==> next_comm=swapper/2 next_pid=0 next_prio=120
          <idle>-0       [000] d..2.  3728.989539: sched_switch: prev_comm=swapper/0 prev_pid=0 prev_prio=120 prev_state=R ==> next_comm=sh next_pid=548 next_prio=120
          <idle>-0       [002] dNh2.  3728.989637: sched_wakeup: comm=kworker/u16:2 pid=43 prio=120 target_cpu=002
          <idle>-0       [002] d..2.  3728.989652: sched_switch: prev_comm=swapper/2 prev_pid=0 prev_prio=120 prev_state=R ==> next_comm=kworker/u16:2 next_pid=43 next_prio=120
              sh-548     [000] d..2.  3728.989668: sched_switch: prev_comm=sh prev_pid=548 prev_prio=120 prev_state=S ==> next_comm=swapper/0 next_pid=0 next_prio=120
   kworker/u16:2-43      [002] d..2.  3728.989717: sched_switch: prev_comm=kworker/u16:2 prev_pid=43 prev_prio=120 prev_state=I ==> next_comm=swapper/2 next_pid=0 next_prio=120
          <idle>-0       [003] dNh2.  3728.989806: sched_wakeup: comm=sshd-session pid=547 prio=120 target_cpu=003
          <idle>-0       [003] d..2.  3728.989841: sched_switch: prev_comm=swapper/3 prev_pid=0 prev_prio=120 prev_state=R ==> next_comm=sshd-session next_pid=547 next_prio=120
    sshd-session-547     [003] d..2.  3728.990171: sched_switch: prev_comm=sshd-session prev_pid=547 prev_prio=120 prev_state=S ==> next_comm=swapper/3 next_pid=0 next_prio=120
          <idle>-0       [002] dNh6.  3729.173512: sched_wakeup: comm=kworker/2:2 pid=260 prio=120 target_cpu=002
          <idle>-0       [002] d..2.  3729.173934: sched_switch: prev_comm=swapper/2 prev_pid=0 prev_prio=120 prev_state=R ==> next_comm=kworker/2:2 next_pid=260 next_prio=120
     kworker/2:2-260     [002] d..2.  3729.174864: sched_switch: prev_comm=kworker/2:2 prev_pid=260 prev_prio=120 prev_state=I ==> next_comm=swapper/2 next_pid=0 next_prio=120
          <idle>-0       [000] dNh2.  3729.289722: sched_wakeup: comm=kcompactd0 pid=44 prio=120 target_cpu=000
          <idle>-0       [000] d..2.  3729.290067: sched_switch: prev_comm=swapper/0 prev_pid=0 prev_prio=120 prev_state=R ==> next_comm=kcompactd0 next_pid=44 next_prio=120
      kcompactd0-44      [000] d..2.  3729.290379: sched_switch: prev_comm=kcompactd0 prev_pid=44 prev_prio=120 prev_state=S ==> next_comm=swapper/0 next_pid=0 next_prio=120
          <idle>-0       [001] dNs5.  3729.353616: sched_wakeup: comm=kworker/1:1 pid=404 prio=120 target_cpu=001
          <idle>-0       [001] d..2.  3729.353984: sched_switch: prev_comm=swapper/1 prev_pid=0 prev_prio=120 prev_state=R ==> next_comm=kworker/1:1 next_pid=404 next_prio=120
     kworker/1:1-404     [001] d..2.  3729.355087: sched_switch: prev_comm=kworker/1:1 prev_pid=404 prev_prio=120 prev_state=I ==> next_comm=swapper/1 next_pid=0 next_prio=120
          <idle>-0       [003] dNh2.  3729.420340: sched_wakeup: comm=sshd-session pid=547 prio=120 target_cpu=003
          <idle>-0       [003] d..2.  3729.420530: sched_switch: prev_comm=swapper/3 prev_pid=0 prev_prio=120 prev_state=R ==> next_comm=sshd-session next_pid=547 next_prio=120
          <idle>-0       [002] dNh2.  3729.422255: sched_wakeup: comm=kworker/u16:2 pid=43 prio=120 target_cpu=002
          <idle>-0       [002] d..2.  3729.422447: sched_switch: prev_comm=swapper/2 prev_pid=0 prev_prio=120 prev_state=R ==> next_comm=kworker/u16:2 next_pid=43 next_prio=120
    sshd-session-547     [003] d..2.  3729.422649: sched_switch: prev_comm=sshd-session prev_pid=547 prev_prio=120 prev_state=S ==> next_comm=swapper/3 next_pid=0 next_prio=120
          <idle>-0       [000] dNh2.  3729.423092: sched_wakeup: comm=sh pid=548 prio=120 target_cpu=000
   kworker/u16:2-43      [002] d..2.  3729.423331: sched_switch: prev_comm=kworker/u16:2 prev_pid=43 prev_prio=120 prev_state=I ==> next_comm=swapper/2 next_pid=0 next_prio=120
          <idle>-0       [000] d..2.  3729.423562: sched_switch: prev_comm=swapper/0 prev_pid=0 prev_prio=120 prev_state=R ==> next_comm=sh next_pid=548 next_prio=120
              sh-548     [000] d..2.  3729.423895: sched_switch: prev_comm=sh prev_pid=548 prev_prio=120 prev_state=S ==> next_comm=swapper/0 next_pid=0 next_prio=120
          <idle>-0       [002] dNh2.  3729.424446: sched_wakeup: comm=kworker/u16:2 pid=43 prio=120 target_cpu=002
          <idle>-0       [002] d..2.  3729.424676: sched_switch: prev_comm=swapper/2 prev_pid=0 prev_prio=120 prev_state=R ==> next_comm=kworker/u16:2 next_pid=43 next_prio=120
   kworker/u16:2-43      [002] d..2.  3729.424967: sched_switch: prev_comm=kworker/u16:2 prev_pid=43 prev_prio=120 prev_state=I ==> next_comm=swapper/2 next_pid=0 next_prio=120
          <idle>-0       [003] dNh2.  3729.425358: sched_wakeup: comm=sshd-session pid=547 prio=120 target_cpu=003
          <idle>-0       [003] d..2.  3729.425640: sched_switch: prev_comm=swapper/3 prev_pid=0 prev_prio=120 prev_state=R ==> next_comm=sshd-session next_pid=547 next_prio=120
    sshd-session-547     [003] d..2.  3729.426968: sched_switch: prev_comm=sshd-session prev_pid=547 prev_prio=120 prev_state=S ==> next_comm=swapper/3 next_pid=0 next_prio=120
          <idle>-0       [001] dNs5.  3729.794001: sched_wakeup: comm=kworker/1:1 pid=404 prio=120 target_cpu=001
          <idle>-0       [001] d..2.  3729.794984: sched_switch: prev_comm=swapper/1 prev_pid=0 prev_prio=120 prev_state=R ==> next_comm=kworker/1:1 next_pid=404 next_prio=120
     kworker/1:1-404     [001] d..2.  3729.795217: sched_switch: prev_comm=kworker/1:1 prev_pid=404 prev_prio=120 prev_state=I ==> next_comm=swapper/1 next_pid=0 next_prio=120
          <idle>-0       [000] dNh2.  3729.795548: sched_wakeup: comm=kcompactd0 pid=44 prio=120 target_cpu=000
          <idle>-0       [000] dNs5.  3729.796199: sched_wakeup: comm=kworker/0:1 pid=9 prio=120 target_cpu=000
          <idle>-0       [000] d..2.  3729.797150: sched_switch: prev_comm=swapper/0 prev_pid=0 prev_prio=120 prev_state=R ==> next_comm=kworker/0:1 next_pid=9 next_prio=120
     kworker/0:1-9       [000] d..2.  3729.797444: sched_switch: prev_comm=kworker/0:1 prev_pid=9 prev_prio=120 prev_state=I ==> next_comm=kcompactd0 next_pid=44 next_prio=120
      kcompactd0-44      [000] d..2.  3729.797694: sched_switch: prev_comm=kcompactd0 prev_pid=44 prev_prio=120 prev_state=S ==> next_comm=swapper/0 next_pid=0 next_prio=120
          <idle>-0       [003] dNh2.  3730.245313: sched_wakeup: comm=sshd-session pid=547 prio=120 target_cpu=003
          <idle>-0       [003] d..2.  3730.245368: sched_switch: prev_comm=swapper/3 prev_pid=0 prev_prio=120 prev_state=R ==> next_comm=sshd-session next_pid=547 next_prio=120
    sshd-session-547     [003] d..2.  3730.245680: sched_switch: prev_comm=sshd-session prev_pid=547 prev_prio=120 prev_state=S ==> next_comm=swapper/3 next_pid=0 next_prio=120
          <idle>-0       [002] dNh2.  3730.245727: sched_wakeup: comm=kworker/u16:2 pid=43 prio=120 target_cpu=002
          <idle>-0       [002] d..2.  3730.245770: sched_switch: prev_comm=swapper/2 prev_pid=0 prev_prio=120 prev_state=R ==> next_comm=kworker/u16:2 next_pid=43 next_prio=120
          <idle>-0       [000] dNh2.  3730.245860: sched_wakeup: comm=sh pid=548 prio=120 target_cpu=000
   kworker/u16:2-43      [002] d.s4.  3730.245934: sched_wakeup: comm=kworker/2:2 pid=260 prio=120 target_cpu=002
   kworker/u16:2-43      [002] d..2.  3730.245978: sched_switch: prev_comm=kworker/u16:2 prev_pid=43 prev_prio=120 prev_state=I ==> next_comm=kworker/2:2 next_pid=260 next_prio=120
     kworker/2:2-260     [002] d..2.  3730.246023: sched_switch: prev_comm=kworker/2:2 prev_pid=260 prev_prio=120 prev_state=I ==> next_comm=swapper/2 next_pid=0 next_prio=120
          <idle>-0       [000] d..2.  3730.246026: sched_switch: prev_comm=swapper/0 prev_pid=0 prev_prio=120 prev_state=R ==> next_comm=sh next_pid=548 next_prio=120
          <idle>-0       [002] dNh2.  3730.246199: sched_wakeup: comm=kworker/u16:2 pid=43 prio=120 target_cpu=002
          <idle>-0       [002] d..2.  3730.246241: sched_switch: prev_comm=swapper/2 prev_pid=0 prev_prio=120 prev_state=R ==> next_comm=kworker/u16:2 next_pid=43 next_prio=120
   kworker/u16:2-43      [002] d..2.  3730.246289: sched_switch: prev_comm=kworker/u16:2 prev_pid=43 prev_prio=120 prev_state=I ==> next_comm=swapper/2 next_pid=0 next_prio=120
          <idle>-0       [003] dNh2.  3730.246295: sched_wakeup: comm=sshd-session pid=547 prio=120 target_cpu=003
          <idle>-0       [003] d..2.  3730.246338: sched_switch: prev_comm=swapper/3 prev_pid=0 prev_prio=120 prev_state=R ==> next_comm=sshd-session next_pid=547 next_prio=120
    sshd-session-547     [003] d..2.  3730.246634: sched_switch: prev_comm=sshd-session prev_pid=547 prev_prio=120 prev_state=S ==> next_comm=swapper/3 next_pid=0 next_prio=120
          <idle>-0       [001] dNh2.  3730.246818: sched_wakeup: comm=a.out pid=568 prio=120 target_cpu=001
          <idle>-0       [001] d..2.  3730.246862: sched_switch: prev_comm=swapper/1 prev_pid=0 prev_prio=120 prev_state=R ==> next_comm=a.out next_pid=568 next_prio=120
           a.out-568     [001] .....  3730.246892: do_exit+0x4/0xb20 <-do_group_exit+0x30/0x80
           a.out-568     [001] .....  3730.246938: <stack trace>
 => [FTRACE TRAMPOLINE]
 => do_exit+0x9/0xb20
 => do_group_exit+0x30/0x80
 => get_signal+0x918/0x940
 => arch_do_signal_or_restart+0x2e/0x220
 => syscall_exit_to_user_mode+0xd0/0x160
 => do_syscall_64+0xbf/0x1d0
 => entry_SYSCALL_64_after_hwframe+0x77/0x7f
          <idle>-0       [002] dNh2.  3730.247107: sched_wakeup: comm=kworker/u16:2 pid=43 prio=120 target_cpu=002
              sh-548     [000] d..2.  3730.247153: sched_switch: prev_comm=sh prev_pid=548 prev_prio=120 prev_state=S ==> next_comm=swapper/0 next_pid=0 next_prio=120
          <idle>-0       [002] d..2.  3730.247208: sched_switch: prev_comm=swapper/2 prev_pid=0 prev_prio=120 prev_state=R ==> next_comm=kworker/u16:2 next_pid=43 next_prio=120
          <idle>-0       [003] dNh2.  3730.247273: sched_wakeup: comm=sshd-session pid=547 prio=120 target_cpu=003
          <idle>-0       [003] d..2.  3730.247290: sched_switch: prev_comm=swapper/3 prev_pid=0 prev_prio=120 prev_state=R ==> next_comm=sshd-session next_pid=547 next_prio=120
   kworker/u16:2-43      [002] d..2.  3730.247323: sched_switch: prev_comm=kworker/u16:2 prev_pid=43 prev_prio=120 prev_state=I ==> next_comm=swapper/2 next_pid=0 next_prio=120
           a.out-568     [001] .....  3730.247364: sched_process_exit: comm=a.out pid=568 prio=120
    sshd-session-547     [003] d..2.  3730.247590: sched_switch: prev_comm=sshd-session prev_pid=547 prev_prio=120 prev_state=S ==> next_comm=swapper/3 next_pid=0 next_prio=120
          <idle>-0       [000] dNH2.  3730.247678: sched_wakeup: comm=sh pid=148 prio=120 target_cpu=000
           a.out-568     [001] d..2.  3730.247731: sched_switch: prev_comm=a.out prev_pid=568 prev_prio=120 prev_state=Z ==> next_comm=swapper/1 next_pid=0 next_prio=120
          <idle>-0       [000] d..2.  3730.247758: sched_switch: prev_comm=swapper/0 prev_pid=0 prev_prio=120 prev_state=R ==> next_comm=sh next_pid=148 next_prio=120
          <idle>-0       [003] dNh2.  3730.248158: sched_wakeup: comm=rcu_preempt pid=17 prio=120 target_cpu=003
          <idle>-0       [003] d..2.  3730.248187: sched_switch: prev_comm=swapper/3 prev_pid=0 prev_prio=120 prev_state=R ==> next_comm=rcu_preempt next_pid=17 next_prio=120
     rcu_preempt-17      [003] d..2.  3730.248221: sched_switch: prev_comm=rcu_preempt prev_pid=17 prev_prio=120 prev_state=I ==> next_comm=swapper/3 next_pid=0 next_prio=120
              sh-148     [000] d..6.  3730.248298: sched_wakeup: comm=kworker/0:1 pid=9 prio=120 target_cpu=000
              sh-148     [000] d..2.  3730.248769: sched_switch: prev_comm=sh prev_pid=148 prev_prio=120 prev_state=S ==> next_comm=kworker/0:1 next_pid=9 next_prio=120
     kworker/0:1-9       [000] d..2.  3730.249036: sched_switch: prev_comm=kworker/0:1 prev_pid=9 prev_prio=120 prev_state=I ==> next_comm=swapper/0 next_pid=0 next_prio=120
          <idle>-0       [003] dNh2.  3730.251906: sched_wakeup: comm=rcu_preempt pid=17 prio=120 target_cpu=003
          <idle>-0       [003] d..2.  3730.251937: sched_switch: prev_comm=swapper/3 prev_pid=0 prev_prio=120 prev_state=R ==> next_comm=rcu_preempt next_pid=17 next_prio=120
     rcu_preempt-17      [003] d..2.  3730.251978: sched_switch: prev_comm=rcu_preempt prev_pid=17 prev_prio=120 prev_state=I ==> next_comm=swapper/3 next_pid=0 next_prio=120
          <idle>-0       [001] dNs5.  3730.252889: sched_wakeup: comm=kworker/1:1 pid=404 prio=120 target_cpu=001
          <idle>-0       [001] d..2.  3730.252909: sched_switch: prev_comm=swapper/1 prev_pid=0 prev_prio=120 prev_state=R ==> next_comm=kworker/1:1 next_pid=404 next_prio=120
     kworker/1:1-404     [001] d..2.  3730.252957: sched_switch: prev_comm=kworker/1:1 prev_pid=404 prev_prio=120 prev_state=I ==> next_comm=swapper/1 next_pid=0 next_prio=120
          <idle>-0       [003] dNh2.  3730.255883: sched_wakeup: comm=rcu_preempt pid=17 prio=120 target_cpu=003
          <idle>-0       [003] d..2.  3730.255911: sched_switch: prev_comm=swapper/3 prev_pid=0 prev_prio=120 prev_state=R ==> next_comm=rcu_preempt next_pid=17 next_prio=120
     rcu_preempt-17      [003] d..2.  3730.255933: sched_switch: prev_comm=rcu_preempt prev_pid=17 prev_prio=120 prev_state=I ==> next_comm=swapper/3 next_pid=0 next_prio=120
          <idle>-0       [003] dNh2.  3730.259846: sched_wakeup: comm=rcu_preempt pid=17 prio=120 target_cpu=003
          <idle>-0       [003] d..2.  3730.259873: sched_switch: prev_comm=swapper/3 prev_pid=0 prev_prio=120 prev_state=R ==> next_comm=rcu_preempt next_pid=17 next_prio=120
     rcu_preempt-17      [003] d..2.  3730.259902: sched_switch: prev_comm=rcu_preempt prev_pid=17 prev_prio=120 prev_state=I ==> next_comm=swapper/3 next_pid=0 next_prio=120
          <idle>-0       [003] dNh2.  3730.261853: sched_wakeup: comm=rcu_preempt pid=17 prio=120 target_cpu=003
          <idle>-0       [003] d..2.  3730.261877: sched_switch: prev_comm=swapper/3 prev_pid=0 prev_prio=120 prev_state=R ==> next_comm=rcu_preempt next_pid=17 next_prio=120
     rcu_preempt-17      [003] d..2.  3730.261897: sched_switch: prev_comm=rcu_preempt prev_pid=17 prev_prio=120 prev_state=I ==> next_comm=swapper/3 next_pid=0 next_prio=120
          <idle>-0       [003] dNh2.  3730.265980: sched_wakeup: comm=rcu_preempt pid=17 prio=120 target_cpu=003
          <idle>-0       [003] d..2.  3730.266009: sched_switch: prev_comm=swapper/3 prev_pid=0 prev_prio=120 prev_state=R ==> next_comm=rcu_preempt next_pid=17 next_prio=120
     rcu_preempt-17      [003] d..2.  3730.266031: sched_switch: prev_comm=rcu_preempt prev_pid=17 prev_prio=120 prev_state=I ==> next_comm=swapper/3 next_pid=0 next_prio=120
          <idle>-0       [003] dNh2.  3730.269856: sched_wakeup: comm=rcu_preempt pid=17 prio=120 target_cpu=003
          <idle>-0       [003] d..2.  3730.269879: sched_switch: prev_comm=swapper/3 prev_pid=0 prev_prio=120 prev_state=R ==> next_comm=rcu_preempt next_pid=17 next_prio=120
     rcu_preempt-17      [003] d..2.  3730.269899: sched_switch: prev_comm=rcu_preempt prev_pid=17 prev_prio=120 prev_state=I ==> next_comm=swapper/3 next_pid=0 next_prio=120
          <idle>-0       [000] dNs4.  3730.305043: sched_wakeup: comm=kcompactd0 pid=44 prio=120 target_cpu=000
          <idle>-0       [000] d..2.  3730.305553: sched_switch: prev_comm=swapper/0 prev_pid=0 prev_prio=120 prev_state=R ==> next_comm=kcompactd0 next_pid=44 next_prio=120
      kcompactd0-44      [000] d..2.  3730.305908: sched_switch: prev_comm=kcompactd0 prev_pid=44 prev_prio=120 prev_state=S ==> next_comm=swapper/0 next_pid=0 next_prio=120
          <idle>-0       [000] dNh6.  3730.809186: sched_wakeup: comm=kworker/0:1 pid=9 prio=120 target_cpu=000
          <idle>-0       [000] d..2.  3730.809769: sched_switch: prev_comm=swapper/0 prev_pid=0 prev_prio=120 prev_state=R ==> next_comm=kworker/0:1 next_pid=9 next_prio=120
          <idle>-0       [003] dNH2.  3730.811271: sched_wakeup: comm=kcompactd0 pid=44 prio=120 target_cpu=003
          <idle>-0       [001] dNh2.  3730.811339: sched_wakeup: comm=kworker/1:1 pid=404 prio=120 target_cpu=001
          <idle>-0       [003] d..2.  3730.811694: sched_switch: prev_comm=swapper/3 prev_pid=0 prev_prio=120 prev_state=R ==> next_comm=kcompactd0 next_pid=44 next_prio=120
